Archive member included because of file (symbol)

c:/devkitPro/tonc-code/code/tonclib/lib\libtonc.a(tonc_input.o)
                              Mapping.o (__key_prev)
c:/devkitPro/tonc-code/code/tonclib/lib\libtonc.a(tonc_irq.o)
                              main.o (irq_init)
c:/devkitPro/tonc-code/code/tonclib/lib\libtonc.a(tte_init_chr4c.o)
                              TextFunctions.o (tte_init_chr4c)
c:/devkitPro/tonc-code/code/tonclib/lib\libtonc.a(tte_iohook.o)
                              TextFunctions.o (tte_init_con)
c:/devkitPro/tonc-code/code/tonclib/lib\libtonc.a(tte_main.o)
                              c:/devkitPro/tonc-code/code/tonclib/lib\libtonc.a(tte_init_chr4c.o) (tte_init_base)
c:/devkitPro/tonc-code/code/tonclib/lib\libtonc.a(tonc_bios.o)
                              main.o (VBlankIntrWait)
c:/devkitPro/tonc-code/code/tonclib/lib\libtonc.a(tonc_bios_ex.o)
                              c:/devkitPro/tonc-code/code/tonclib/lib\libtonc.a(tte_main.o) (VBlankIntrDelay)
c:/devkitPro/tonc-code/code/tonclib/lib\libtonc.a(tonc_isr_master.o)
                              c:/devkitPro/tonc-code/code/tonclib/lib\libtonc.a(tonc_irq.o) (isr_master)
c:/devkitPro/tonc-code/code/tonclib/lib\libtonc.a(tonc_memcpy.o)
                              Mapping.o (memcpy32)
c:/devkitPro/tonc-code/code/tonclib/lib\libtonc.a(tonc_memset.o)
                              GBPSoundsEngine.o (memset32)
c:/devkitPro/tonc-code/code/tonclib/lib\libtonc.a(tonc_nocash.o)
                              c:/devkitPro/tonc-code/code/tonclib/lib\libtonc.a(tte_iohook.o) (nocash_message)
c:/devkitPro/tonc-code/code/tonclib/lib\libtonc.a(sys8.o)
                              c:/devkitPro/tonc-code/code/tonclib/lib\libtonc.a(tte_main.o) (sys8Font)
c:/devkitPro/tonc-code/code/tonclib/lib\libtonc.a(verdana9.o)
                              c:/devkitPro/tonc-code/code/tonclib/lib\libtonc.a(tte_init_chr4c.o) (verdana9Font)
c:/devkitPro/tonc-code/code/tonclib/lib\libtonc.a(chr4c_drawg_b4cts_fast.o)
                              TextFunctions.o (chr4c_drawg_b4cts_fast)
c:/devkitPro/tonc-code/code/tonclib/lib\libtonc.a(tonc_schr4c.o)
                              c:/devkitPro/tonc-code/code/tonclib/lib\libtonc.a(tte_init_chr4c.o) (schr4c_rect)
c:/devkitPro/tonc-code/code/tonclib/lib\libtonc.a(tonc_surface.o)
                              c:/devkitPro/tonc-code/code/tonclib/lib\libtonc.a(tte_init_chr4c.o) (srf_init)
c:/devkitPro/tonc-code/code/tonclib/lib\libtonc.a(chr4c_drawg_b1cts.o)
                              c:/devkitPro/tonc-code/code/tonclib/lib\libtonc.a(tte_init_chr4c.o) (chr4c_drawg_b1cts)
c:/devkitpro/devkitarm/bin/../lib/gcc/arm-none-eabi/4.7.1/thumb\libgcc.a(_udivsi3.o)
                              Maths.o (__aeabi_uidivmod)
c:/devkitpro/devkitarm/bin/../lib/gcc/arm-none-eabi/4.7.1/thumb\libgcc.a(_divsi3.o)
                              c:/devkitPro/tonc-code/code/tonclib/lib\libtonc.a(tte_iohook.o) (__aeabi_idiv)
c:/devkitpro/devkitarm/bin/../lib/gcc/arm-none-eabi/4.7.1/thumb\libgcc.a(_dvmd_tls.o)
                              c:/devkitpro/devkitarm/bin/../lib/gcc/arm-none-eabi/4.7.1/thumb\libgcc.a(_udivsi3.o) (__aeabi_idiv0)
c:/devkitpro/devkitarm/bin/../lib/gcc/arm-none-eabi/4.7.1/../../../../arm-none-eabi/lib/thumb\libc.a(lib_a-ctype_.o)
                              c:/devkitPro/tonc-code/code/tonclib/lib\libtonc.a(tte_main.o) (__ctype_ptr__)
c:/devkitpro/devkitarm/bin/../lib/gcc/arm-none-eabi/4.7.1/../../../../arm-none-eabi/lib/thumb\libc.a(lib_a-impure.o)
                              c:/devkitPro/tonc-code/code/tonclib/lib\libtonc.a(tte_iohook.o) (_impure_ptr)
c:/devkitpro/devkitarm/bin/../lib/gcc/arm-none-eabi/4.7.1/../../../../arm-none-eabi/lib/thumb\libc.a(lib_a-init.o)
                              c:/devkitpro/devkitarm/bin/../lib/gcc/arm-none-eabi/4.7.1/../../../../arm-none-eabi/lib/thumb/gba_crt0.o (__libc_init_array)
c:/devkitpro/devkitarm/bin/../lib/gcc/arm-none-eabi/4.7.1/../../../../arm-none-eabi/lib/thumb\libc.a(lib_a-iprintf.o)
                              TextFunctions.o (iprintf)
c:/devkitpro/devkitarm/bin/../lib/gcc/arm-none-eabi/4.7.1/../../../../arm-none-eabi/lib/thumb\libc.a(lib_a-memcpy-stub.o)
                              M4_Player.o (memcpy)
c:/devkitpro/devkitarm/bin/../lib/gcc/arm-none-eabi/4.7.1/../../../../arm-none-eabi/lib/thumb\libc.a(lib_a-memset.o)
                              c:/devkitPro/tonc-code/code/tonclib/lib\libtonc.a(tte_main.o) (memset)
c:/devkitpro/devkitarm/bin/../lib/gcc/arm-none-eabi/4.7.1/../../../../arm-none-eabi/lib/thumb\libc.a(lib_a-setvbuf.o)
                              c:/devkitPro/tonc-code/code/tonclib/lib\libtonc.a(tte_iohook.o) (setvbuf)
c:/devkitpro/devkitarm/bin/../lib/gcc/arm-none-eabi/4.7.1/../../../../arm-none-eabi/lib/thumb\libc.a(lib_a-siscanf.o)
                              c:/devkitPro/tonc-code/code/tonclib/lib\libtonc.a(tte_iohook.o) (siscanf)
[...]
Memory Configuration

Name             Origin             Length             Attributes
rom              0x08000000         0x02000000
iwram            0x03000000         0x00008000
ewram            0x02000000         0x00040000
*default*        0x00000000         0xffffffff

Linker script and memory map

                0x08000000                __text_start = ORIGIN (rom)
                0x02040000                __eheap_end = (ORIGIN (ewram) + 0x40000)
                0x03000000                __iwram_start = ORIGIN (iwram)
                0x03008000                __iwram_top = (ORIGIN (iwram) + 0x8000)
                0x03007fa0                __sp_irq = (__iwram_top - 0x60)
                0x03007f00                __sp_usr = (__sp_irq - 0xa0)
                0x03007ff8                __irq_flags = 0x3007ff8
                0x08000000                . = __text_start

.init           0x08000000      0x21c
 *(.init)
 .init          0x08000000      0x210 c:/devkitpro/devkitarm/bin/../lib/gcc/arm-none-eabi/4.7.1/../../../../arm-none-eabi/lib/thumb/gba_crt0.o
                0x08000000                _start
                0x080000c4                __boot_method
                0x080000c5                __slave_number
                0x080000e0                start_vector
 .init          0x08000210        0x4 c:/devkitpro/devkitarm/bin/../lib/gcc/arm-none-eabi/4.7.1/thumb/crti.o
                0x08000210                _init
 .init          0x08000214        0x8 c:/devkitpro/devkitarm/bin/../lib/gcc/arm-none-eabi/4.7.1/thumb/crtn.o
                0x0800021c                . = ALIGN (0x4)

.plt            0x0800021c        0x0
 *(.plt)
                0x0800021c                . = ALIGN (0x4)

.text           0x08000220    0x15118
 *(EXCLUDE_FILE(*.iwram*) .text)
 .text          0x08000220        0x0 c:/devkitpro/devkitarm/bin/../lib/gcc/arm-none-eabi/4.7.1/../../../../arm-none-eabi/lib/thumb/gba_crt0.o
 .text          0x08000220        0x0 c:/devkitpro/devkitarm/bin/../lib/gcc/arm-none-eabi/4.7.1/thumb/crti.o
 .text          0x08000220       0xd0 c:/devkitpro/devkitarm/bin/../lib/gcc/arm-none-eabi/4.7.1/thumb/crtbegin.o
 .text          0x080002f0      0x148 main.o
                0x080002f0                FadeToBlackPreGameStart
                0x08000318                StartTimer
                0x08000398                StoreTextIntoBuffer
                0x080003cc                SetPlayerName
 .text          0x08000438        0x0 M4SongTable.o
 .text          0x08000438        0x0 M4_Data.o
 .text          0x08000438        0x0 Maps.o
 .text          0x08000438        0x0 MemoryLocations.o
 .text          0x08000438        0x0 MusicData.o
 .text          0x08000438        0x0 OverworldSprites.o
 .text          0x08000438        0x0 PokemonBaseData.o
 .text          0x08000438        0x0 Text.o
 .text          0x08000438       0x98 Battles.o
                0x08000438                ChangeBattleDamageLocation
                0x08000450                ApplyTypeBasedModifiers
 .text          0x080004d0      0x1b4 CallbackSystem.o
                0x080004d0                AddFunction
                0x08000554                RemoveFunctionByID
                0x08000578                RemoveFunctionByPointer
                0x080005f8                RunCallbackSystem
 .text          0x08000684      0x178 Flags.o
                0x08000684                FlagDecryption
                0x08000698                GetSeenCaughtStatus
                0x080006f4                GenericCheckFlag
                0x0800071c                CheckFlag
                0x0800074c                GenericSetFlag
                0x08000774                SetFlag
                0x080007a4                GenericClearFlag
                0x080007cc                ClearFlag
 .text          0x080007fc     0x1ba4 GBPSoundsEngine.o
                0x080008ac                ClearMusicPlaybackData
                0x080008d8                CalculateLengthOfTone
                0x080008e8                CalculateTonePitchFromMidiNumber
                0x08000940                CalculateWavePitchFromMidiNumber
                0x0800096c                ExecuteToneModifications
                0x08000ab0                ExecuteWaveModifications
                0x08000b78                WriteNoisePattern
                0x08000bd0                ExecuteNoiseModifications
                0x08000ca4                NullifyHardware
                0x08000d74                StopPlayback
                0x08000db4                PausePlayback
                0x08000dc0                ResumePlayback
                0x08000dcc                SetupSongForPlayback
                0x08000e28                SetupFanfareForPlayback
                0x08000e4c                U16LittleEndianToBigEndian
                0x08000e58                ExecuteCommandsTone
                0x08001168                SwitchWavePattern
                0x080011a0                ExecuteCommandsWave
                0x080013e0                ExecuteCommandsNoise
                0x080014b8                GetModulationPitchAndUpdateData
                0x08001540                ModulateToneTrack
                0x08001668                ResetToneModulationArpeggiationCounters
                0x080016d4                ModulateWaveTrack
                0x080017a8                ArpeggiateToneTrack
                0x0800182c                UpdateCurrentlyPlayingSong
                0x08001d8c                InitialiseGBPSoundsEngine
                0x08001e00                ClearGBPData
                0x08001ea8                PutTrackDataIntoIWRAMAndStartPlayback
                0x08002098                StartNewSongImmediately
                0x080020b4                StartNewFanfareImmediately
                0x080020d0                FadeSong
                0x08002178                FadeSongOut
                0x08002244                FadeSongIn
                0x08002310                GBPSoundsMainEngine
 .text          0x080023a0      0x178 KeyPresses.o
                0x080023a0                IgnoreKeyPresses
                0x080023a4                SetKeyIgnored
                0x080023b4                IsKeyHeld
                0x080023e8                IsKeyDown
                0x080023fc                IsKeyDownButNotHeld
                0x0800242c                IsDPadDown
                0x08002454                GetHorizontalKeyState
                0x08002474                GetVerticalKeyState
                0x08002494                KeyPoll
 .text          0x08002518       0x7c LoadUnalignedCode.o
                0x08002518                LoadUnalignedNumber
                0x08002544                LoadUIntPointer
                0x0800256c                LoadUShortNumber
                0x08002588                SwapBits
 .text          0x08002594     0x1e24 M4_Player.o
                0x08002780                M4_Player
                0x08002c40                M4_StopSong
                0x08002ec8                M4_PlaySong
                0x08003204                M4_PlayByName
                0x08003234                M4_Fade
                0x0800327c                M4_FadeOut
                0x080032a8                M4_FadeIn
                0x080032d4                M4_PlayByIdx
                0x080032f0                M4_StopByName
                0x0800359c                M4_PlayerStopAll
                0x08004024                M4_MainEngine
 .text          0x080043b8       0x70 M4_SFX.o
                0x080043b8                M4_SFX
 .text          0x08004428      0xee4 M4_Track.o
                0x08005008                M4_TrackUpdate
 .text          0x0800530c     0x19d4 Mapping.o
                0x0800530c                TurnRight
                0x08005354                TurnLeft
                0x080053a8                TurnUp
                0x080053f8                TurnDown
                0x08005440                GetMapHeaderFromBankAndMapID
                0x08005450                GetMapWildDataFromBankAndMapID
                0x08005464                GetMapConnectionsFromBankAndMapID
                0x08005478                GetMapFooterFromBankAndMapID
                0x0800548c                GetMusicTrackIDFromBankAndMapID
                0x080054a0                CalculateObjectSize
                0x080054c8                UpdateOAMFromStructure
                0x080056e4                PutTilesetPalettesInMemory
                0x08005718                PutMapPalettesInMemory
                0x08005764                GetTileAnimationDataPointer
                0x08005780                PutTileAnimationDataIntoMemory
                0x080058a4                StoreTilesetIntoMemory
                0x080058f8                PutMapTilesetsInMemory
                0x080059c4                IsConnectionOnSide
                0x08005a00                GetBlockFromData
                0x08005a0c                GetBorderBlock
                0x08005a44                CalculateXConnectionLocation
                0x08005aa0                CalculateYConnectionLocation
                0x08005afc                GetOutOfBoundsXBlock
                0x08005be8                GetOutOfBoundsYBlock
                0x08005cd8                CalculateBlock
                0x08005d28                CalculateBlockMovementPermissions
                0x08005d7c                CalculateBlockID
                0x08005dd0                GetBlockLocation
                0x08005df8                GetBlockDataLocation
                0x08005e20                PutBlockIntoVRAM
                0x08005e84                DrawRowOfBlocks
                0x08005f54                DrawColumnOfBlocks
                0x08006020                DrawMap
                0x08006154                LoadObjectPaletteIntoMemory
                0x080061b4                ChangeSpriteFrame
                0x080061b8                CalculateObjectXLocation
                0x080061e0                CalculateObjectYLocation
                0x08006208                PlacePlayerSprite
                0x08006360                UpdateMapLocations
                0x080063a4                CalculateXMovement
                0x080063d4                CalculateYMovement
                0x08006404                InitialiseXY
                0x08006464                IsNewLocationConnected
                0x08006514                IsNewLocationWalkable
                0x0800656c                IsNewLocationInBounds
                0x08006598                IsNewLocationValid
                0x08006638                CopyMapHeaderAndResetMusic
                0x08006788                ApplyMovement
 .text          0x08006ce0      0x35c Maths.o
                0x08006ce0                ToHex
                0x08006cf0                UnsignedDivide
                0x08006d10                UnsignedModulus
                0x08006d48                ToDecimal
                0x08006d8c                Absolute
                0x08006d94                Sign
                0x08006da8                SignedDivide
                0x08006de0                UnsignedFractionalMultiplication
                0x08006e18                SignedFractionalMultiplication
                0x08006e60                UpdateRandomValue
                0x08006e7c                GetRandom32BitValue
                0x08006e98                GetRandom16BitValue
                0x08006eb8                GetDelimitedRandom32BitValue
                0x08006f10                GetDelimitedRandom16BitValue
                0x08006f6c                WeightedRandom
                0x08006fd8                SeedRNG
                0x08006fe4                ReseedRNG
 .text          0x0800703c      0x708 MemoryManagement.o
                0x0800703c                Allocate
                0x08007128                MemoryAllocate
                0x0800720c                ValueMemoryAllocate
                0x08007324                MemoryDeallocate
                0x080073ac                DefragmentMallocData
                0x080073b0                SpriteAllocate
                0x08007494                SpriteDeallocate
                0x0800751c                PaletteAllocate
                0x08007640                PaletteDeallocate
                0x08007700                InitialisePaletteAllocator
                0x08007720                InitialiseSpriteAllocator
                0x08007730                InitialiseMemoryAllocator
 .text          0x08007744        0xc MiscMemoryWriters.o
                0x08007744                SetMemoryByte
                0x08007748                SetMemoryHalfWord
                0x0800774c                SetMemoryWord
 .text          0x08007750       0xb0 MusicEngine.o
                0x08007750                SetMusicEngine
                0x0800776c                SetMusicEngineAndRestart
                0x08007794                ToggleActiveMusicEngine
                0x080077c4                ToggleActiveMusicEngineAndRestart
 .text          0x08007800     0x1320 Overworld.o
                0x08007800                TransitionToPokegear
                0x08007804                TransitionToPokedex
                0x08007808                TransitionToPokemonMenu
                0x0800780c                TransitionToBag
                0x08007810                TransitionToPlayerCard
                0x08007814                SaveGame
                0x08007818                TransitionToOptions
                0x0800781c                MoveNPCs
                0x08007820                ScriptingKeyPresses
                0x08007824                RunOverworldScriptCommands
                0x08007828                OverworldBackgroundProcesses
                0x08007834                AnimateTiles
                0x08007d1c                ExitMenu
                0x08007d7c                StartMenuKeyPresses
                0x08007f18                CalculateNumberOfFramesPerChange
                0x08007f34                GetRed
                0x08007f3c                GetBlue
                0x08007f44                GetGreen
                0x08007f4c                SetupFadeScreenSlot
                0x08008164                SetupFadeScreenToBlack
                0x08008188                SetupFadeScreenToWhite
                0x080081ac                ClearMenuBox
                0x080081f0                PlaceMenuBox
                0x0800842c                CheckKeyPressesOverworld
                0x08008580                RunOverworldScript
                0x0800859c                RunOverworldScriptingEnvironment
                0x080085e4                SetRed
                0x080085ec                SetBlue
                0x08008600                SetGreen
                0x08008614                FadeScreen
                0x08008818                CountExtraMenuRows
                0x08008854                CountMenuRows
                0x08008890                HandleMenuMoveRequest
                0x08008948                SetPauseMenuFunctions
                0x08008a30                SetCheckKeyPressesOverworld
                0x08008a40                LoadOverworld
 .text          0x08008b20      0x39c Pokedex.o
                0x08008b20                ConvertNationalIDToRegionalID
                0x08008b38                CountDexPokemon
                0x08008ba0                CountSeenPokemon
                0x08008bfc                CountCaughtPokemon
                0x08008c58                ConstructPokedexEntries
                0x08008d6c                DestroyPokedex
                0x08008d8c                ConstructPokedex
                0x08008eb0                HandlePokedexListingKeypress
                0x08008eb4                HandlePokedexEntryKeyPress
                0x08008eb8                HandlePokedexEntryScreenKeyPress
 .text          0x08008ebc     0x2044 Pokemon.o
                0x08008ebc                InternalPokemonDecrypter
                0x08009014                PokemonDecrypter
                0x08009074                CountPokemon
                0x080090a8                CountPartyPokemon
                0x08009128                CountEnemyPartyPokemon
                0x080091a8                CountBoxPokemon
                0x080091e4                CountAllBoxPokemon
                0x08009234                SetOTName
                0x08009244                SetNickname
                0x08009254                CalculateChecksum
                0x08009278                SumEVs
                0x080092cc                AllowEVAddition
                0x0800935c                GetExperienceAtLevel
                0x0800937c                GetLevel100MaxExperience
                0x080093a4                ExperienceGainCausesLevelUp
                0x080093d0                InternalPokemonEncrypter
                0x0800996c                PokemonEncrypter
                0x080099e8                HappinessCheck
                0x08009a00                LevelCheck
                0x08009a0c                TimeCheck
                0x08009a1c                GenderCheck
                0x08009a34                HeldItemCheck
                0x08009a4c                KnownMoveCheck
                0x08009a8c                KnownMoveCheckType
                0x08009b0c                CheckLevelUpEvolutions
                0x08009b78                CheckTradeEvolutions
                0x08009b7c                CheckStoneEvolutions
                0x08009b80                AddExperienceToPokemon
                0x08009ca4                PokemonIsShiny
                0x08009cf4                CalculateHighestIVIndex
                0x08009e78                CalculateCharacteristicIndex
                0x08009eec                GeneratePID
                0x08009f10                GenerateIV
                0x08009f20                GenerateAllIVs
                0x08009f8c                SetGender
                0x08009fc8                SetNature
                0x08009ff4                GetClampedFormeByteValue
                0x0800a050                GetBaseStatFromIndex
                0x0800a0d8                CalculateStats
                0x0800a390                GiveHeldItemFromTrainerData
                0x0800a3ac                GiveHeldItemFromBaseData
                0x0800a460                GivePokemonAbility
                0x0800a500                SetBaseFriendship
                0x0800a58c                SetBaseExperienceFromLevel
                0x0800a5d0                SetBasicTypes
                0x0800a65c                GetUnownLetterFromPID
                0x0800a694                SetFormeByUnownLetter
                0x0800a6e4                CheckIfCanLearnNewMoveAndLearnIfWanted
                0x0800a738                SetMoves
                0x0800a824                GetPokemonSpritePaletteFromPokemon
                0x0800a894                GetPokemonFrontSpriteFromPokemon
                0x0800a900                GetPokemonBackSpriteFromPokemon
                0x0800a96c                GetPokemonPaletteFromPokemon
                0x0800aa20                GeneratePokemon
                0x0800ac60                FindBabySpeciesInner
                0x0800aca8                GeneratePokemonEgg
                0x0800ae20                GivePokemonToPlayer
                0x0800ae88                GenerateWildPokemonFromData
 .text          0x0800af00       0x44 ScriptRunner.o
                0x0800af00                RunScript
 .text          0x0800af44      0x680 TextFunctions.o
                0x0800af44                StringCopy
                0x0800af70                StringCopyWithBufferChecks
                0x0800b030                BufferString
                0x0800b070                BufferPokemonSpeciesName
                0x0800b0b4                BufferPokemonName
                0x0800b0b8                BufferRouteName
                0x0800b0fc                BufferNumber
                0x0800b1b8                BufferNegativeNumber
                0x0800b264                BufferUnsignedLongNumber
                0x0800b324                BufferUnsignedShortNumber
                0x0800b3a4                BufferSignedLongNumber
                0x0800b47c                BufferSignedShortNumber
                0x0800b518                CharacterComparison
                0x0800b528                DrawCharacter
                0x0800b54c                DrawString
                0x0800b588                InitialiseTextEngine
 .text          0x0800b5c4       0xc4 Variables.o
                0x0800b5c4                VarDecryption
                0x0800b604                GetVarValue
                0x0800b648                SetVar
 .text          0x0800b688      0xf54 rtc.o
                0x0800b688                OverworldPaletteUpdate
                0x0800b68c                CompareTimeTo
                0x0800b6c4                rtc_cmd
                0x0800b768                rtc_read
                0x0800b81c                rtc_get
                0x0800bd40                rtc_update
                0x0800be7c                rtc_data
                0x0800bf20                rtc_enable
                0x0800c038                rtc_check
                0x0800c048                rtc_set
                0x0800c510                IncrementPlayerPlayedCounter
                0x0800c560                RTCMainLoopUpdate
 .text          0x0800c5dc        0x0 PokeData.o
 .text          0x0800c5dc        0x0 Sample4A3DB8.o
 .text          0x0800c5dc        0x0 Sample4A445C.o
 .text          0x0800c5dc        0x0 Sample4A4C54.o
 .text          0x0800c5dc        0x0 Sample4A5820.o
 .text          0x0800c5dc        0x0 Sample4A6758.o
 .text          0x0800c5dc        0x0 Sample4A73CC.o
 .text          0x0800c5dc        0x0 Sample4A889C.o
 .text          0x0800c5dc        0x0 Sample4A9F4C.o
 .text          0x0800c5dc        0x0 Sample4AB290.o
 .text          0x0800c5dc        0x0 Sample4ABD34.o
 .text          0x0800c5dc        0x0 Sample4AD048.o
 .text          0x0800c5dc        0x0 Sample4B0644.o
 .text          0x0800c5dc        0x0 Sample4B0B1C.o
 .text          0x0800c5dc        0x0 Sample4B23F8.o
 .text          0x0800c5dc        0x0 Sample4B3720.o
 .text          0x0800c5dc        0x0 Sample4B3BC0.o
 .text          0x0800c5dc        0x0 Sample4B42B4.o
 .text          0x0800c5dc        0x0 Sample4B4B44.o
 .text          0x0800c5dc        0x0 Sample4B5370.o
 .text          0x0800c5dc        0x0 Sample4B53BC.o
 .text          0x0800c5dc        0x0 Sample4B5C70.o
 .text          0x0800c5dc        0x0 Sample4B6554.o
 .text          0x0800c5dc        0x0 Sample4B7480.o
 .text          0x0800c5dc        0x0 Sample4B7998.o
 .text          0x0800c5dc        0x0 Sample4B7F60.o
 .text          0x0800c5dc        0x0 Sample4B8E78.o
 .text          0x0800c5dc        0x0 Sample4BA7EC.o
 .text          0x0800c5dc        0x0 Sample4BC8C8.o
 .text          0x0800c5dc        0x0 Sample4C40F8.o
 .text          0x0800c5dc        0x0 Sample4C4AB0.o
 .text          0x0800c5dc        0x0 Sample4C5930.o
 .text          0x0800c5dc        0x0 Sample4C67A4.o
 .text          0x0800c5dc        0x0 Sample4C7FB8.o
 .text          0x0800c5dc        0x0 Sample4C955C.o
 .text          0x0800c5dc        0x0 Sample4CAB40.o
 .text          0x0800c5dc        0x0 Sample4CBC34.o
 .text          0x0800c5dc        0x0 Sample4CCB94.o
 .text          0x0800c5dc        0x0 Sample4CE1F4.o
 .text          0x0800c5dc        0x0 Sample4CF750.o
 .text          0x0800c5dc        0x0 Sample4D02DC.o
 .text          0x0800c5dc        0x0 Sample4D3880.o
 .text          0x0800c5dc        0x0 Sample4D5B9C.o
 .text          0x0800c5dc        0x0 Sample4D9268.o
 .text          0x0800c5dc        0x0 Sample4DA5B8.o
 .text          0x0800c5dc        0x0 Sample4DBAC8.o
 .text          0x0800c5dc        0x0 Sample4DCEE8.o
 .text          0x0800c5dc        0x0 Sample4DDF84.o
 .text          0x0800c5dc        0x0 Sample4DEFE0.o
 .text          0x0800c5dc        0x0 Sample4E5F74.o
 .text          0x0800c5dc        0x0 Sample4EA4F8.o
 .text          0x0800c5dc        0x0 Sample4EAC5C.o
 .text          0x0800c5dc        0x0 Sample4EC8AC.o
 .text          0x0800c5dc        0x0 Sample4EDD7C.o
 .text          0x0800c5dc        0x0 Sample4EE788.o
 .text          0x0800c5dc        0x0 Sample4F039C.o
 .text          0x0800c5dc        0x0 Sample4F1CFC.o
 .text          0x0800c5dc        0x0 Sample4F31C0.o
 .text          0x0800c5dc        0x0 Sample4F38FC.o
 .text          0x0800c5dc        0x0 Sample4F54EC.o
 .text          0x0800c5dc        0x0 Sample4F68A0.o
 .text          0x0800c5dc        0x0 Sample4F8F24.o
 .text          0x0800c5dc        0x0 Sample4FA168.o
 .text          0x0800c5dc        0x0 Sample4FB178.o
 .text          0x0800c5dc        0x0 Sample4FC480.o
 .text          0x0800c5dc        0x0 Sample4FE58C.o
 .text          0x0800c5dc        0x0 Sample500568.o
 .text          0x0800c5dc        0x0 Sample502778.o
 .text          0x0800c5dc        0x0 Sample502F44.o
 .text          0x0800c5dc        0x0 Sample5048B4.o
 .text          0x0800c5dc        0x0 Sample504CC8.o
 .text          0x0800c5dc        0x0 Sample506C78.o
 .text          0x0800c5dc        0x0 Sample509F58.o
 .text          0x0800c5dc        0x0 Sample50A988.o
 .text          0x0800c5dc        0x0 Sample50B3BC.o
 .text          0x0800c5dc        0x0 Sample50CEFC.o
 .text          0x0800c5dc        0x0 Sample50D7C4.o
 .text          0x0800c5dc        0x0 Sample50EB94.o
 .text          0x0800c5dc        0x0 Sample69DEF0.o
 .text          0x0800c5dc        0x0 Sample69FE50.o
 .text          0x0800c5dc        0x0 Sample6A18F0.o
 .text          0x0800c5dc        0x0 Sample6A3860.o
 .text          0x0800c5dc        0x0 Sample6A5098.o
 .text          0x0800c5dc        0x0 Sample6A6468.o
 .text          0x0800c5dc        0x0 Sample6A762C.o
 .text          0x0800c5dc        0x0 Sample6A949C.o
 .text          0x0800c5dc        0x0 Sample6AC48C.o
 .text          0x0800c5dc        0x0 Sample6AF0E0.o
 .text          0x0800c5dc        0x0 Sample6AFB40.o
 .text          0x0800c5dc        0x0 Sample6B21A8.o
 .text          0x0800c5dc        0x0 Sample6B3550.o
 .text          0x0800c5dc        0x0 WaveSample4A31EC.o
 .text          0x0800c5dc        0x0 WaveSample4A31FC.o
 .text          0x0800c5dc        0x0 WaveSample4A320C.o
 .text          0x0800c5dc        0x0 WaveSample4A321C.o
 .text          0x0800c5dc        0x0 WaveSample4A322C.o
 .text          0x0800c5dc        0x0 WaveSample4A323C.o
 .text          0x0800c5dc        0x0 WaveSample4A324C.o
 .text          0x0800c5dc        0x0 WaveSample4A325C.o
 .text          0x0800c5dc        0x0 WaveSample4A326C.o
 .text          0x0800c5dc        0x0 WaveSample4A327C.o
 .text          0x0800c5dc        0x0 WaveSample4A328C.o
 .text          0x0800c5dc        0x0 SampleLUT4A3054.o
 .text          0x0800c5dc        0x0 SampleLUT4A309C.o
 .text          0x0800c5dc        0x0 SampleLUT4A30E4.o
 .text          0x0800c5dc        0x0 SampleLUT4A3138.o
 .text          0x0800c5dc        0x0 SampleLUT4A3180.o
 .text          0x0800c5dc        0x0 SampleTable489F74.o
 .text          0x0800c5dc        0x0 SampleTable48A0D0.o
 .text          0x0800c5dc        0x0 SampleTable48A508.o
 .text          0x0800c5dc        0x0 SampleTable48A538.o
 .text          0x0800c5dc        0x0 SampleTable48A55C.o
 .text          0x0800c5dc        0x0 SampleTable48AB80.o
 .text          0x0800c5dc        0x0 SampleTable48AB98.o
 .text          0x0800c5dc        0x0 SampleTable49EAF4.o
 .text          0x0800c5dc        0x0 SampleTable49ED34.o
 .text          0x0800c5dc        0x0 SampleTable4A2C58.o
 .text          0x0800c5dc        0x0 group_0.o
 .text          0x0800c5dc        0x0 group_1.o
 .text          0x0800c5dc        0x0 group_10.o
 .text          0x0800c5dc        0x0 group_11.o
 .text          0x0800c5dc        0x0 group_12.o
 .text          0x0800c5dc        0x0 group_13.o
 .text          0x0800c5dc        0x0 group_14.o
 .text          0x0800c5dc        0x0 group_15.o
 .text          0x0800c5dc        0x0 group_16.o
 .text          0x0800c5dc        0x0 group_17.o
 .text          0x0800c5dc        0x0 group_18.o
 .text          0x0800c5dc        0x0 group_19.o
 .text          0x0800c5dc        0x0 group_2.o
 .text          0x0800c5dc        0x0 group_20.o
 .text          0x0800c5dc        0x0 group_21.o
 .text          0x0800c5dc        0x0 group_22.o
 .text          0x0800c5dc        0x0 group_23.o
 .text          0x0800c5dc        0x0 group_24.o
 .text          0x0800c5dc        0x0 group_25.o
 .text          0x0800c5dc        0x0 group_26.o
 .text          0x0800c5dc        0x0 group_27.o
 .text          0x0800c5dc        0x0 group_28.o
 .text          0x0800c5dc        0x0 group_29.o
 .text          0x0800c5dc        0x0 group_3.o
 .text          0x0800c5dc        0x0 group_30.o
 .text          0x0800c5dc        0x0 group_31.o
 .text          0x0800c5dc        0x0 group_32.o
 .text          0x0800c5dc        0x0 group_33.o
 .text          0x0800c5dc        0x0 group_34.o
 .text          0x0800c5dc        0x0 group_35.o
 .text          0x0800c5dc        0x0 group_36.o
 .text          0x0800c5dc        0x0 group_37.o
 .text          0x0800c5dc        0x0 group_38.o
 .text          0x0800c5dc        0x0 group_39.o
 .text          0x0800c5dc        0x0 group_4.o
 .text          0x0800c5dc        0x0 group_40.o
 .text          0x0800c5dc        0x0 group_41.o
 .text          0x0800c5dc        0x0 group_42.o
 .text          0x0800c5dc        0x0 group_43.o
 .text          0x0800c5dc        0x0 group_44.o
 .text          0x0800c5dc        0x0 group_45.o
 .text          0x0800c5dc        0x0 group_46.o
 .text          0x0800c5dc        0x0 group_47.o
 .text          0x0800c5dc        0x0 group_48.o
 .text          0x0800c5dc        0x0 group_49.o
 .text          0x0800c5dc        0x0 group_5.o
 .text          0x0800c5dc        0x0 group_50.o
 .text          0x0800c5dc        0x0 group_51.o
 .text          0x0800c5dc        0x0 group_52.o
 .text          0x0800c5dc        0x0 group_53.o
 .text          0x0800c5dc        0x0 group_54.o
 .text          0x0800c5dc        0x0 group_55.o
 .text          0x0800c5dc        0x0 group_56.o
 .text          0x0800c5dc        0x0 group_57.o
 .text          0x0800c5dc        0x0 group_58.o
 .text          0x0800c5dc        0x0 group_59.o
 .text          0x0800c5dc        0x0 group_6.o
 .text          0x0800c5dc        0x0 group_60.o
 .text          0x0800c5dc        0x0 group_61.o
 .text          0x0800c5dc        0x0 group_62.o
 .text          0x0800c5dc        0x0 group_63.o
 .text          0x0800c5dc        0x0 group_64.o
 .text          0x0800c5dc        0x0 group_7.o
 .text          0x0800c5dc        0x0 group_8.o
 .text          0x0800c5dc        0x0 group_9.o
 .text          0x0800c5dc        0x0 song1.o
 .text          0x0800c5dc        0x0 song10.o
 .text          0x0800c5dc        0x0 song100.o
 .text          0x0800c5dc        0x0 song101.o
 .text          0x0800c5dc        0x0 song102.o
 .text          0x0800c5dc        0x0 song103.o
 .text          0x0800c5dc        0x0 song104.o
 .text          0x0800c5dc        0x0 song105.o
 .text          0x0800c5dc        0x0 song106.o
 .text          0x0800c5dc        0x0 song107.o
 .text          0x0800c5dc        0x0 song108.o
 .text          0x0800c5dc        0x0 song109.o
 .text          0x0800c5dc        0x0 song11.o
 .text          0x0800c5dc        0x0 song110.o
 .text          0x0800c5dc        0x0 song111.o
 .text          0x0800c5dc        0x0 song112.o
 .text          0x0800c5dc        0x0 song113.o
 .text          0x0800c5dc        0x0 song114.o
 .text          0x0800c5dc        0x0 song115.o
 .text          0x0800c5dc        0x0 song116.o
 .text          0x0800c5dc        0x0 song117.o
 .text          0x0800c5dc        0x0 song118.o
 .text          0x0800c5dc        0x0 song119.o
 .text          0x0800c5dc        0x0 song12.o
 .text          0x0800c5dc        0x0 song120.o
 .text          0x0800c5dc        0x0 song121.o
 .text          0x0800c5dc        0x0 song122.o
 .text          0x0800c5dc        0x0 song123.o
 .text          0x0800c5dc        0x0 song124.o
 .text          0x0800c5dc        0x0 song125.o
 .text          0x0800c5dc        0x0 song126.o
 .text          0x0800c5dc        0x0 song127.o
 .text          0x0800c5dc        0x0 song128.o
 .text          0x0800c5dc        0x0 song129.o
 .text          0x0800c5dc        0x0 song13.o
 .text          0x0800c5dc        0x0 song130.o
 .text          0x0800c5dc        0x0 song131.o
 .text          0x0800c5dc        0x0 song132.o
 .text          0x0800c5dc        0x0 song133.o
 .text          0x0800c5dc        0x0 song134.o
 .text          0x0800c5dc        0x0 song135.o
 .text          0x0800c5dc        0x0 song136.o
 .text          0x0800c5dc        0x0 song137.o
 .text          0x0800c5dc        0x0 song138.o
 .text          0x0800c5dc        0x0 song139.o
 .text          0x0800c5dc        0x0 song14.o
 .text          0x0800c5dc        0x0 song140.o
 .text          0x0800c5dc        0x0 song141.o
 .text          0x0800c5dc        0x0 song142.o
 .text          0x0800c5dc        0x0 song143.o
 .text          0x0800c5dc        0x0 song144.o
 .text          0x0800c5dc        0x0 song145.o
 .text          0x0800c5dc        0x0 song146.o
 .text          0x0800c5dc        0x0 song147.o
 .text          0x0800c5dc        0x0 song148.o
 .text          0x0800c5dc        0x0 song149.o
 .text          0x0800c5dc        0x0 song15.o
 .text          0x0800c5dc        0x0 song150.o
 .text          0x0800c5dc        0x0 song151.o
 .text          0x0800c5dc        0x0 song152.o
 .text          0x0800c5dc        0x0 song153.o
 .text          0x0800c5dc        0x0 song154.o
 .text          0x0800c5dc        0x0 song155.o
 .text          0x0800c5dc        0x0 song156.o
 .text          0x0800c5dc        0x0 song157.o
 .text          0x0800c5dc        0x0 song158.o
 .text          0x0800c5dc        0x0 song159.o
 .text          0x0800c5dc        0x0 song16.o
 .text          0x0800c5dc        0x0 song160.o
 .text          0x0800c5dc        0x0 song161.o
 .text          0x0800c5dc        0x0 song162.o
 .text          0x0800c5dc        0x0 song163.o
 .text          0x0800c5dc        0x0 song164.o
 .text          0x0800c5dc        0x0 song165.o
 .text          0x0800c5dc        0x0 song166.o
 .text          0x0800c5dc        0x0 song167.o
 .text          0x0800c5dc        0x0 song168.o
 .text          0x0800c5dc        0x0 song169.o
 .text          0x0800c5dc        0x0 song17.o
 .text          0x0800c5dc        0x0 song170.o
 .text          0x0800c5dc        0x0 song171.o
 .text          0x0800c5dc        0x0 song172.o
 .text          0x0800c5dc        0x0 song173.o
 .text          0x0800c5dc        0x0 song174.o
 .text          0x0800c5dc        0x0 song175.o
 .text          0x0800c5dc        0x0 song176.o
 .text          0x0800c5dc        0x0 song177.o
 .text          0x0800c5dc        0x0 song178.o
 .text          0x0800c5dc        0x0 song179.o
 .text          0x0800c5dc        0x0 song18.o
 .text          0x0800c5dc        0x0 song180.o
 .text          0x0800c5dc        0x0 song181.o
 .text          0x0800c5dc        0x0 song182.o
 .text          0x0800c5dc        0x0 song183.o
 .text          0x0800c5dc        0x0 song184.o
 .text          0x0800c5dc        0x0 song185.o
 .text          0x0800c5dc        0x0 song186.o
 .text          0x0800c5dc        0x0 song187.o
 .text          0x0800c5dc        0x0 song188.o
 .text          0x0800c5dc        0x0 song189.o
 .text          0x0800c5dc        0x0 song19.o
 .text          0x0800c5dc        0x0 song190.o
 .text          0x0800c5dc        0x0 song191.o
 .text          0x0800c5dc        0x0 song192.o
 .text          0x0800c5dc        0x0 song193.o
 .text          0x0800c5dc        0x0 song194.o
 .text          0x0800c5dc        0x0 song195.o
 .text          0x0800c5dc        0x0 song196.o
 .text          0x0800c5dc        0x0 song197.o
 .text          0x0800c5dc        0x0 song198.o
 .text          0x0800c5dc        0x0 song199.o
 .text          0x0800c5dc        0x0 song2.o
 .text          0x0800c5dc        0x0 song20.o
 .text          0x0800c5dc        0x0 song200.o
 .text          0x0800c5dc        0x0 song201.o
 .text          0x0800c5dc        0x0 song202.o
 .text          0x0800c5dc        0x0 song203.o
 .text          0x0800c5dc        0x0 song204.o
 .text          0x0800c5dc        0x0 song205.o
 .text          0x0800c5dc        0x0 song206.o
 .text          0x0800c5dc        0x0 song207.o
 .text          0x0800c5dc        0x0 song208.o
 .text          0x0800c5dc        0x0 song209.o
 .text          0x0800c5dc        0x0 song21.o
 .text          0x0800c5dc        0x0 song210.o
 .text          0x0800c5dc        0x0 song211.o
 .text          0x0800c5dc        0x0 song212.o
 .text          0x0800c5dc        0x0 song213.o
 .text          0x0800c5dc        0x0 song214.o
 .text          0x0800c5dc        0x0 song215.o
 .text          0x0800c5dc        0x0 song216.o
 .text          0x0800c5dc        0x0 song217.o
 .text          0x0800c5dc        0x0 song218.o
 .text          0x0800c5dc        0x0 song219.o
 .text          0x0800c5dc        0x0 song22.o
 .text          0x0800c5dc        0x0 song220.o
 .text          0x0800c5dc        0x0 song221.o
 .text          0x0800c5dc        0x0 song222.o
 .text          0x0800c5dc        0x0 song223.o
 .text          0x0800c5dc        0x0 song224.o
 .text          0x0800c5dc        0x0 song225.o
 .text          0x0800c5dc        0x0 song226.o
 .text          0x0800c5dc        0x0 song227.o
 .text          0x0800c5dc        0x0 song228.o
 .text          0x0800c5dc        0x0 song229.o
 .text          0x0800c5dc        0x0 song23.o
 .text          0x0800c5dc        0x0 song230.o
 .text          0x0800c5dc        0x0 song231.o
 .text          0x0800c5dc        0x0 song232.o
 .text          0x0800c5dc        0x0 song233.o
 .text          0x0800c5dc        0x0 song234.o
 .text          0x0800c5dc        0x0 song235.o
 .text          0x0800c5dc        0x0 song236.o
 .text          0x0800c5dc        0x0 song237.o
 .text          0x0800c5dc        0x0 song238.o
 .text          0x0800c5dc        0x0 song239.o
 .text          0x0800c5dc        0x0 song24.o
 .text          0x0800c5dc        0x0 song240.o
 .text          0x0800c5dc        0x0 song241.o
 .text          0x0800c5dc        0x0 song242.o
 .text          0x0800c5dc        0x0 song243.o
 .text          0x0800c5dc        0x0 song244.o
 .text          0x0800c5dc        0x0 song245.o
 .text          0x0800c5dc        0x0 song246.o
 .text          0x0800c5dc        0x0 song247.o
 .text          0x0800c5dc        0x0 song248.o
 .text          0x0800c5dc        0x0 song249.o
 .text          0x0800c5dc        0x0 song25.o
 .text          0x0800c5dc        0x0 song250.o
 .text          0x0800c5dc        0x0 song251.o
 .text          0x0800c5dc        0x0 song252.o
 .text          0x0800c5dc        0x0 song253.o
 .text          0x0800c5dc        0x0 song254.o
 .text          0x0800c5dc        0x0 song255.o
 .text          0x0800c5dc        0x0 song256.o
 .text          0x0800c5dc        0x0 song257.o
 .text          0x0800c5dc        0x0 song258.o
 .text          0x0800c5dc        0x0 song259.o
 .text          0x0800c5dc        0x0 song26.o
 .text          0x0800c5dc        0x0 song260.o
 .text          0x0800c5dc        0x0 song261.o
 .text          0x0800c5dc        0x0 song262.o
 .text          0x0800c5dc        0x0 song263.o
 .text          0x0800c5dc        0x0 song264.o
 .text          0x0800c5dc        0x0 song265.o
 .text          0x0800c5dc        0x0 song266.o
 .text          0x0800c5dc        0x0 song267.o
 .text          0x0800c5dc        0x0 song268.o
 .text          0x0800c5dc        0x0 song269.o
 .text          0x0800c5dc        0x0 song27.o
 .text          0x0800c5dc        0x0 song270.o
 .text          0x0800c5dc        0x0 song271.o
 .text          0x0800c5dc        0x0 song272.o
 .text          0x0800c5dc        0x0 song273.o
 .text          0x0800c5dc        0x0 song274.o
 .text          0x0800c5dc        0x0 song275.o
 .text          0x0800c5dc        0x0 song276.o
 .text          0x0800c5dc        0x0 song277.o
 .text          0x0800c5dc        0x0 song278.o
 .text          0x0800c5dc        0x0 song279.o
 .text          0x0800c5dc        0x0 song28.o
 .text          0x0800c5dc        0x0 song280.o
 .text          0x0800c5dc        0x0 song281.o
 .text          0x0800c5dc        0x0 song282.o
 .text          0x0800c5dc        0x0 song283.o
 .text          0x0800c5dc        0x0 song284.o
 .text          0x0800c5dc        0x0 song285.o
 .text          0x0800c5dc        0x0 song286.o
 .text          0x0800c5dc        0x0 song287.o
 .text          0x0800c5dc        0x0 song288.o
 .text          0x0800c5dc        0x0 song289.o
 .text          0x0800c5dc        0x0 song29.o
 .text          0x0800c5dc        0x0 song290.o
 .text          0x0800c5dc        0x0 song291.o
 .text          0x0800c5dc        0x0 song292.o
 .text          0x0800c5dc        0x0 song293.o
 .text          0x0800c5dc        0x0 song294.o
 .text          0x0800c5dc        0x0 song295.o
 .text          0x0800c5dc        0x0 song296.o
 .text          0x0800c5dc        0x0 song297.o
 .text          0x0800c5dc        0x0 song298.o
 .text          0x0800c5dc        0x0 song299.o
 .text          0x0800c5dc        0x0 song3.o
 .text          0x0800c5dc        0x0 song30.o
 .text          0x0800c5dc        0x0 song300.o
 .text          0x0800c5dc        0x0 song301.o
 .text          0x0800c5dc        0x0 song302.o
 .text          0x0800c5dc        0x0 song303.o
 .text          0x0800c5dc        0x0 song304.o
 .text          0x0800c5dc        0x0 song305.o
 .text          0x0800c5dc        0x0 song306.o
 .text          0x0800c5dc        0x0 song307.o
 .text          0x0800c5dc        0x0 song308.o
 .text          0x0800c5dc        0x0 song309.o
 .text          0x0800c5dc        0x0 song31.o
 .text          0x0800c5dc        0x0 song310.o
 .text          0x0800c5dc        0x0 song311.o
 .text          0x0800c5dc        0x0 song312.o
 .text          0x0800c5dc        0x0 song313.o
 .text          0x0800c5dc        0x0 song314.o
 .text          0x0800c5dc        0x0 song315.o
 .text          0x0800c5dc        0x0 song316.o
 .text          0x0800c5dc        0x0 song317.o
 .text          0x0800c5dc        0x0 song318.o
 .text          0x0800c5dc        0x0 song319.o
 .text          0x0800c5dc        0x0 song32.o
 .text          0x0800c5dc        0x0 song320.o
 .text          0x0800c5dc        0x0 song321.o
 .text          0x0800c5dc        0x0 song322.o
 .text          0x0800c5dc        0x0 song323.o
 .text          0x0800c5dc        0x0 song324.o
 .text          0x0800c5dc        0x0 song325.o
 .text          0x0800c5dc        0x0 song326.o
 .text          0x0800c5dc        0x0 song327.o
 .text          0x0800c5dc        0x0 song328.o
 .text          0x0800c5dc        0x0 song329.o
 .text          0x0800c5dc        0x0 song33.o
 .text          0x0800c5dc        0x0 song330.o
 .text          0x0800c5dc        0x0 song331.o
 .text          0x0800c5dc        0x0 song332.o
 .text          0x0800c5dc        0x0 song333.o
 .text          0x0800c5dc        0x0 song334.o
 .text          0x0800c5dc        0x0 song335.o
 .text          0x0800c5dc        0x0 song336.o
 .text          0x0800c5dc        0x0 song337.o
 .text          0x0800c5dc        0x0 song338.o
 .text          0x0800c5dc        0x0 song339.o
 .text          0x0800c5dc        0x0 song34.o
 .text          0x0800c5dc        0x0 song340.o
 .text          0x0800c5dc        0x0 song341.o
 .text          0x0800c5dc        0x0 song342.o
 .text          0x0800c5dc        0x0 song343.o
 .text          0x0800c5dc        0x0 song344.o
 .text          0x0800c5dc        0x0 song345.o
 .text          0x0800c5dc        0x0 song346.o
 .text          0x0800c5dc        0x0 song35.o
 .text          0x0800c5dc        0x0 song36.o
 .text          0x0800c5dc        0x0 song37.o
 .text          0x0800c5dc        0x0 song38.o
 .text          0x0800c5dc        0x0 song39.o
 .text          0x0800c5dc        0x0 song4.o
 .text          0x0800c5dc        0x0 song40.o
 .text          0x0800c5dc        0x0 song41.o
 .text          0x0800c5dc        0x0 song42.o
 .text          0x0800c5dc        0x0 song43.o
 .text          0x0800c5dc        0x0 song44.o
 .text          0x0800c5dc        0x0 song45.o
 .text          0x0800c5dc        0x0 song46.o
 .text          0x0800c5dc        0x0 song47.o
 .text          0x0800c5dc        0x0 song48.o
 .text          0x0800c5dc        0x0 song49.o
 .text          0x0800c5dc        0x0 song5.o
 .text          0x0800c5dc        0x0 song50.o
 .text          0x0800c5dc        0x0 song51.o
 .text          0x0800c5dc        0x0 song52.o
 .text          0x0800c5dc        0x0 song53.o
 .text          0x0800c5dc        0x0 song54.o
 .text          0x0800c5dc        0x0 song55.o
 .text          0x0800c5dc        0x0 song56.o
 .text          0x0800c5dc        0x0 song57.o
 .text          0x0800c5dc        0x0 song58.o
 .text          0x0800c5dc        0x0 song59.o
 .text          0x0800c5dc        0x0 song6.o
 .text          0x0800c5dc        0x0 song60.o
 .text          0x0800c5dc        0x0 song61.o
 .text          0x0800c5dc        0x0 song62.o
 .text          0x0800c5dc        0x0 song63.o
 .text          0x0800c5dc        0x0 song64.o
 .text          0x0800c5dc        0x0 song65.o
 .text          0x0800c5dc        0x0 song66.o
 .text          0x0800c5dc        0x0 song67.o
 .text          0x0800c5dc        0x0 song68.o
 .text          0x0800c5dc        0x0 song69.o
 .text          0x0800c5dc        0x0 song7.o
 .text          0x0800c5dc        0x0 song70.o
 .text          0x0800c5dc        0x0 song71.o
 .text          0x0800c5dc        0x0 song72.o
 .text          0x0800c5dc        0x0 song73.o
 .text          0x0800c5dc        0x0 song74.o
 .text          0x0800c5dc        0x0 song75.o
 .text          0x0800c5dc        0x0 song76.o
 .text          0x0800c5dc        0x0 song77.o
 .text          0x0800c5dc        0x0 song78.o
 .text          0x0800c5dc        0x0 song79.o
 .text          0x0800c5dc        0x0 song8.o
 .text          0x0800c5dc        0x0 song80.o
 .text          0x0800c5dc        0x0 song81.o
 .text          0x0800c5dc        0x0 song82.o
 .text          0x0800c5dc        0x0 song83.o
 .text          0x0800c5dc        0x0 song84.o
 .text          0x0800c5dc        0x0 song85.o
 .text          0x0800c5dc        0x0 song86.o
 .text          0x0800c5dc        0x0 song87.o
 .text          0x0800c5dc        0x0 song88.o
 .text          0x0800c5dc        0x0 song89.o
 .text          0x0800c5dc        0x0 song9.o
 .text          0x0800c5dc        0x0 song90.o
 .text          0x0800c5dc        0x0 song91.o
 .text          0x0800c5dc        0x0 song92.o
 .text          0x0800c5dc        0x0 song93.o
 .text          0x0800c5dc        0x0 song94.o
 .text          0x0800c5dc        0x0 song95.o
 .text          0x0800c5dc        0x0 song96.o
 .text          0x0800c5dc        0x0 song97.o
 .text          0x0800c5dc        0x0 song98.o
 .text          0x0800c5dc        0x0 song99.o
 .text          0x0800c5dc        0x0 song_1.o
 .text          0x0800c5dc        0x0 song_10.o
 .text          0x0800c5dc        0x0 song_100.o
 .text          0x0800c5dc        0x0 song_101.o
 .text          0x0800c5dc        0x0 song_102.o
 .text          0x0800c5dc        0x0 song_103.o
 .text          0x0800c5dc        0x0 song_104.o
 .text          0x0800c5dc        0x0 song_105.o
 .text          0x0800c5dc        0x0 song_106.o
 .text          0x0800c5dc        0x0 song_107.o
 .text          0x0800c5dc        0x0 song_108.o
 .text          0x0800c5dc        0x0 song_109.o
 .text          0x0800c5dc        0x0 song_11.o
 .text          0x0800c5dc        0x0 song_110.o
 .text          0x0800c5dc        0x0 song_111.o
 .text          0x0800c5dc        0x0 song_112.o
 .text          0x0800c5dc        0x0 song_113.o
 .text          0x0800c5dc        0x0 song_114.o
 .text          0x0800c5dc        0x0 song_115.o
 .text          0x0800c5dc        0x0 song_116.o
 .text          0x0800c5dc        0x0 song_117.o
 .text          0x0800c5dc        0x0 song_118.o
 .text          0x0800c5dc        0x0 song_119.o
 .text          0x0800c5dc        0x0 song_12.o
 .text          0x0800c5dc        0x0 song_120.o
 .text          0x0800c5dc        0x0 song_121.o
 .text          0x0800c5dc        0x0 song_122.o
 .text          0x0800c5dc        0x0 song_123.o
 .text          0x0800c5dc        0x0 song_124.o
 .text          0x0800c5dc        0x0 song_125.o
 .text          0x0800c5dc        0x0 song_126.o
 .text          0x0800c5dc        0x0 song_127.o
 .text          0x0800c5dc        0x0 song_128.o
 .text          0x0800c5dc        0x0 song_129.o
 .text          0x0800c5dc        0x0 song_13.o
 .text          0x0800c5dc        0x0 song_130.o
 .text          0x0800c5dc        0x0 song_131.o
 .text          0x0800c5dc        0x0 song_132.o
 .text          0x0800c5dc        0x0 song_133.o
 .text          0x0800c5dc        0x0 song_134.o
 .text          0x0800c5dc        0x0 song_135.o
 .text          0x0800c5dc        0x0 song_136.o
 .text          0x0800c5dc        0x0 song_137.o
 .text          0x0800c5dc        0x0 song_138.o
 .text          0x0800c5dc        0x0 song_139.o
 .text          0x0800c5dc        0x0 song_14.o
 .text          0x0800c5dc        0x0 song_140.o
 .text          0x0800c5dc        0x0 song_141.o
 .text          0x0800c5dc        0x0 song_142.o
 .text          0x0800c5dc        0x0 song_143.o
 .text          0x0800c5dc        0x0 song_144.o
 .text          0x0800c5dc        0x0 song_145.o
 .text          0x0800c5dc        0x0 song_146.o
 .text          0x0800c5dc        0x0 song_147.o
 .text          0x0800c5dc        0x0 song_15.o
 .text          0x0800c5dc        0x0 song_16.o
 .text          0x0800c5dc        0x0 song_17.o
 .text          0x0800c5dc        0x0 song_18.o
 .text          0x0800c5dc        0x0 song_19.o
 .text          0x0800c5dc        0x0 song_2.o
 .text          0x0800c5dc        0x0 song_20.o
 .text          0x0800c5dc        0x0 song_21.o
 .text          0x0800c5dc        0x0 song_22.o
 .text          0x0800c5dc        0x0 song_23.o
 .text          0x0800c5dc        0x0 song_24.o
 .text          0x0800c5dc        0x0 song_25.o
 .text          0x0800c5dc        0x0 song_26.o
 .text          0x0800c5dc        0x0 song_27.o
 .text          0x0800c5dc        0x0 song_28.o
 .text          0x0800c5dc        0x0 song_29.o
 .text          0x0800c5dc        0x0 song_3.o
 .text          0x0800c5dc        0x0 song_30.o
 .text          0x0800c5dc        0x0 song_31.o
 .text          0x0800c5dc        0x0 song_32.o
 .text          0x0800c5dc        0x0 song_33.o
 .text          0x0800c5dc        0x0 song_34.o
 .text          0x0800c5dc        0x0 song_35.o
 .text          0x0800c5dc        0x0 song_36.o
 .text          0x0800c5dc        0x0 song_37.o
 .text          0x0800c5dc        0x0 song_38.o
 .text          0x0800c5dc        0x0 song_39.o
 .text          0x0800c5dc        0x0 song_4.o
 .text          0x0800c5dc        0x0 song_40.o
 .text          0x0800c5dc        0x0 song_41.o
 .text          0x0800c5dc        0x0 song_42.o
 .text          0x0800c5dc        0x0 song_43.o
 .text          0x0800c5dc        0x0 song_44.o
 .text          0x0800c5dc        0x0 song_45.o
 .text          0x0800c5dc        0x0 song_46.o
 .text          0x0800c5dc        0x0 song_47.o
 .text          0x0800c5dc        0x0 song_48.o
 .text          0x0800c5dc        0x0 song_49.o
 .text          0x0800c5dc        0x0 song_5.o
 .text          0x0800c5dc        0x0 song_50.o
 .text          0x0800c5dc        0x0 song_51.o
 .text          0x0800c5dc        0x0 song_52.o
 .text          0x0800c5dc        0x0 song_53.o
 .text          0x0800c5dc        0x0 song_54.o
 .text          0x0800c5dc        0x0 song_55.o
 .text          0x0800c5dc        0x0 song_56.o
 .text          0x0800c5dc        0x0 song_57.o
 .text          0x0800c5dc        0x0 song_58.o
 .text          0x0800c5dc        0x0 song_59.o
 .text          0x0800c5dc        0x0 song_6.o
 .text          0x0800c5dc        0x0 song_60.o
 .text          0x0800c5dc        0x0 song_61.o
 .text          0x0800c5dc        0x0 song_62.o
 .text          0x0800c5dc        0x0 song_63.o
 .text          0x0800c5dc        0x0 song_64.o
 .text          0x0800c5dc        0x0 song_65.o
 .text          0x0800c5dc        0x0 song_66.o
 .text          0x0800c5dc        0x0 song_67.o
 .text          0x0800c5dc        0x0 song_68.o
 .text          0x0800c5dc        0x0 song_69.o
 .text          0x0800c5dc        0x0 song_7.o
 .text          0x0800c5dc        0x0 song_70.o
 .text          0x0800c5dc        0x0 song_71.o
 .text          0x0800c5dc        0x0 song_72.o
 .text          0x0800c5dc        0x0 song_73.o
 .text          0x0800c5dc        0x0 song_74.o
 .text          0x0800c5dc        0x0 song_75.o
 .text          0x0800c5dc        0x0 song_76.o
 .text          0x0800c5dc        0x0 song_77.o
 .text          0x0800c5dc        0x0 song_78.o
 .text          0x0800c5dc        0x0 song_79.o
 .text          0x0800c5dc        0x0 song_8.o
 .text          0x0800c5dc        0x0 song_80.o
 .text          0x0800c5dc        0x0 song_81.o
 .text          0x0800c5dc        0x0 song_82.o
 .text          0x0800c5dc        0x0 song_83.o
 .text          0x0800c5dc        0x0 song_84.o
 .text          0x0800c5dc        0x0 song_85.o
 .text          0x0800c5dc        0x0 song_86.o
 .text          0x0800c5dc        0x0 song_87.o
 .text          0x0800c5dc        0x0 song_88.o
 .text          0x0800c5dc        0x0 song_89.o
 .text          0x0800c5dc        0x0 song_9.o
 .text          0x0800c5dc        0x0 song_90.o
 .text          0x0800c5dc        0x0 song_91.o
 .text          0x0800c5dc        0x0 song_92.o
 .text          0x0800c5dc        0x0 song_93.o
 .text          0x0800c5dc        0x0 song_94.o
 .text          0x0800c5dc        0x0 song_95.o
 .text          0x0800c5dc        0x0 song_96.o
 .text          0x0800c5dc        0x0 song_97.o
 .text          0x0800c5dc        0x0 song_98.o
 .text          0x0800c5dc        0x0 song_99.o
 .text          0x0800c5dc        0x0 arabicPokefont_b4.o
 .text          0x0800c5dc        0x0 braillePokefont_b4.o
 .text          0x0800c5dc        0x0 cyrillicPokefont_b4.o
 .text          0x0800c5dc        0x0 japanesePokefont_b4.o
 .text          0x0800c5dc        0x0 pokefont_b4.o
 .text          0x0800c5dc        0x0 PokeSprites.o
 .text          0x0800c5dc        0x0 PokemonSprite000.o
 .text          0x0800c5dc        0x0 PokemonSprite001.o
 .text          0x0800c5dc        0x0 PokemonSprite002.o
 .text          0x0800c5dc        0x0 PokemonSprite003.o
 .text          0x0800c5dc        0x0 PokemonSprite004.o
 .text          0x0800c5dc        0x0 PokemonSprite005.o
 .text          0x0800c5dc        0x0 PokemonSprite006.o
 .text          0x0800c5dc        0x0 PokemonSprite007.o
 .text          0x0800c5dc        0x0 PokemonSprite008.o
 .text          0x0800c5dc        0x0 PokemonSprite009.o
 .text          0x0800c5dc        0x0 PokemonSprite010.o
 .text          0x0800c5dc        0x0 PokemonSprite011.o
 .text          0x0800c5dc        0x0 PokemonSprite012.o
 .text          0x0800c5dc        0x0 PokemonSprite013.o
 .text          0x0800c5dc        0x0 PokemonSprite014.o
 .text          0x0800c5dc        0x0 PokemonSprite015.o
 .text          0x0800c5dc        0x0 PokemonSprite016.o
 .text          0x0800c5dc        0x0 PokemonSprite017.o
 .text          0x0800c5dc        0x0 PokemonSprite018.o
 .text          0x0800c5dc        0x0 PokemonSprite019.o
 .text          0x0800c5dc        0x0 PokemonSprite020.o
 .text          0x0800c5dc        0x0 PokemonSprite021.o
 .text          0x0800c5dc        0x0 PokemonSprite022.o
 .text          0x0800c5dc        0x0 PokemonSprite023.o
 .text          0x0800c5dc        0x0 PokemonSprite024.o
 .text          0x0800c5dc        0x0 PokemonSprite025.o
 .text          0x0800c5dc        0x0 PokemonSprite026.o
 .text          0x0800c5dc        0x0 PokemonSprite027.o
 .text          0x0800c5dc        0x0 PokemonSprite028.o
 .text          0x0800c5dc        0x0 PokemonSprite029.o
 .text          0x0800c5dc        0x0 PokemonSprite030.o
 .text          0x0800c5dc        0x0 PokemonSprite031.o
 .text          0x0800c5dc        0x0 PokemonSprite032.o
 .text          0x0800c5dc        0x0 PokemonSprite033.o
 .text          0x0800c5dc        0x0 PokemonSprite034.o
 .text          0x0800c5dc        0x0 PokemonSprite035.o
 .text          0x0800c5dc        0x0 PokemonSprite036.o
 .text          0x0800c5dc        0x0 PokemonSprite037.o
 .text          0x0800c5dc        0x0 PokemonSprite038.o
 .text          0x0800c5dc        0x0 PokemonSprite039.o
 .text          0x0800c5dc        0x0 PokemonSprite040.o
 .text          0x0800c5dc        0x0 PokemonSprite041.o
 .text          0x0800c5dc        0x0 PokemonSprite042.o
 .text          0x0800c5dc        0x0 PokemonSprite043.o
 .text          0x0800c5dc        0x0 PokemonSprite044.o
 .text          0x0800c5dc        0x0 PokemonSprite045.o
 .text          0x0800c5dc        0x0 PokemonSprite046.o
 .text          0x0800c5dc        0x0 PokemonSprite047.o
 .text          0x0800c5dc        0x0 PokemonSprite048.o
 .text          0x0800c5dc        0x0 PokemonSprite049.o
 .text          0x0800c5dc        0x0 PokemonSprite050.o
 .text          0x0800c5dc        0x0 PokemonSprite051.o
 .text          0x0800c5dc        0x0 PokemonSprite052.o
 .text          0x0800c5dc        0x0 PokemonSprite053.o
 .text          0x0800c5dc        0x0 PokemonSprite054.o
 .text          0x0800c5dc        0x0 PokemonSprite055.o
 .text          0x0800c5dc        0x0 PokemonSprite056.o
 .text          0x0800c5dc        0x0 PokemonSprite057.o
 .text          0x0800c5dc        0x0 PokemonSprite058.o
 .text          0x0800c5dc        0x0 PokemonSprite059.o
 .text          0x0800c5dc        0x0 PokemonSprite060.o
 .text          0x0800c5dc        0x0 PokemonSprite061.o
 .text          0x0800c5dc        0x0 PokemonSprite062.o
 .text          0x0800c5dc        0x0 PokemonSprite063.o
 .text          0x0800c5dc        0x0 PokemonSprite064.o
 .text          0x0800c5dc        0x0 PokemonSprite065.o
 .text          0x0800c5dc        0x0 PokemonSprite066.o
 .text          0x0800c5dc        0x0 PokemonSprite067.o
 .text          0x0800c5dc        0x0 PokemonSprite068.o
 .text          0x0800c5dc        0x0 PokemonSprite069.o
 .text          0x0800c5dc        0x0 PokemonSprite070.o
 .text          0x0800c5dc        0x0 PokemonSprite071.o
 .text          0x0800c5dc        0x0 PokemonSprite072.o
 .text          0x0800c5dc        0x0 PokemonSprite073.o
 .text          0x0800c5dc        0x0 PokemonSprite074.o
 .text          0x0800c5dc        0x0 PokemonSprite075.o
 .text          0x0800c5dc        0x0 PokemonSprite076.o
 .text          0x0800c5dc        0x0 PokemonSprite077.o
 .text          0x0800c5dc        0x0 PokemonSprite078.o
 .text          0x0800c5dc        0x0 PokemonSprite079.o
 .text          0x0800c5dc        0x0 PokemonSprite080.o
 .text          0x0800c5dc        0x0 PokemonSprite081.o
 .text          0x0800c5dc        0x0 PokemonSprite082.o
 .text          0x0800c5dc        0x0 PokemonSprite083.o
 .text          0x0800c5dc        0x0 PokemonSprite084.o
 .text          0x0800c5dc        0x0 PokemonSprite085.o
 .text          0x0800c5dc        0x0 PokemonSprite086.o
 .text          0x0800c5dc        0x0 PokemonSprite087.o
 .text          0x0800c5dc        0x0 PokemonSprite088.o
 .text          0x0800c5dc        0x0 PokemonSprite089.o
 .text          0x0800c5dc        0x0 PokemonSprite090.o
 .text          0x0800c5dc        0x0 PokemonSprite091.o
 .text          0x0800c5dc        0x0 PokemonSprite092.o
 .text          0x0800c5dc        0x0 PokemonSprite093.o
 .text          0x0800c5dc        0x0 PokemonSprite094.o
 .text          0x0800c5dc        0x0 PokemonSprite095.o
 .text          0x0800c5dc        0x0 PokemonSprite096.o
 .text          0x0800c5dc        0x0 PokemonSprite097.o
 .text          0x0800c5dc        0x0 PokemonSprite098.o
 .text          0x0800c5dc        0x0 PokemonSprite099.o
 .text          0x0800c5dc        0x0 PokemonSprite100.o
 .text          0x0800c5dc        0x0 PokemonSprite101.o
 .text          0x0800c5dc        0x0 PokemonSprite102.o
 .text          0x0800c5dc        0x0 PokemonSprite103.o
 .text          0x0800c5dc        0x0 PokemonSprite104.o
 .text          0x0800c5dc        0x0 PokemonSprite105.o
 .text          0x0800c5dc        0x0 PokemonSprite106.o
 .text          0x0800c5dc        0x0 PokemonSprite107.o
 .text          0x0800c5dc        0x0 PokemonSprite108.o
 .text          0x0800c5dc        0x0 PokemonSprite109.o
 .text          0x0800c5dc        0x0 PokemonSprite110.o
 .text          0x0800c5dc        0x0 PokemonSprite111.o
 .text          0x0800c5dc        0x0 PokemonSprite112.o
 .text          0x0800c5dc        0x0 PokemonSprite113.o
 .text          0x0800c5dc        0x0 PokemonSprite114.o
 .text          0x0800c5dc        0x0 PokemonSprite115.o
 .text          0x0800c5dc        0x0 PokemonSprite116.o
 .text          0x0800c5dc        0x0 PokemonSprite117.o
 .text          0x0800c5dc        0x0 PokemonSprite118.o
 .text          0x0800c5dc        0x0 PokemonSprite119.o
 .text          0x0800c5dc        0x0 PokemonSprite120.o
 .text          0x0800c5dc        0x0 PokemonSprite121.o
 .text          0x0800c5dc        0x0 PokemonSprite122.o
 .text          0x0800c5dc        0x0 PokemonSprite123.o
 .text          0x0800c5dc        0x0 PokemonSprite124.o
 .text          0x0800c5dc        0x0 PokemonSprite125.o
 .text          0x0800c5dc        0x0 PokemonSprite126.o
 .text          0x0800c5dc        0x0 PokemonSprite127.o
 .text          0x0800c5dc        0x0 PokemonSprite128.o
 .text          0x0800c5dc        0x0 PokemonSprite129.o
 .text          0x0800c5dc        0x0 PokemonSprite130.o
 .text          0x0800c5dc        0x0 PokemonSprite131.o
 .text          0x0800c5dc        0x0 PokemonSprite132.o
 .text          0x0800c5dc        0x0 PokemonSprite133.o
 .text          0x0800c5dc        0x0 PokemonSprite134.o
 .text          0x0800c5dc        0x0 PokemonSprite135.o
 .text          0x0800c5dc        0x0 PokemonSprite136.o
 .text          0x0800c5dc        0x0 PokemonSprite137.o
 .text          0x0800c5dc        0x0 PokemonSprite138.o
 .text          0x0800c5dc        0x0 PokemonSprite139.o
 .text          0x0800c5dc        0x0 PokemonSprite140.o
 .text          0x0800c5dc        0x0 PokemonSprite141.o
 .text          0x0800c5dc        0x0 PokemonSprite142.o
 .text          0x0800c5dc        0x0 PokemonSprite143.o
 .text          0x0800c5dc        0x0 PokemonSprite144.o
 .text          0x0800c5dc        0x0 PokemonSprite145.o
 .text          0x0800c5dc        0x0 PokemonSprite146.o
 .text          0x0800c5dc        0x0 PokemonSprite147.o
 .text          0x0800c5dc        0x0 PokemonSprite148.o
 .text          0x0800c5dc        0x0 PokemonSprite149.o
 .text          0x0800c5dc        0x0 PokemonSprite150.o
 .text          0x0800c5dc        0x0 PokemonSprite151.o
 .text          0x0800c5dc        0x0 PokemonSprite152.o
 .text          0x0800c5dc        0x0 PokemonSprite153.o
 .text          0x0800c5dc        0x0 PokemonSprite154.o
 .text          0x0800c5dc        0x0 PokemonSprite155.o
 .text          0x0800c5dc        0x0 PokemonSprite156.o
 .text          0x0800c5dc        0x0 PokemonSprite157.o
 .text          0x0800c5dc        0x0 PokemonSprite158.o
 .text          0x0800c5dc        0x0 PokemonSprite159.o
 .text          0x0800c5dc        0x0 PokemonSprite160.o
 .text          0x0800c5dc        0x0 PokemonSprite161.o
 .text          0x0800c5dc        0x0 PokemonSprite162.o
 .text          0x0800c5dc        0x0 PokemonSprite163.o
 .text          0x0800c5dc        0x0 PokemonSprite164.o
 .text          0x0800c5dc        0x0 PokemonSprite165.o
 .text          0x0800c5dc        0x0 PokemonSprite166.o
 .text          0x0800c5dc        0x0 PokemonSprite167.o
 .text          0x0800c5dc        0x0 PokemonSprite168.o
 .text          0x0800c5dc        0x0 PokemonSprite169.o
 .text          0x0800c5dc        0x0 PokemonSprite170.o
 .text          0x0800c5dc        0x0 PokemonSprite171.o
 .text          0x0800c5dc        0x0 PokemonSprite172.o
 .text          0x0800c5dc        0x0 PokemonSprite173.o
 .text          0x0800c5dc        0x0 PokemonSprite174.o
 .text          0x0800c5dc        0x0 PokemonSprite175.o
 .text          0x0800c5dc        0x0 PokemonSprite176.o
 .text          0x0800c5dc        0x0 PokemonSprite177.o
 .text          0x0800c5dc        0x0 PokemonSprite178.o
 .text          0x0800c5dc        0x0 PokemonSprite179.o
 .text          0x0800c5dc        0x0 PokemonSprite180.o
 .text          0x0800c5dc        0x0 PokemonSprite181.o
 .text          0x0800c5dc        0x0 PokemonSprite182.o
 .text          0x0800c5dc        0x0 PokemonSprite183.o
 .text          0x0800c5dc        0x0 PokemonSprite184.o
 .text          0x0800c5dc        0x0 PokemonSprite185.o
 .text          0x0800c5dc        0x0 PokemonSprite186.o
 .text          0x0800c5dc        0x0 PokemonSprite187.o
 .text          0x0800c5dc        0x0 PokemonSprite188.o
 .text          0x0800c5dc        0x0 PokemonSprite189.o
 .text          0x0800c5dc        0x0 PokemonSprite190.o
 .text          0x0800c5dc        0x0 PokemonSprite191.o
 .text          0x0800c5dc        0x0 PokemonSprite192.o
 .text          0x0800c5dc        0x0 PokemonSprite193.o
 .text          0x0800c5dc        0x0 PokemonSprite194.o
 .text          0x0800c5dc        0x0 PokemonSprite195.o
 .text          0x0800c5dc        0x0 PokemonSprite196.o
 .text          0x0800c5dc        0x0 PokemonSprite197.o
 .text          0x0800c5dc        0x0 PokemonSprite198.o
 .text          0x0800c5dc        0x0 PokemonSprite199.o
 .text          0x0800c5dc        0x0 PokemonSprite200.o
 .text          0x0800c5dc        0x0 PokemonSprite201.o
 .text          0x0800c5dc        0x0 PokemonSprite202.o
 .text          0x0800c5dc        0x0 PokemonSprite203.o
 .text          0x0800c5dc        0x0 PokemonSprite204.o
 .text          0x0800c5dc        0x0 PokemonSprite205.o
 .text          0x0800c5dc        0x0 PokemonSprite206.o
 .text          0x0800c5dc        0x0 PokemonSprite207.o
 .text          0x0800c5dc        0x0 PokemonSprite208.o
 .text          0x0800c5dc        0x0 PokemonSprite209.o
 .text          0x0800c5dc        0x0 PokemonSprite210.o
 .text          0x0800c5dc        0x0 PokemonSprite211.o
 .text          0x0800c5dc        0x0 PokemonSprite212.o
 .text          0x0800c5dc        0x0 PokemonSprite213.o
 .text          0x0800c5dc        0x0 PokemonSprite214.o
 .text          0x0800c5dc        0x0 PokemonSprite215.o
 .text          0x0800c5dc        0x0 PokemonSprite216.o
 .text          0x0800c5dc        0x0 PokemonSprite217.o
 .text          0x0800c5dc        0x0 PokemonSprite218.o
 .text          0x0800c5dc        0x0 PokemonSprite219.o
 .text          0x0800c5dc        0x0 PokemonSprite220.o
 .text          0x0800c5dc        0x0 PokemonSprite221.o
 .text          0x0800c5dc        0x0 PokemonSprite222.o
 .text          0x0800c5dc        0x0 PokemonSprite223.o
 .text          0x0800c5dc        0x0 PokemonSprite224.o
 .text          0x0800c5dc        0x0 PokemonSprite225.o
 .text          0x0800c5dc        0x0 PokemonSprite226.o
 .text          0x0800c5dc        0x0 PokemonSprite227.o
 .text          0x0800c5dc        0x0 PokemonSprite228.o
 .text          0x0800c5dc        0x0 PokemonSprite229.o
 .text          0x0800c5dc        0x0 PokemonSprite230.o
 .text          0x0800c5dc        0x0 PokemonSprite231.o
 .text          0x0800c5dc        0x0 PokemonSprite232.o
 .text          0x0800c5dc        0x0 PokemonSprite233.o
 .text          0x0800c5dc        0x0 PokemonSprite234.o
 .text          0x0800c5dc        0x0 PokemonSprite235.o
 .text          0x0800c5dc        0x0 PokemonSprite236.o
 .text          0x0800c5dc        0x0 PokemonSprite237.o
 .text          0x0800c5dc        0x0 PokemonSprite238.o
 .text          0x0800c5dc        0x0 PokemonSprite239.o
 .text          0x0800c5dc        0x0 PokemonSprite240.o
 .text          0x0800c5dc        0x0 PokemonSprite241.o
 .text          0x0800c5dc        0x0 PokemonSprite242.o
 .text          0x0800c5dc        0x0 PokemonSprite243.o
 .text          0x0800c5dc        0x0 PokemonSprite244.o
 .text          0x0800c5dc        0x0 PokemonSprite245.o
 .text          0x0800c5dc        0x0 PokemonSprite246.o
 .text          0x0800c5dc        0x0 PokemonSprite247.o
 .text          0x0800c5dc        0x0 PokemonSprite248.o
 .text          0x0800c5dc        0x0 PokemonSprite249.o
 .text          0x0800c5dc        0x0 PokemonSprite250.o
 .text          0x0800c5dc        0x0 PokemonSprite251.o
 .text          0x0800c5dc        0x0 PokemonSprite252.o
 .text          0x0800c5dc        0x0 PokemonSprite253.o
 .text          0x0800c5dc        0x0 PokemonSprite254.o
 .text          0x0800c5dc        0x0 PokemonSprite255.o
 .text          0x0800c5dc        0x0 PokemonSprite256.o
 .text          0x0800c5dc        0x0 PokemonSprite257.o
 .text          0x0800c5dc        0x0 PokemonSprite258.o
 .text          0x0800c5dc        0x0 PokemonSprite259.o
 .text          0x0800c5dc        0x0 PokemonSprite260.o
 .text          0x0800c5dc        0x0 PokemonSprite261.o
 .text          0x0800c5dc        0x0 PokemonSprite262.o
 .text          0x0800c5dc        0x0 PokemonSprite263.o
 .text          0x0800c5dc        0x0 PokemonSprite264.o
 .text          0x0800c5dc        0x0 PokemonSprite265.o
 .text          0x0800c5dc        0x0 PokemonSprite266.o
 .text          0x0800c5dc        0x0 PokemonSprite267.o
 .text          0x0800c5dc        0x0 PokemonSprite268.o
 .text          0x0800c5dc        0x0 PokemonSprite269.o
 .text          0x0800c5dc        0x0 PokemonSprite270.o
 .text          0x0800c5dc        0x0 PokemonSprite271.o
 .text          0x0800c5dc        0x0 PokemonSprite272.o
 .text          0x0800c5dc        0x0 PokemonSprite273.o
 .text          0x0800c5dc        0x0 PokemonSprite274.o
 .text          0x0800c5dc        0x0 PokemonSprite275.o
 .text          0x0800c5dc        0x0 PokemonSprite276.o
 .text          0x0800c5dc        0x0 PokemonSprite277.o
 .text          0x0800c5dc        0x0 PokemonSprite278.o
 .text          0x0800c5dc        0x0 PokemonSprite279.o
 .text          0x0800c5dc        0x0 PokemonSprite280.o
 .text          0x0800c5dc        0x0 PokemonSprite281.o
 .text          0x0800c5dc        0x0 PokemonSprite282.o
 .text          0x0800c5dc        0x0 PokemonSprite283.o
 .text          0x0800c5dc        0x0 PokemonSprite284.o
 .text          0x0800c5dc        0x0 PokemonSprite285.o
 .text          0x0800c5dc        0x0 PokemonSprite286.o
 .text          0x0800c5dc        0x0 PokemonSprite287.o
 .text          0x0800c5dc        0x0 PokemonSprite288.o
 .text          0x0800c5dc        0x0 PokemonSprite289.o
 .text          0x0800c5dc        0x0 PokemonSprite290.o
 .text          0x0800c5dc        0x0 PokemonSprite291.o
 .text          0x0800c5dc        0x0 PokemonSprite292.o
 .text          0x0800c5dc        0x0 PokemonSprite293.o
 .text          0x0800c5dc        0x0 PokemonSprite294.o
 .text          0x0800c5dc        0x0 PokemonSprite295.o
 .text          0x0800c5dc        0x0 PokemonSprite296.o
 .text          0x0800c5dc        0x0 PokemonSprite297.o
 .text          0x0800c5dc        0x0 PokemonSprite298.o
 .text          0x0800c5dc        0x0 PokemonSprite299.o
 .text          0x0800c5dc        0x0 PokemonSprite300.o
 .text          0x0800c5dc        0x0 PokemonSprite301.o
 .text          0x0800c5dc        0x0 PokemonSprite302.o
 .text          0x0800c5dc        0x0 PokemonSprite303.o
 .text          0x0800c5dc        0x0 PokemonSprite304.o
 .text          0x0800c5dc        0x0 PokemonSprite305.o
 .text          0x0800c5dc        0x0 PokemonSprite306.o
 .text          0x0800c5dc        0x0 PokemonSprite307.o
 .text          0x0800c5dc        0x0 PokemonSprite308.o
 .text          0x0800c5dc        0x0 PokemonSprite309.o
 .text          0x0800c5dc        0x0 PokemonSprite310.o
 .text          0x0800c5dc        0x0 PokemonSprite311.o
 .text          0x0800c5dc        0x0 PokemonSprite312.o
 .text          0x0800c5dc        0x0 PokemonSprite313.o
 .text          0x0800c5dc        0x0 PokemonSprite314.o
 .text          0x0800c5dc        0x0 PokemonSprite315.o
 .text          0x0800c5dc        0x0 PokemonSprite316.o
 .text          0x0800c5dc        0x0 PokemonSprite317.o
 .text          0x0800c5dc        0x0 PokemonSprite318.o
 .text          0x0800c5dc        0x0 PokemonSprite319.o
 .text          0x0800c5dc        0x0 PokemonSprite320.o
 .text          0x0800c5dc        0x0 PokemonSprite321.o
 .text          0x0800c5dc        0x0 PokemonSprite322.o
 .text          0x0800c5dc        0x0 PokemonSprite323.o
 .text          0x0800c5dc        0x0 PokemonSprite324.o
 .text          0x0800c5dc        0x0 PokemonSprite325.o
 .text          0x0800c5dc        0x0 PokemonSprite326.o
 .text          0x0800c5dc        0x0 PokemonSprite327.o
 .text          0x0800c5dc        0x0 PokemonSprite328.o
 .text          0x0800c5dc        0x0 PokemonSprite329.o
 .text          0x0800c5dc        0x0 PokemonSprite330.o
 .text          0x0800c5dc        0x0 PokemonSprite331.o
 .text          0x0800c5dc        0x0 PokemonSprite332.o
 .text          0x0800c5dc        0x0 PokemonSprite333.o
 .text          0x0800c5dc        0x0 PokemonSprite334.o
 .text          0x0800c5dc        0x0 PokemonSprite335.o
 .text          0x0800c5dc        0x0 PokemonSprite336.o
 .text          0x0800c5dc        0x0 PokemonSprite337.o
 .text          0x0800c5dc        0x0 PokemonSprite338.o
 .text          0x0800c5dc        0x0 PokemonSprite339.o
 .text          0x0800c5dc        0x0 PokemonSprite340.o
 .text          0x0800c5dc        0x0 PokemonSprite341.o
 .text          0x0800c5dc        0x0 PokemonSprite342.o
 .text          0x0800c5dc        0x0 PokemonSprite343.o
 .text          0x0800c5dc        0x0 PokemonSprite344.o
 .text          0x0800c5dc        0x0 PokemonSprite345.o
 .text          0x0800c5dc        0x0 PokemonSprite346.o
 .text          0x0800c5dc        0x0 PokemonSprite347.o
 .text          0x0800c5dc        0x0 PokemonSprite348.o
 .text          0x0800c5dc        0x0 PokemonSprite349.o
 .text          0x0800c5dc        0x0 PokemonSprite350.o
 .text          0x0800c5dc        0x0 PokemonSprite351.o
 .text          0x0800c5dc        0x0 PokemonSprite352.o
 .text          0x0800c5dc        0x0 PokemonSprite353.o
 .text          0x0800c5dc        0x0 PokemonSprite354.o
 .text          0x0800c5dc        0x0 PokemonSprite355.o
 .text          0x0800c5dc        0x0 PokemonSprite356.o
 .text          0x0800c5dc        0x0 PokemonSprite357.o
 .text          0x0800c5dc        0x0 PokemonSprite358.o
 .text          0x0800c5dc        0x0 PokemonSprite359.o
 .text          0x0800c5dc        0x0 PokemonSprite360.o
 .text          0x0800c5dc        0x0 PokemonSprite361.o
 .text          0x0800c5dc        0x0 PokemonSprite362.o
 .text          0x0800c5dc        0x0 PokemonSprite363.o
 .text          0x0800c5dc        0x0 PokemonSprite364.o
 .text          0x0800c5dc        0x0 PokemonSprite365.o
 .text          0x0800c5dc        0x0 PokemonSprite366.o
 .text          0x0800c5dc        0x0 PokemonSprite367.o
 .text          0x0800c5dc        0x0 PokemonSprite368.o
 .text          0x0800c5dc        0x0 PokemonSprite369.o
 .text          0x0800c5dc        0x0 PokemonSprite370.o
 .text          0x0800c5dc        0x0 PokemonSprite371.o
 .text          0x0800c5dc        0x0 PokemonSprite372.o
 .text          0x0800c5dc        0x0 PokemonSprite373.o
 .text          0x0800c5dc        0x0 PokemonSprite374.o
 .text          0x0800c5dc        0x0 PokemonSprite375.o
 .text          0x0800c5dc        0x0 PokemonSprite376.o
 .text          0x0800c5dc        0x0 PokemonSprite377.o
 .text          0x0800c5dc        0x0 PokemonSprite378.o
 .text          0x0800c5dc        0x0 PokemonSprite379.o
 .text          0x0800c5dc        0x0 PokemonSprite380.o
 .text          0x0800c5dc        0x0 PokemonSprite381.o
 .text          0x0800c5dc        0x0 PokemonSprite382.o
 .text          0x0800c5dc        0x0 PokemonSprite383.o
 .text          0x0800c5dc        0x0 PokemonSprite384.o
 .text          0x0800c5dc        0x0 PokemonSprite385.o
 .text          0x0800c5dc        0x0 PokemonSprite386.o
 .text          0x0800c5dc        0x0 PokemonSprite387.o
 .text          0x0800c5dc        0x0 PokemonSprite388.o
 .text          0x0800c5dc        0x0 PokemonSprite389.o
 .text          0x0800c5dc        0x0 PokemonSprite390.o
 .text          0x0800c5dc        0x0 PokemonSprite391.o
 .text          0x0800c5dc        0x0 PokemonSprite392.o
 .text          0x0800c5dc        0x0 PokemonSprite393.o
 .text          0x0800c5dc        0x0 PokemonSprite394.o
 .text          0x0800c5dc        0x0 PokemonSprite395.o
 .text          0x0800c5dc        0x0 PokemonSprite396.o
 .text          0x0800c5dc        0x0 PokemonSprite397.o
 .text          0x0800c5dc        0x0 PokemonSprite398.o
 .text          0x0800c5dc        0x0 PokemonSprite399.o
 .text          0x0800c5dc        0x0 PokemonSprite400.o
 .text          0x0800c5dc        0x0 PokemonSprite401.o
 .text          0x0800c5dc        0x0 PokemonSprite402.o
 .text          0x0800c5dc        0x0 PokemonSprite403.o
 .text          0x0800c5dc        0x0 PokemonSprite404.o
 .text          0x0800c5dc        0x0 PokemonSprite405.o
 .text          0x0800c5dc        0x0 PokemonSprite406.o
 .text          0x0800c5dc        0x0 PokemonSprite407.o
 .text          0x0800c5dc        0x0 PokemonSprite408.o
 .text          0x0800c5dc        0x0 PokemonSprite409.o
 .text          0x0800c5dc        0x0 PokemonSprite410.o
 .text          0x0800c5dc        0x0 PokemonSprite411.o
 .text          0x0800c5dc        0x0 PokemonSprite412.o
 .text          0x0800c5dc        0x0 PokemonSprite413.o
 .text          0x0800c5dc        0x0 PokemonSprite414.o
 .text          0x0800c5dc        0x0 PokemonSprite415.o
 .text          0x0800c5dc        0x0 PokemonSprite416.o
 .text          0x0800c5dc        0x0 PokemonSprite417.o
 .text          0x0800c5dc        0x0 PokemonSprite418.o
 .text          0x0800c5dc        0x0 PokemonSprite419.o
 .text          0x0800c5dc        0x0 PokemonSprite420.o
 .text          0x0800c5dc        0x0 PokemonSprite421.o
 .text          0x0800c5dc        0x0 PokemonSprite422.o
 .text          0x0800c5dc        0x0 PokemonSprite423.o
 .text          0x0800c5dc        0x0 PokemonSprite424.o
 .text          0x0800c5dc        0x0 PokemonSprite425.o
 .text          0x0800c5dc        0x0 PokemonSprite426.o
 .text          0x0800c5dc        0x0 PokemonSprite427.o
 .text          0x0800c5dc        0x0 PokemonSprite428.o
 .text          0x0800c5dc        0x0 PokemonSprite429.o
 .text          0x0800c5dc        0x0 PokemonSprite430.o
 .text          0x0800c5dc        0x0 PokemonSprite431.o
 .text          0x0800c5dc        0x0 PokemonSprite432.o
 .text          0x0800c5dc        0x0 PokemonSprite433.o
 .text          0x0800c5dc        0x0 PokemonSprite434.o
 .text          0x0800c5dc        0x0 PokemonSprite435.o
 .text          0x0800c5dc        0x0 PokemonSprite436.o
 .text          0x0800c5dc        0x0 PokemonSprite437.o
 .text          0x0800c5dc        0x0 PokemonSprite438.o
 .text          0x0800c5dc        0x0 PokemonSprite439.o
 .text          0x0800c5dc        0x0 PokemonSprite440.o
 .text          0x0800c5dc        0x0 PokemonSprite441.o
 .text          0x0800c5dc        0x0 PokemonSprite442.o
 .text          0x0800c5dc        0x0 PokemonSprite443.o
 .text          0x0800c5dc        0x0 PokemonSprite444.o
 .text          0x0800c5dc        0x0 PokemonSprite445.o
 .text          0x0800c5dc        0x0 PokemonSprite446.o
 .text          0x0800c5dc        0x0 PokemonSprite447.o
 .text          0x0800c5dc        0x0 PokemonSprite448.o
 .text          0x0800c5dc        0x0 PokemonSprite449.o
 .text          0x0800c5dc        0x0 PokemonSprite450.o
 .text          0x0800c5dc        0x0 PokemonSprite451.o
 .text          0x0800c5dc        0x0 PokemonSprite452.o
 .text          0x0800c5dc        0x0 PokemonSprite453.o
 .text          0x0800c5dc        0x0 PokemonSprite454.o
 .text          0x0800c5dc        0x0 PokemonSprite455.o
 .text          0x0800c5dc        0x0 PokemonSprite456.o
 .text          0x0800c5dc        0x0 PokemonSprite457.o
 .text          0x0800c5dc        0x0 PokemonSprite458.o
 .text          0x0800c5dc        0x0 PokemonSprite459.o
 .text          0x0800c5dc        0x0 PokemonSprite460.o
 .text          0x0800c5dc        0x0 PokemonSprite461.o
 .text          0x0800c5dc        0x0 PokemonSprite462.o
 .text          0x0800c5dc        0x0 PokemonSprite463.o
 .text          0x0800c5dc        0x0 PokemonSprite464.o
 .text          0x0800c5dc        0x0 PokemonSprite465.o
 .text          0x0800c5dc        0x0 PokemonSprite466.o
 .text          0x0800c5dc        0x0 PokemonSprite467.o
 .text          0x0800c5dc        0x0 PokemonSprite468.o
 .text          0x0800c5dc        0x0 PokemonSprite469.o
 .text          0x0800c5dc        0x0 PokemonSprite470.o
 .text          0x0800c5dc        0x0 PokemonSprite471.o
 .text          0x0800c5dc        0x0 PokemonSprite472.o
 .text          0x0800c5dc        0x0 PokemonSprite473.o
 .text          0x0800c5dc        0x0 PokemonSprite474.o
 .text          0x0800c5dc        0x0 PokemonSprite475.o
 .text          0x0800c5dc        0x0 PokemonSprite476.o
 .text          0x0800c5dc        0x0 PokemonSprite477.o
 .text          0x0800c5dc        0x0 PokemonSprite478.o
 .text          0x0800c5dc        0x0 PokemonSprite479.o
 .text          0x0800c5dc        0x0 PokemonSprite480.o
 .text          0x0800c5dc        0x0 PokemonSprite481.o
 .text          0x0800c5dc        0x0 PokemonSprite482.o
 .text          0x0800c5dc        0x0 PokemonSprite483.o
 .text          0x0800c5dc        0x0 PokemonSprite484.o
 .text          0x0800c5dc        0x0 PokemonSprite485.o
 .text          0x0800c5dc        0x0 PokemonSprite486.o
 .text          0x0800c5dc        0x0 PokemonSprite487.o
 .text          0x0800c5dc        0x0 PokemonSprite488.o
 .text          0x0800c5dc        0x0 PokemonSprite489.o
 .text          0x0800c5dc        0x0 PokemonSprite490.o
 .text          0x0800c5dc        0x0 PokemonSprite491.o
 .text          0x0800c5dc        0x0 PokemonSprite492.o
 .text          0x0800c5dc        0x0 PokemonSprite493.o
 .text          0x0800c5dc        0x0 PokemonSprite494.o
 .text          0x0800c5dc        0x0 PokemonSprite495.o
 .text          0x0800c5dc        0x0 PokemonSprite496.o
 .text          0x0800c5dc        0x0 PokemonSprite497.o
 .text          0x0800c5dc        0x0 PokemonSprite498.o
 .text          0x0800c5dc        0x0 PokemonSprite499.o
 .text          0x0800c5dc        0x0 PokemonSprite500.o
 .text          0x0800c5dc        0x0 PokemonSprite501.o
 .text          0x0800c5dc        0x0 PokemonSprite502.o
 .text          0x0800c5dc        0x0 PokemonSprite503.o
 .text          0x0800c5dc        0x0 PokemonSprite504.o
 .text          0x0800c5dc        0x0 PokemonSprite505.o
 .text          0x0800c5dc        0x0 PokemonSprite506.o
 .text          0x0800c5dc        0x0 PokemonSprite507.o
 .text          0x0800c5dc        0x0 PokemonSprite508.o
 .text          0x0800c5dc        0x0 PokemonSprite509.o
 .text          0x0800c5dc        0x0 PokemonSprite510.o
 .text          0x0800c5dc        0x0 PokemonSprite511.o
 .text          0x0800c5dc        0x0 PokemonSprite512.o
 .text          0x0800c5dc        0x0 PokemonSprite513.o
 .text          0x0800c5dc        0x0 PokemonSprite514.o
 .text          0x0800c5dc        0x0 PokemonSprite515.o
 .text          0x0800c5dc        0x0 PokemonSprite516.o
 .text          0x0800c5dc        0x0 PokemonSprite517.o
 .text          0x0800c5dc        0x0 PokemonSprite518.o
 .text          0x0800c5dc        0x0 PokemonSprite519.o
 .text          0x0800c5dc        0x0 PokemonSprite520.o
 .text          0x0800c5dc        0x0 PokemonSprite521.o
 .text          0x0800c5dc        0x0 PokemonSprite522.o
 .text          0x0800c5dc        0x0 PokemonSprite523.o
 .text          0x0800c5dc        0x0 PokemonSprite524.o
 .text          0x0800c5dc        0x0 PokemonSprite525.o
 .text          0x0800c5dc        0x0 PokemonSprite526.o
 .text          0x0800c5dc        0x0 PokemonSprite527.o
 .text          0x0800c5dc        0x0 PokemonSprite528.o
 .text          0x0800c5dc        0x0 PokemonSprite529.o
 .text          0x0800c5dc        0x0 PokemonSprite530.o
 .text          0x0800c5dc        0x0 PokemonSprite531.o
 .text          0x0800c5dc        0x0 PokemonSprite532.o
 .text          0x0800c5dc        0x0 PokemonSprite533.o
 .text          0x0800c5dc        0x0 PokemonSprite534.o
 .text          0x0800c5dc        0x0 PokemonSprite535.o
 .text          0x0800c5dc        0x0 PokemonSprite536.o
 .text          0x0800c5dc        0x0 PokemonSprite537.o
 .text          0x0800c5dc        0x0 PokemonSprite538.o
 .text          0x0800c5dc        0x0 PokemonSprite539.o
 .text          0x0800c5dc        0x0 PokemonSprite540.o
 .text          0x0800c5dc        0x0 PokemonSprite541.o
 .text          0x0800c5dc        0x0 PokemonSprite542.o
 .text          0x0800c5dc        0x0 PokemonSprite543.o
 .text          0x0800c5dc        0x0 PokemonSprite544.o
 .text          0x0800c5dc        0x0 PokemonSprite545.o
 .text          0x0800c5dc        0x0 PokemonSprite546.o
 .text          0x0800c5dc        0x0 PokemonSprite547.o
 .text          0x0800c5dc        0x0 PokemonSprite548.o
 .text          0x0800c5dc        0x0 PokemonSprite549.o
 .text          0x0800c5dc        0x0 PokemonSprite550.o
 .text          0x0800c5dc        0x0 PokemonSprite551.o
 .text          0x0800c5dc        0x0 PokemonSprite552.o
 .text          0x0800c5dc        0x0 PokemonSprite553.o
 .text          0x0800c5dc        0x0 PokemonSprite554.o
 .text          0x0800c5dc        0x0 PokemonSprite555.o
 .text          0x0800c5dc        0x0 PokemonSprite556.o
 .text          0x0800c5dc        0x0 PokemonSprite557.o
 .text          0x0800c5dc        0x0 PokemonSprite558.o
 .text          0x0800c5dc        0x0 PokemonSprite559.o
 .text          0x0800c5dc        0x0 PokemonSprite560.o
 .text          0x0800c5dc        0x0 PokemonSprite561.o
 .text          0x0800c5dc        0x0 PokemonSprite562.o
 .text          0x0800c5dc        0x0 PokemonSprite563.o
 .text          0x0800c5dc        0x0 PokemonSprite564.o
 .text          0x0800c5dc        0x0 PokemonSprite565.o
 .text          0x0800c5dc        0x0 PokemonSprite566.o
 .text          0x0800c5dc        0x0 PokemonSprite567.o
 .text          0x0800c5dc        0x0 PokemonSprite568.o
 .text          0x0800c5dc        0x0 PokemonSprite569.o
 .text          0x0800c5dc        0x0 PokemonSprite570.o
 .text          0x0800c5dc        0x0 PokemonSprite571.o
 .text          0x0800c5dc        0x0 PokemonSprite572.o
 .text          0x0800c5dc        0x0 PokemonSprite573.o
 .text          0x0800c5dc        0x0 PokemonSprite574.o
 .text          0x0800c5dc        0x0 PokemonSprite575.o
 .text          0x0800c5dc        0x0 PokemonSprite576.o
 .text          0x0800c5dc        0x0 PokemonSprite577.o
 .text          0x0800c5dc        0x0 PokemonSprite578.o
 .text          0x0800c5dc        0x0 PokemonSprite579.o
 .text          0x0800c5dc        0x0 PokemonSprite580.o
 .text          0x0800c5dc        0x0 PokemonSprite581.o
 .text          0x0800c5dc        0x0 PokemonSprite582.o
 .text          0x0800c5dc        0x0 PokemonSprite583.o
 .text          0x0800c5dc        0x0 PokemonSprite584.o
 .text          0x0800c5dc        0x0 PokemonSprite585.o
 .text          0x0800c5dc        0x0 PokemonSprite586.o
 .text          0x0800c5dc        0x0 PokemonSprite587.o
 .text          0x0800c5dc        0x0 PokemonSprite588.o
 .text          0x0800c5dc        0x0 PokemonSprite589.o
 .text          0x0800c5dc        0x0 PokemonSprite590.o
 .text          0x0800c5dc        0x0 PokemonSprite591.o
 .text          0x0800c5dc        0x0 PokemonSprite592.o
 .text          0x0800c5dc        0x0 PokemonSprite593.o
 .text          0x0800c5dc        0x0 PokemonSprite594.o
 .text          0x0800c5dc        0x0 PokemonSprite595.o
 .text          0x0800c5dc        0x0 PokemonSprite596.o
 .text          0x0800c5dc        0x0 PokemonSprite597.o
 .text          0x0800c5dc        0x0 PokemonSprite598.o
 .text          0x0800c5dc        0x0 PokemonSprite599.o
 .text          0x0800c5dc        0x0 PokemonSprite600.o
 .text          0x0800c5dc        0x0 PokemonSprite601.o
 .text          0x0800c5dc        0x0 PokemonSprite602.o
 .text          0x0800c5dc        0x0 PokemonSprite603.o
 .text          0x0800c5dc        0x0 PokemonSprite604.o
 .text          0x0800c5dc        0x0 PokemonSprite605.o
 .text          0x0800c5dc        0x0 PokemonSprite606.o
 .text          0x0800c5dc        0x0 PokemonSprite607.o
 .text          0x0800c5dc        0x0 PokemonSprite608.o
 .text          0x0800c5dc        0x0 PokemonSprite609.o
 .text          0x0800c5dc        0x0 PokemonSprite610.o
 .text          0x0800c5dc        0x0 PokemonSprite611.o
 .text          0x0800c5dc        0x0 PokemonSprite612.o
 .text          0x0800c5dc        0x0 PokemonSprite613.o
 .text          0x0800c5dc        0x0 PokemonSprite614.o
 .text          0x0800c5dc        0x0 PokemonSprite615.o
 .text          0x0800c5dc        0x0 PokemonSprite616.o
 .text          0x0800c5dc        0x0 PokemonSprite617.o
 .text          0x0800c5dc        0x0 PokemonSprite618.o
 .text          0x0800c5dc        0x0 PokemonSprite619.o
 .text          0x0800c5dc        0x0 PokemonSprite620.o
 .text          0x0800c5dc        0x0 PokemonSprite621.o
 .text          0x0800c5dc        0x0 PokemonSprite622.o
 .text          0x0800c5dc        0x0 PokemonSprite623.o
 .text          0x0800c5dc        0x0 PokemonSprite624.o
 .text          0x0800c5dc        0x0 PokemonSprite625.o
 .text          0x0800c5dc        0x0 PokemonSprite626.o
 .text          0x0800c5dc        0x0 PokemonSprite627.o
 .text          0x0800c5dc        0x0 PokemonSprite628.o
 .text          0x0800c5dc        0x0 PokemonSprite629.o
 .text          0x0800c5dc        0x0 PokemonSprite630.o
 .text          0x0800c5dc        0x0 PokemonSprite631.o
 .text          0x0800c5dc        0x0 PokemonSprite632.o
 .text          0x0800c5dc        0x0 PokemonSprite633.o
 .text          0x0800c5dc        0x0 PokemonSprite634.o
 .text          0x0800c5dc        0x0 PokemonSprite635.o
 .text          0x0800c5dc        0x0 PokemonSprite636.o
 .text          0x0800c5dc        0x0 PokemonSprite637.o
 .text          0x0800c5dc        0x0 PokemonSprite638.o
 .text          0x0800c5dc        0x0 PokemonSprite639.o
 .text          0x0800c5dc        0x0 PokemonSprite640.o
 .text          0x0800c5dc        0x0 PokemonSprite641.o
 .text          0x0800c5dc        0x0 PokemonSprite642.o
 .text          0x0800c5dc        0x0 PokemonSprite643.o
 .text          0x0800c5dc        0x0 PokemonSprite644.o
 .text          0x0800c5dc        0x0 PokemonSprite645.o
 .text          0x0800c5dc        0x0 PokemonSprite646.o
 .text          0x0800c5dc        0x0 PokemonSprite647.o
 .text          0x0800c5dc        0x0 PokemonSprite648.o
 .text          0x0800c5dc        0x0 PokemonSprite649.o
 .text          0x0800c5dc        0x0 GBADivideFunctions.o
 .text          0x0800c5dc       0xb0 M4_Init.o
                0x0800c5dc                M4_Init
 .text          0x0800c68c       0x30 M4_Intr.o
                0x0800c68c                M4_Intr
 .text          0x0800c6bc       0x54 M4_Main.o
                0x0800c6bc                M4_Main
 .text          0x0800c710        0x0 M4_Mixer.o
 .text          0x0800c710       0xac c:/devkitPro/tonc-code/code/tonclib/lib\libtonc.a(tonc_input.o)
                0x0800c710                key_poll
                0x0800c768                key_wait_till_hit
                0x0800c78c                key_repeat
                0x0800c798                key_repeat_mask
                0x0800c7a8                key_repeat_limits
 .text          0x0800c7bc      0x35c c:/devkitPro/tonc-code/code/tonclib/lib\libtonc.a(tonc_irq.o)
                0x0800c7bc                irq_init
                0x0800c800                irq_set_master
                0x0800c830                irq_set
                0x0800c95c                irq_add
                0x0800c9d4                irq_delete
                0x0800ca8c                irq_enable
                0x0800cad4                irq_disable
 .text          0x0800cb18       0xfc c:/devkitPro/tonc-code/code/tonclib/lib\libtonc.a(tte_init_chr4c.o)
                0x0800cb18                chr4c_erase
                0x0800cb44                tte_init_chr4c
 .text          0x0800cc14      0x34c c:/devkitPro/tonc-code/code/tonclib/lib\libtonc.a(tte_iohook.o)
                0x0800cc14                tte_con_nocash
                0x0800cc7c                tte_init_con
                0x0800ccc4                tte_cmd_vt100
                0x0800ce24                tte_con_write
 .text          0x0800cf60      0x9e0 c:/devkitPro/tonc-code/code/tonclib/lib\libtonc.a(tte_main.o)
                0x0800cf60                dummy_drawg
                0x0800cf64                dummy_erase
                0x0800cf68                tte_set_context
                0x0800cf84                tte_set_color_attr
                0x0800cf94                tte_set_color_attrs
                0x0800cfb0                tte_set_color
                0x0800cfd4                tte_set_colors
                0x0800d010                tte_init_base
                0x0800d0a4                utf8_decode_char
                0x0800d154                tte_cmd_skip
                0x0800d168                tte_cmd_next
                0x0800d1a4                tte_putc
                0x0800d1f4                tte_erase_rect
                0x0800d210                tte_erase_screen