Archive member included because of file (symbol)

c:/devkitPro/tonc-code/code/tonclib/lib\libtonc.a(tonc_input.o)
                              Mapping.o (__key_prev)
c:/devkitPro/tonc-code/code/tonclib/lib\libtonc.a(tonc_irq.o)
                              main.o (irq_init)
c:/devkitPro/tonc-code/code/tonclib/lib\libtonc.a(tte_init_chr4c.o)
                              TextFunctions.o (tte_init_chr4c)
c:/devkitPro/tonc-code/code/tonclib/lib\libtonc.a(tte_iohook.o)
                              TextFunctions.o (tte_init_con)
c:/devkitPro/tonc-code/code/tonclib/lib\libtonc.a(tte_main.o)
                              c:/devkitPro/tonc-code/code/tonclib/lib\libtonc.a(tte_init_chr4c.o) (tte_init_base)
c:/devkitPro/tonc-code/code/tonclib/lib\libtonc.a(tonc_bios.o)
                              main.o (VBlankIntrWait)
c:/devkitPro/tonc-code/code/tonclib/lib\libtonc.a(tonc_bios_ex.o)
                              c:/devkitPro/tonc-code/code/tonclib/lib\libtonc.a(tte_main.o) (VBlankIntrDelay)
c:/devkitPro/tonc-code/code/tonclib/lib\libtonc.a(tonc_isr_master.o)
                              c:/devkitPro/tonc-code/code/tonclib/lib\libtonc.a(tonc_irq.o) (isr_master)
c:/devkitPro/tonc-code/code/tonclib/lib\libtonc.a(tonc_memcpy.o)
                              Mapping.o (memcpy32)
c:/devkitPro/tonc-code/code/tonclib/lib\libtonc.a(tonc_memset.o)
                              GBPSoundsEngine.o (memset32)
c:/devkitPro/tonc-code/code/tonclib/lib\libtonc.a(tonc_nocash.o)
                              c:/devkitPro/tonc-code/code/tonclib/lib\libtonc.a(tte_iohook.o) (nocash_message)
c:/devkitPro/tonc-code/code/tonclib/lib\libtonc.a(sys8.o)
                              c:/devkitPro/tonc-code/code/tonclib/lib\libtonc.a(tte_main.o) (sys8Font)
c:/devkitPro/tonc-code/code/tonclib/lib\libtonc.a(verdana9.o)
                              c:/devkitPro/tonc-code/code/tonclib/lib\libtonc.a(tte_init_chr4c.o) (verdana9Font)
c:/devkitPro/tonc-code/code/tonclib/lib\libtonc.a(chr4c_drawg_b4cts_fast.o)
                              TextFunctions.o (chr4c_drawg_b4cts_fast)
c:/devkitPro/tonc-code/code/tonclib/lib\libtonc.a(tonc_schr4c.o)
                              c:/devkitPro/tonc-code/code/tonclib/lib\libtonc.a(tte_init_chr4c.o) (schr4c_rect)
c:/devkitPro/tonc-code/code/tonclib/lib\libtonc.a(tonc_surface.o)
                              c:/devkitPro/tonc-code/code/tonclib/lib\libtonc.a(tte_init_chr4c.o) (srf_init)
c:/devkitPro/tonc-code/code/tonclib/lib\libtonc.a(chr4c_drawg_b1cts.o)
                              c:/devkitPro/tonc-code/code/tonclib/lib\libtonc.a(tte_init_chr4c.o) (chr4c_drawg_b1cts)
c:/devkitPro/GBAWorkSpace/template/lib\libaudio.a(song_1.o)
                              MusicData.o (song_1_Header)
c:/devkitPro/GBAWorkSpace/template/lib\libaudio.a(song_10.o)
                              MusicData.o (song_10_Header)
c:/devkitPro/GBAWorkSpace/template/lib\libaudio.a(song_100.o)
                              MusicData.o (song_100_Header)
c:/devkitPro/GBAWorkSpace/template/lib\libaudio.a(song_101.o)
                              MusicData.o (song_101_Header)
c:/devkitPro/GBAWorkSpace/template/lib\libaudio.a(song_102.o)
                              MusicData.o (song_102_Header)
c:/devkitPro/GBAWorkSpace/template/lib\libaudio.a(song_103.o)
                              MusicData.o (song_103_Header)
c:/devkitPro/GBAWorkSpace/template/lib\libaudio.a(song_104.o)
                              MusicData.o (song_104_Header)
c:/devkitPro/GBAWorkSpace/template/lib\libaudio.a(song_105.o)
                              MusicData.o (song_105_Header)
c:/devkitPro/GBAWorkSpace/template/lib\libaudio.a(song_106.o)
                              MusicData.o (song_106_Header)
c:/devkitPro/GBAWorkSpace/template/lib\libaudio.a(song_107.o)
                              MusicData.o (song_107_Header)
c:/devkitPro/GBAWorkSpace/template/lib\libaudio.a(song_108.o)
                              MusicData.o (song_108_Header)
c:/devkitPro/GBAWorkSpace/template/lib\libaudio.a(song_109.o)
                              MusicData.o (song_109_Header)
c:/devkitPro/GBAWorkSpace/template/lib\libaudio.a(song_11.o)
                              MusicData.o (song_11_Header)
c:/devkitPro/GBAWorkSpace/template/lib\libaudio.a(song_110.o)
                              MusicData.o (song_110_Header)
c:/devkitPro/GBAWorkSpace/template/lib\libaudio.a(song_111.o)
                              MusicData.o (song_111_Header)
c:/devkitPro/GBAWorkSpace/template/lib\libaudio.a(song_112.o)
                              MusicData.o (song_112_Header)
c:/devkitPro/GBAWorkSpace/template/lib\libaudio.a(song_113.o)
                              MusicData.o (song_113_Header)
c:/devkitPro/GBAWorkSpace/template/lib\libaudio.a(song_114.o)
                              MusicData.o (song_114_Header)
c:/devkitPro/GBAWorkSpace/template/lib\libaudio.a(song_115.o)
                              MusicData.o (song_115_Header)
c:/devkitPro/GBAWorkSpace/template/lib\libaudio.a(song_116.o)
[...]
Memory Configuration

Name             Origin             Length             Attributes
rom              0x08000000         0x02000000
iwram            0x03000000         0x00008000
ewram            0x02000000         0x00040000
*default*        0x00000000         0xffffffff

Linker script and memory map

                0x08000000                __text_start = ORIGIN (rom)
                0x02040000                __eheap_end = (ORIGIN (ewram) + 0x40000)
                0x03000000                __iwram_start = ORIGIN (iwram)
                0x03008000                __iwram_top = (ORIGIN (iwram) + 0x8000)
                0x03007fa0                __sp_irq = (__iwram_top - 0x60)
                0x03007f00                __sp_usr = (__sp_irq - 0xa0)
                0x03007ff8                __irq_flags = 0x3007ff8
                0x08000000                . = __text_start

.init           0x08000000      0x21c
 *(.init)
 .init          0x08000000      0x210 c:/devkitpro/devkitarm/bin/../lib/gcc/arm-none-eabi/4.7.1/../../../../arm-none-eabi/lib/thumb/gba_crt0.o
                0x08000000                _start
                0x080000c4                __boot_method
                0x080000c5                __slave_number
                0x080000e0                start_vector
 .init          0x08000210        0x4 c:/devkitpro/devkitarm/bin/../lib/gcc/arm-none-eabi/4.7.1/thumb/crti.o
                0x08000210                _init
 .init          0x08000214        0x8 c:/devkitpro/devkitarm/bin/../lib/gcc/arm-none-eabi/4.7.1/thumb/crtn.o
                0x0800021c                . = ALIGN (0x4)

.plt            0x0800021c        0x0
 *(.plt)
                0x0800021c                . = ALIGN (0x4)

.text           0x08000220    0x15070
 *(EXCLUDE_FILE(*.iwram*) .text)
 .text          0x08000220        0x0 c:/devkitpro/devkitarm/bin/../lib/gcc/arm-none-eabi/4.7.1/../../../../arm-none-eabi/lib/thumb/gba_crt0.o
 .text          0x08000220        0x0 c:/devkitpro/devkitarm/bin/../lib/gcc/arm-none-eabi/4.7.1/thumb/crti.o
 .text          0x08000220       0xd0 c:/devkitpro/devkitarm/bin/../lib/gcc/arm-none-eabi/4.7.1/thumb/crtbegin.o
 .text          0x080002f0      0x148 main.o
                0x080002f0                FadeToBlackPreGameStart
                0x08000318                StartTimer
                0x08000398                StoreTextIntoBuffer
                0x080003cc                SetPlayerName
 .text          0x08000438        0x0 M4SongTable.o
 .text          0x08000438        0x0 M4_Data.o
 .text          0x08000438        0x0 Maps.o
 .text          0x08000438        0x0 MemoryLocations.o
 .text          0x08000438        0x0 MusicData.o
 .text          0x08000438        0x0 OverworldSprites.o
 .text          0x08000438        0x0 PokemonBaseData.o
 .text          0x08000438       0x98 Battles.o
                0x08000438                ChangeBattleDamageLocation
                0x08000450                ApplyTypeBasedModifiers
 .text          0x080004d0      0x1b4 CallbackSystem.o
                0x080004d0                AddFunction
                0x08000554                RemoveFunctionByID
                0x08000578                RemoveFunctionByPointer
                0x080005f8                RunCallbackSystem
 .text          0x08000684      0x178 Flags.o
                0x08000684                FlagDecryption
                0x08000698                GetSeenCaughtStatus
                0x080006f4                GenericCheckFlag
                0x0800071c                CheckFlag
                0x0800074c                GenericSetFlag
                0x08000774                SetFlag
                0x080007a4                GenericClearFlag
                0x080007cc                ClearFlag
 .text          0x080007fc     0x1ba4 GBPSoundsEngine.o
                0x080008ac                ClearMusicPlaybackData
                0x080008d8                CalculateLengthOfTone
                0x080008e8                CalculateTonePitchFromMidiNumber
                0x08000940                CalculateWavePitchFromMidiNumber
                0x0800096c                ExecuteToneModifications
                0x08000ab0                ExecuteWaveModifications
                0x08000b78                WriteNoisePattern
                0x08000bd0                ExecuteNoiseModifications
                0x08000ca4                NullifyHardware
                0x08000d74                StopPlayback
                0x08000db4                PausePlayback
                0x08000dc0                ResumePlayback
                0x08000dcc                SetupSongForPlayback
                0x08000e28                SetupFanfareForPlayback
                0x08000e4c                U16LittleEndianToBigEndian
                0x08000e58                ExecuteCommandsTone
                0x08001168                SwitchWavePattern
                0x080011a0                ExecuteCommandsWave
                0x080013e0                ExecuteCommandsNoise
                0x080014b8                GetModulationPitchAndUpdateData
                0x08001540                ModulateToneTrack
                0x08001668                ResetToneModulationArpeggiationCounters
                0x080016d4                ModulateWaveTrack
                0x080017a8                ArpeggiateToneTrack
                0x0800182c                UpdateCurrentlyPlayingSong
                0x08001d8c                InitialiseGBPSoundsEngine
                0x08001e00                ClearGBPData
                0x08001ea8                PutTrackDataIntoIWRAMAndStartPlayback
                0x08002098                StartNewSongImmediately
                0x080020b4                StartNewFanfareImmediately
                0x080020d0                FadeSong
                0x08002178                FadeSongOut
                0x08002244                FadeSongIn
                0x08002310                GBPSoundsMainEngine
 .text          0x080023a0      0x178 KeyPresses.o
                0x080023a0                IgnoreKeyPresses
                0x080023a4                SetKeyIgnored
                0x080023b4                IsKeyHeld
                0x080023e8                IsKeyDown
                0x080023fc                IsKeyDownButNotHeld
                0x0800242c                IsDPadDown
                0x08002454                GetHorizontalKeyState
                0x08002474                GetVerticalKeyState
                0x08002494                KeyPoll
 .text          0x08002518       0x7c LoadUnalignedCode.o
                0x08002518                LoadUnalignedNumber
                0x08002544                LoadUIntPointer
                0x0800256c                LoadUShortNumber
                0x08002588                SwapBits
 .text          0x08002594     0x1e24 M4_Player.o
                0x08002780                M4_Player
                0x08002c40                M4_StopSong
                0x08002ec8                M4_PlaySong
                0x08003204                M4_PlayByName
                0x08003234                M4_Fade
                0x0800327c                M4_FadeOut
                0x080032a8                M4_FadeIn
                0x080032d4                M4_PlayByIdx
                0x080032f0                M4_StopByName
                0x0800359c                M4_PlayerStopAll
                0x08004024                M4_MainEngine
 .text          0x080043b8       0x70 M4_SFX.o
                0x080043b8                M4_SFX
 .text          0x08004428      0xee4 M4_Track.o
                0x08005008                M4_TrackUpdate
 .text          0x0800530c     0x19d4 Mapping.o
                0x0800530c                TurnRight
                0x08005354                TurnLeft
                0x080053a8                TurnUp
                0x080053f8                TurnDown
                0x08005440                GetMapHeaderFromBankAndMapID
                0x08005450                GetMapWildDataFromBankAndMapID
                0x08005464                GetMapConnectionsFromBankAndMapID
                0x08005478                GetMapFooterFromBankAndMapID
                0x0800548c                GetMusicTrackIDFromBankAndMapID
                0x080054a0                CalculateObjectSize
                0x080054c8                UpdateOAMFromStructure
                0x080056e4                PutTilesetPalettesInMemory
                0x08005718                PutMapPalettesInMemory
                0x08005764                GetTileAnimationDataPointer
                0x08005780                PutTileAnimationDataIntoMemory
                0x080058a4                StoreTilesetIntoMemory
                0x080058f8                PutMapTilesetsInMemory
                0x080059c4                IsConnectionOnSide
                0x08005a00                GetBlockFromData
                0x08005a0c                GetBorderBlock
                0x08005a44                CalculateXConnectionLocation
                0x08005aa0                CalculateYConnectionLocation
                0x08005afc                GetOutOfBoundsXBlock
                0x08005be8                GetOutOfBoundsYBlock
                0x08005cd8                CalculateBlock
                0x08005d28                CalculateBlockMovementPermissions
                0x08005d7c                CalculateBlockID
                0x08005dd0                GetBlockLocation
                0x08005df8                GetBlockDataLocation
                0x08005e20                PutBlockIntoVRAM
                0x08005e84                DrawRowOfBlocks
                0x08005f54                DrawColumnOfBlocks
                0x08006020                DrawMap
                0x08006154                LoadObjectPaletteIntoMemory
                0x080061b4                ChangeSpriteFrame
                0x080061b8                CalculateObjectXLocation
                0x080061e0                CalculateObjectYLocation
                0x08006208                PlacePlayerSprite
                0x08006360                UpdateMapLocations
                0x080063a4                CalculateXMovement
                0x080063d4                CalculateYMovement
                0x08006404                InitialiseXY
                0x08006464                IsNewLocationConnected
                0x08006514                IsNewLocationWalkable
                0x0800656c                IsNewLocationInBounds
                0x08006598                IsNewLocationValid
                0x08006638                CopyMapHeaderAndResetMusic
                0x08006788                ApplyMovement
 .text          0x08006ce0      0x35c Maths.o
                0x08006ce0                ToHex
                0x08006cf0                UnsignedDivide
                0x08006d10                UnsignedModulus
                0x08006d48                ToDecimal
                0x08006d8c                Absolute
                0x08006d94                Sign
                0x08006da8                SignedDivide
                0x08006de0                UnsignedFractionalMultiplication
                0x08006e18                SignedFractionalMultiplication
                0x08006e60                UpdateRandomValue
                0x08006e7c                GetRandom32BitValue
                0x08006e98                GetRandom16BitValue
                0x08006eb8                GetDelimitedRandom32BitValue
                0x08006f10                GetDelimitedRandom16BitValue
                0x08006f6c                WeightedRandom
                0x08006fd8                SeedRNG
                0x08006fe4                ReseedRNG
 .text          0x0800703c      0x708 MemoryManagement.o
                0x0800703c                Allocate
                0x08007128                MemoryAllocate
                0x0800720c                ValueMemoryAllocate
                0x08007324                MemoryDeallocate
                0x080073ac                DefragmentMallocData
                0x080073b0                SpriteAllocate
                0x08007494                SpriteDeallocate
                0x0800751c                PaletteAllocate
                0x08007640                PaletteDeallocate
                0x08007700                InitialisePaletteAllocator
                0x08007720                InitialiseSpriteAllocator
                0x08007730                InitialiseMemoryAllocator
 .text          0x08007744        0xc MiscMemoryWriters.o
                0x08007744                SetMemoryByte
                0x08007748                SetMemoryHalfWord
                0x0800774c                SetMemoryWord
 .text          0x08007750       0xb0 MusicEngine.o
                0x08007750                SetMusicEngine
                0x0800776c                SetMusicEngineAndRestart
                0x08007794                ToggleActiveMusicEngine
                0x080077c4                ToggleActiveMusicEngineAndRestart
 .text          0x08007800     0x1320 Overworld.o
                0x08007800                TransitionToPokegear
                0x08007804                TransitionToPokedex
                0x08007808                TransitionToPokemonMenu
                0x0800780c                TransitionToBag
                0x08007810                TransitionToPlayerCard
                0x08007814                SaveGame
                0x08007818                TransitionToOptions
                0x0800781c                MoveNPCs
                0x08007820                ScriptingKeyPresses
                0x08007824                RunOverworldScriptCommands
                0x08007828                OverworldBackgroundProcesses
                0x08007834                AnimateTiles
                0x08007d1c                ExitMenu
                0x08007d7c                StartMenuKeyPresses
                0x08007f18                CalculateNumberOfFramesPerChange
                0x08007f34                GetRed
                0x08007f3c                GetBlue
                0x08007f44                GetGreen
                0x08007f4c                SetupFadeScreenSlot
                0x08008164                SetupFadeScreenToBlack
                0x08008188                SetupFadeScreenToWhite
                0x080081ac                ClearMenuBox
                0x080081f0                PlaceMenuBox
                0x0800842c                CheckKeyPressesOverworld
                0x08008580                RunOverworldScript
                0x0800859c                RunOverworldScriptingEnvironment
                0x080085e4                SetRed
                0x080085ec                SetBlue
                0x08008600                SetGreen
                0x08008614                FadeScreen
                0x08008818                CountExtraMenuRows
                0x08008854                CountMenuRows
                0x08008890                HandleMenuMoveRequest
                0x08008948                SetPauseMenuFunctions
                0x08008a30                SetCheckKeyPressesOverworld
                0x08008a40                LoadOverworld
 .text          0x08008b20      0x39c Pokedex.o
                0x08008b20                ConvertNationalIDToRegionalID
                0x08008b38                CountDexPokemon
                0x08008ba0                CountSeenPokemon
                0x08008bfc                CountCaughtPokemon
                0x08008c58                ConstructPokedexEntries
                0x08008d6c                DestroyPokedex
                0x08008d8c                ConstructPokedex
                0x08008eb0                HandlePokedexListingKeypress
                0x08008eb4                HandlePokedexEntryKeyPress
                0x08008eb8                HandlePokedexEntryScreenKeyPress
 .text          0x08008ebc     0x1f9c Pokemon.o
                0x08008ebc                InternalPokemonDecrypter
                0x08009008                PokemonDecrypter
                0x08009068                CountPokemon
                0x0800909c                CountPartyPokemon
                0x0800911c                CountEnemyPartyPokemon
                0x0800919c                CountBoxPokemon
                0x080091d8                CountAllBoxPokemon
                0x08009228                SetOTName
                0x08009238                SetNickname
                0x08009248                CalculateChecksum
                0x0800926c                SumEVs
                0x080092c0                AllowEVAddition
                0x08009350                GetExperienceAtLevel
                0x08009370                GetLevel100MaxExperience
                0x08009398                ExperienceGainCausesLevelUp
                0x080093c4                InternalPokemonEncrypter
                0x08009960                PokemonEncrypter
                0x080099dc                HappinessCheck
                0x080099f4                LevelCheck
                0x08009a00                TimeCheck
                0x08009a10                GenderCheck
                0x08009a28                HeldItemCheck
                0x08009a40                KnownMoveCheck
                0x08009a80                KnownMoveCheckType
                0x08009b00                CheckLevelUpEvolutions
                0x08009b6c                CheckTradeEvolutions
                0x08009b70                CheckStoneEvolutions
                0x08009b74                AddExperienceToPokemon
                0x08009c98                PokemonIsShiny
                0x08009ce8                CalculateHighestIVIndex
                0x08009e6c                CalculateCharacteristicIndex
                0x08009ee0                GeneratePID
                0x08009f04                GenerateIV
                0x08009f14                GenerateAllIVs
                0x08009f80                SetGender
                0x08009fbc                SetNature
                0x08009fe8                GetClampedFormeByteValue
                0x0800a044                GetBaseStatFromIndex
                0x0800a084                CalculateStats
                0x0800a2ec                GiveHeldItemFromTrainerData
                0x0800a308                GiveHeldItemFromBaseData
                0x0800a3bc                GivePokemonAbility
                0x0800a45c                SetBaseFriendship
                0x0800a4e8                SetBaseExperienceFromLevel
                0x0800a52c                SetBasicTypes
                0x0800a5b8                GetUnownLetterFromPID
                0x0800a5f0                SetFormeByUnownLetter
                0x0800a640                CheckIfCanLearnNewMoveAndLearnIfWanted
                0x0800a694                SetMoves
                0x0800a780                GetPokemonSpritePaletteFromPokemon
                0x0800a7f0                GetPokemonFrontSpriteFromPokemon
                0x0800a85c                GetPokemonBackSpriteFromPokemon
                0x0800a8c8                GetPokemonPaletteFromPokemon
                0x0800a97c                GeneratePokemon
                0x0800abb8                FindBabySpeciesInner
                0x0800ac00                GeneratePokemonEgg
                0x0800ad78                GivePokemonToPlayer
                0x0800ade0                GenerateWildPokemonFromData
 .text          0x0800ae58       0x44 ScriptRunner.o
                0x0800ae58                RunScript
 .text          0x0800ae9c      0x680 TextFunctions.o
                0x0800ae9c                StringCopy
                0x0800aec8                StringCopyWithBufferChecks
                0x0800af88                BufferString
                0x0800afc8                BufferPokemonSpeciesName
                0x0800b00c                BufferPokemonName
                0x0800b010                BufferRouteName
                0x0800b054                BufferNumber
                0x0800b110                BufferNegativeNumber
                0x0800b1bc                BufferUnsignedLongNumber
                0x0800b27c                BufferUnsignedShortNumber
                0x0800b2fc                BufferSignedLongNumber
                0x0800b3d4                BufferSignedShortNumber
                0x0800b470                CharacterComparison
                0x0800b480                DrawCharacter
                0x0800b4a4                DrawString
                0x0800b4e0                InitialiseTextEngine
 .text          0x0800b51c       0xc4 Variables.o
                0x0800b51c                VarDecryption
                0x0800b55c                GetVarValue
                0x0800b5a0                SetVar
 .text          0x0800b5e0      0xf54 rtc.o
                0x0800b5e0                OverworldPaletteUpdate
                0x0800b5e4                CompareTimeTo
                0x0800b61c                rtc_cmd
                0x0800b6c0                rtc_read
                0x0800b774                rtc_get
                0x0800bc98                rtc_update
                0x0800bdd4                rtc_data
                0x0800be78                rtc_enable
                0x0800bf90                rtc_check
                0x0800bfa0                rtc_set
                0x0800c468                IncrementPlayerPlayedCounter
                0x0800c4b8                RTCMainLoopUpdate
 .text          0x0800c534        0x0 PokeData.o
 .text          0x0800c534        0x0 GBADivideFunctions.o
 .text          0x0800c534       0xb0 M4_Init.o
                0x0800c534                M4_Init
 .text          0x0800c5e4       0x30 M4_Intr.o
                0x0800c5e4                M4_Intr
 .text          0x0800c614       0x54 M4_Main.o
                0x0800c614                M4_Main
 .text          0x0800c668        0x0 M4_Mixer.o
 .text          0x0800c668       0xac c:/devkitPro/tonc-code/code/tonclib/lib\libtonc.a(tonc_input.o)
                0x0800c668                key_poll
                0x0800c6c0                key_wait_till_hit
                0x0800c6e4                key_repeat
                0x0800c6f0                key_repeat_mask
                0x0800c700                key_repeat_limits
 .text          0x0800c714      0x35c c:/devkitPro/tonc-code/code/tonclib/lib\libtonc.a(tonc_irq.o)
                0x0800c714                irq_init
                0x0800c758                irq_set_master
                0x0800c788                irq_set
                0x0800c8b4                irq_add
                0x0800c92c                irq_delete
                0x0800c9e4                irq_enable
                0x0800ca2c                irq_disable
 .text          0x0800ca70       0xfc c:/devkitPro/tonc-code/code/tonclib/lib\libtonc.a(tte_init_chr4c.o)
                0x0800ca70                chr4c_erase
                0x0800ca9c                tte_init_chr4c
 .text          0x0800cb6c      0x34c c:/devkitPro/tonc-code/code/tonclib/lib\libtonc.a(tte_iohook.o)
                0x0800cb6c                tte_con_nocash
                0x0800cbd4                tte_init_con
                0x0800cc1c                tte_cmd_vt100
                0x0800cd7c                tte_con_write
 .text          0x0800ceb8      0x9e0 c:/devkitPro/tonc-code/code/tonclib/lib\libtonc.a(tte_main.o)
                0x0800ceb8                dummy_drawg
                0x0800cebc                dummy_erase
                0x0800cec0                tte_set_context
                0x0800cedc                tte_set_color_attr
                0x0800ceec                tte_set_color_attrs
                0x0800cf08                tte_set_color
                0x0800cf2c                tte_set_colors
                0x0800cf68                tte_init_base
                0x0800cffc                utf8_decode_char
                0x0800d0ac                tte_cmd_skip
                0x0800d0c0                tte_cmd_next
                0x0800d0fc                tte_putc
                0x0800d14c                tte_erase_rect
                0x0800d168                tte_erase_screen
                0x0800d18c                tte_erase_line
                0x0800d1b4                tte_cmd_default
                0x0800d670                tte_write
                0x0800d75c                tte_write_ex
                0x0800d78c                tte_get_text_size
                0x0800d878                tte_set_margins
 .text          0x0800d898       0x8c c:/devkitPro/tonc-code/code/tonclib/lib\libtonc.a(tonc_bios.o)
                0x0800d898                SoftReset
                0x0800d89c                RegisterRamReset
                0x0800d8a0                Halt
                0x0800d8a4                Stop
                0x0800d8a8                IntrWait
                0x0800d8ac                VBlankIntrWait
                0x0800d8b0                Div
                0x0800d8b4                DivArm
                0x0800d8b8                Sqrt
                0x0800d8bc                ArcTan
                0x0800d8c0                ArcTan2
                0x0800d8c4                CpuSet
                0x0800d8c8                CpuFastSet
                0x0800d8cc                BiosCheckSum
                0x0800d8d0                BgAffineSet
                0x0800d8d4                ObjAffineSet
                0x0800d8d8                BitUnPack
                0x0800d8dc                LZ77UnCompWram
                0x0800d8e0                LZ77UnCompVram
                0x0800d8e4                HuffUnComp
                0x0800d8e8                RLUnCompWram
                0x0800d8ec                RLUnCompVram
                0x0800d8f0                Diff8bitUnFilterWram
                0x0800d8f4                Diff8bitUnFilterVram
                0x0800d8f8                Diff16bitUnFilter
                0x0800d8fc                SoundBias
                0x0800d900                SoundDriverInit
                0x0800d904                SoundDriverMode
                0x0800d908                SoundDriverMain
                0x0800d90c                SoundDriverVSync
                0x0800d910                SoundChannelClear
                0x0800d914                MidiKey2Freq
                0x0800d918                MultiBoot
                0x0800d91c                SoundDriverVSyncOff
                0x0800d920                SoundDriverVSyncOn
 .text          0x0800d924       0x54 c:/devkitPro/tonc-code/code/tonclib/lib\libtonc.a(tonc_bios_ex.o)
                0x0800d924                VBlankIntrDelay
                0x0800d934                DivSafe
                0x0800d948                Mod
                0x0800d950                DivAbs
                0x0800d958                DivArmMod
                0x0800d960                DivArmAbs
                0x0800d968                CpuFastFill
 .text          0x0800d978        0x0 c:/devkitPro/tonc-code/code/tonclib/lib\libtonc.a(tonc_isr_master.o)
 .text          0x0800d978       0x44 c:/devkitPro/tonc-code/code/tonclib/lib\libtonc.a(tonc_memcpy.o)
                0x0800d978                memcpy16
 .text          0x0800d9bc       0x3c c:/devkitPro/tonc-code/code/tonclib/lib\libtonc.a(tonc_memset.o)
                0x0800d9bc                memset16
 .text          0x0800d9f8       0x38 c:/devkitPro/tonc-code/code/tonclib/lib\libtonc.a(tonc_nocash.o)
                0x0800d9f8                nocash_puts
 .text          0x0800da30        0x0 c:/devkitPro/tonc-code/code/tonclib/lib\libtonc.a(sys8.o)
 .text          0x0800da30        0x0 c:/devkitPro/tonc-code/code/tonclib/lib\libtonc.a(verdana9.o)
 .text          0x0800da30        0x0 c:/devkitPro/tonc-code/code/tonclib/lib\libtonc.a(chr4c_drawg_b4cts_fast.o)
 .text          0x0800da30      0x9ec c:/devkitPro/tonc-code/code/tonclib/lib\libtonc.a(tonc_schr4c.o)
                0x0800da30                schr4c_get_pixel
                0x0800da54                schr4c_plot
                0x0800da84                schr4c_hline
                0x0800db44                schr4c_vline
                0x0800db8c                schr4c_line
                0x0800dd08                schr4c_blit
                0x0800e04c                schr4c_frame
                0x0800e0dc                schr4c_rect
                0x0800e200                schr4c_prep_map
                0x0800e254                schr4c_get_ptr
                0x0800e264                schr4c_floodfill_internal
                0x0800e3e4                schr4c_floodfill
 .text          0x0800e41c      0x138 c:/devkitPro/tonc-code/code/tonclib/lib\libtonc.a(tonc_surface.o)
                0x0800e41c                srf_init
                0x0800e4d4                srf_pal_copy
                0x0800e4f4                srf_get_ptr
 .text          0x0800e554      0x120 c:/devkitPro/tonc-code/code/tonclib/lib\libtonc.a(chr4c_drawg_b1cts.o)
                0x0800e554                chr4c_drawg_b1cts
 .text          0x0800e674        0x0 c:/devkitPro/GBAWorkSpace/template/lib\libaudio.a(song_1.o)
 .text          0x0800e674        0x0 c:/devkitPro/GBAWorkSpace/template/lib\libaudio.a(song_10.o)
 .text          0x0800e674        0x0 c:/devkitPro/GBAWorkSpace/template/lib\libaudio.a(song_100.o)
 .text          0x0800e674        0x0 c:/devkitPro/GBAWorkSpace/template/lib\libaudio.a(song_101.o)
 .text          0x0800e674        0x0 c:/devkitPro/GBAWorkSpace/template/lib\libaudio.a(song_102.o)
 .text          0x0800e674        0x0 c:/devkitPro/GBAWorkSpace/template/lib\libaudio.a(song_103.o)
 .text          0x0800e674        0x0 c:/devkitPro/GBAWorkSpace/template/lib\libaudio.a(song_104.o)
 .text          0x0800e674        0x0 c:/devkitPro/GBAWorkSpace/template/lib\libaudio.a(song_105.o)
 .text          0x0800e674        0x0 c:/devkitPro/GBAWorkSpace/template/lib\libaudio.a(song_106.o)
 .text          0x0800e674        0x0 c:/devkitPro/GBAWorkSpace/template/lib\libaudio.a(song_107.o)
 .text          0x0800e674        0x0 c:/devkitPro/GBAWorkSpace/template/lib\libaudio.a(song_108.o)
 .text          0x0800e674        0x0 c:/devkitPro/GBAWorkSpace/template/lib\libaudio.a(song_109.o)
 .text          0x0800e674        0x0 c:/devkitPro/GBAWorkSpace/template/lib\libaudio.a(song_11.o)
 .text          0x0800e674        0x0 c:/devkitPro/GBAWorkSpace/template/lib\libaudio.a(song_110.o)
 .text          0x0800e674        0x0 c:/devkitPro/GBAWorkSpace/template/lib\libaudio.a(song_111.o)
 .text          0x0800e674        0x0 c:/devkitPro/GBAWorkSpace/template/lib\libaudio.a(song_112.o)
 .text          0x0800e674        0x0 c:/devkitPro/GBAWorkSpace/template/lib\libaudio.a(song_113.o)
 .text          0x0800e674        0x0 c:/devkitPro/GBAWorkSpace/template/lib\libaudio.a(song_114.o)
 .text          0x0800e674        0x0 c:/devkitPro/GBAWorkSpace/template/lib\libaudio.a(song_115.o)
 .text          0x0800e674        0x0 c:/devkitPro/GBAWorkSpace/template/lib\libaudio.a(song_116.o)
 .text          0x0800e674        0x0 c:/devkitPro/GBAWorkSpace/template/lib\libaudio.a(song_117.o)
 .text          0x0800e674        0x0 c:/devkitPro/GBAWorkSpace/template/lib\libaudio.a(song_118.o)
 .text          0x0800e674        0x0 c:/devkitPro/GBAWorkSpace/template/lib\libaudio.a(song_119.o)
 .text          0x0800e674        0x0 c:/devkitPro/GBAWorkSpace/template/lib\libaudio.a(song_12.o)
 .text          0x0800e674        0x0 c:/devkitPro/GBAWorkSpace/template/lib\libaudio.a(song_120.o)
 .text          0x0800e674        0x0 c:/devkitPro/GBAWorkSpace/template/lib\libaudio.a(song_121.o)
 .text          0x0800e674        0x0 c:/devkitPro/GBAWorkSpace/template/lib\libaudio.a(song_122.o)
 .text          0x0800e674        0x0 c:/devkitPro/GBAWorkSpace/template/lib\libaudio.a(song_123.o)
 .text          0x0800e674        0x0 c:/devkitPro/GBAWorkSpace/template/lib\libaudio.a(song_124.o)
 .text          0x0800e674        0x0 c:/devkitPro/GBAWorkSpace/template/lib\libaudio.a(song_125.o)
 .text          0x0800e674        0x0 c:/devkitPro/GBAWorkSpace/template/lib\libaudio.a(song_126.o)
 .text          0x0800e674        0x0 c:/devkitPro/GBAWorkSpace/template/lib\libaudio.a(song_127.o)
 .text          0x0800e674        0x0 c:/devkitPro/GBAWorkSpace/template/lib\libaudio.a(song_128.o)
 .text          0x0800e674        0x0 c:/devkitPro/GBAWorkSpace/template/lib\libaudio.a(song_129.o)
 .text          0x0800e674        0x0 c:/devkitPro/GBAWorkSpace/template/lib\libaudio.a(song_13.o)
 .text          0x0800e674        0x0 c:/devkitPro/GBAWorkSpace/template/lib\libaudio.a(song_130.o)
 .text          0x0800e674        0x0 c:/devkitPro/GBAWorkSpace/template/lib\libaudio.a(song_131.o)
 .text          0x0800e674        0x0 c:/devkitPro/GBAWorkSpace/template/lib\libaudio.a(song_132.o)
 .text          0x0800e674        0x0 c:/devkitPro/GBAWorkSpace/template/lib\libaudio.a(song_133.o)
 .text          0x0800e674        0x0 c:/devkitPro/GBAWorkSpace/template/lib\libaudio.a(song_134.o)
 .text          0x0800e674        0x0 c:/devkitPro/GBAWorkSpace/template/lib\libaudio.a(song_135.o)
 .text          0x0800e674        0x0 c:/devkitPro/GBAWorkSpace/template/lib\libaudio.a(song_136.o)
 .text          0x0800e674        0x0 c:/devkitPro/GBAWorkSpace/template/lib\libaudio.a(song_137.o)
 .text          0x0800e674        0x0 c:/devkitPro/GBAWorkSpace/template/lib\libaudio.a(song_138.o)
 .text          0x0800e674        0x0 c:/devkitPro/GBAWorkSpace/template/lib\libaudio.a(song_139.o)
 .text          0x0800e674        0x0 c:/devkitPro/GBAWorkSpace/template/lib\libaudio.a(song_14.o)
 .text          0x0800e674        0x0 c:/devkitPro/GBAWorkSpace/template/lib\libaudio.a(song_140.o)
 .text          0x0800e674        0x0 c:/devkitPro/GBAWorkSpace/template/lib\libaudio.a(song_141.o)
 .text          0x0800e674        0x0 c:/devkitPro/GBAWorkSpace/template/lib\libaudio.a(song_142.o)
 .text          0x0800e674        0x0 c:/devkitPro/GBAWorkSpace/template/lib\libaudio.a(song_143.o)
 .text          0x0800e674        0x0 c:/devkitPro/GBAWorkSpace/template/lib\libaudio.a(song_144.o)
 .text          0x0800e674        0x0 c:/devkitPro/GBAWorkSpace/template/lib\libaudio.a(song_145.o)
 .text          0x0800e674        0x0 c:/devkitPro/GBAWorkSpace/template/lib\libaudio.a(song_146.o)
 .text          0x0800e674        0x0 c:/devkitPro/GBAWorkSpace/template/lib\libaudio.a(song_147.o)
 .text          0x0800e674        0x0 c:/devkitPro/GBAWorkSpace/template/lib\libaudio.a(song_15.o)
 .text          0x0800e674        0x0 c:/devkitPro/GBAWorkSpace/template/lib\libaudio.a(song_16.o)
 .text          0x0800e674        0x0 c:/devkitPro/GBAWorkSpace/template/lib\libaudio.a(song_17.o)
 .text          0x0800e674        0x0 c:/devkitPro/GBAWorkSpace/template/lib\libaudio.a(song_18.o)
 .text          0x0800e674        0x0 c:/devkitPro/GBAWorkSpace/template/lib\libaudio.a(song_19.o)
 .text          0x0800e674        0x0 c:/devkitPro/GBAWorkSpace/template/lib\libaudio.a(song_2.o)
 .text          0x0800e674        0x0 c:/devkitPro/GBAWorkSpace/template/lib\libaudio.a(song_20.o)
 .text          0x0800e674        0x0 c:/devkitPro/GBAWorkSpace/template/lib\libaudio.a(song_21.o)
 .text          0x0800e674        0x0 c:/devkitPro/GBAWorkSpace/template/lib\libaudio.a(song_22.o)
 .text          0x0800e674        0x0 c:/devkitPro/GBAWorkSpace/template/lib\libaudio.a(song_23.o)
 .text          0x0800e674        0x0 c:/devkitPro/GBAWorkSpace/template/lib\libaudio.a(song_24.o)
 .text          0x0800e674        0x0 c:/devkitPro/GBAWorkSpace/template/lib\libaudio.a(song_25.o)
 .text          0x0800e674        0x0 c:/devkitPro/GBAWorkSpace/template/lib\libaudio.a(song_26.o)
 .text          0x0800e674        0x0 c:/devkitPro/GBAWorkSpace/template/lib\libaudio.a(song_27.o)
 .text          0x0800e674        0x0 c:/devkitPro/GBAWorkSpace/template/lib\libaudio.a(song_28.o)
 .text          0x0800e674        0x0 c:/devkitPro/GBAWorkSpace/template/lib\libaudio.a(song_29.o)
 .text          0x0800e674        0x0 c:/devkitPro/GBAWorkSpace/template/lib\libaudio.a(song_3.o)
 .text          0x0800e674        0x0 c:/devkitPro/GBAWorkSpace/template/lib\libaudio.a(song_30.o)
 .text          0x0800e674        0x0 c:/devkitPro/GBAWorkSpace/template/lib\libaudio.a(song_31.o)
 .text          0x0800e674        0x0 c:/devkitPro/GBAWorkSpace/template/lib\libaudio.a(song_32.o)
 .text          0x0800e674        0x0 c:/devkitPro/GBAWorkSpace/template/lib\libaudio.a(song_33.o)
 .text          0x0800e674        0x0 c:/devkitPro/GBAWorkSpace/template/lib\libaudio.a(song_34.o)
 .text          0x0800e674        0x0 c:/devkitPro/GBAWorkSpace/template/lib\libaudio.a(song_35.o)
 .text          0x0800e674        0x0 c:/devkitPro/GBAWorkSpace/template/lib\libaudio.a(song_36.o)
 .text          0x0800e674        0x0 c:/devkitPro/GBAWorkSpace/template/lib\libaudio.a(song_37.o)
 .text          0x0800e674        0x0 c:/devkitPro/GBAWorkSpace/template/lib\libaudio.a(song_38.o)
 .text          0x0800e674        0x0 c:/devkitPro/GBAWorkSpace/template/lib\libaudio.a(song_39.o)
 .text          0x0800e674        0x0 c:/devkitPro/GBAWorkSpace/template/lib\libaudio.a(song_4.o)
 .text          0x0800e674        0x0 c:/devkitPro/GBAWorkSpace/template/lib\libaudio.a(song_40.o)
 .text          0x0800e674        0x0 c:/devkitPro/GBAWorkSpace/template/lib\libaudio.a(song_41.o)
 .text          0x0800e674        0x0 c:/devkitPro/GBAWorkSpace/template/lib\libaudio.a(song_42.o)
 .text          0x0800e674        0x0 c:/devkitPro/GBAWorkSpace/template/lib\libaudio.a(song_43.o)
 .text          0x0800e674        0x0 c:/devkitPro/GBAWorkSpace/template/lib\libaudio.a(song_44.o)
 .text          0x0800e674        0x0 c:/devkitPro/GBAWorkSpace/template/lib\libaudio.a(song_45.o)
 .text          0x0800e674        0x0 c:/devkitPro/GBAWorkSpace/template/lib\libaudio.a(song_46.o)
 .text          0x0800e674        0x0 c:/devkitPro/GBAWorkSpace/template/lib\libaudio.a(song_47.o)
 .text          0x0800e674        0x0 c:/devkitPro/GBAWorkSpace/template/lib\libaudio.a(song_48.o)
 .text          0x0800e674        0x0 c:/devkitPro/GBAWorkSpace/template/lib\libaudio.a(song_49.o)
 .text          0x0800e674        0x0 c:/devkitPro/GBAWorkSpace/template/lib\libaudio.a(song_5.o)
 .text          0x0800e674        0x0 c:/devkitPro/GBAWorkSpace/template/lib\libaudio.a(song_50.o)
 .text          0x0800e674        0x0 c:/devkitPro/GBAWorkSpace/template/lib\libaudio.a(song_51.o)
 .text          0x0800e674        0x0 c:/devkitPro/GBAWorkSpace/template/lib\libaudio.a(song_52.o)
 .text          0x0800e674        0x0 c:/devkitPro/GBAWorkSpace/template/lib\libaudio.a(song_53.o)
 .text          0x0800e674        0x0 c:/devkitPro/GBAWorkSpace/template/lib\libaudio.a(song_54.o)
 .text          0x0800e674        0x0 c:/devkitPro/GBAWorkSpace/template/lib\libaudio.a(song_55.o)
 .text          0x0800e674        0x0 c:/devkitPro/GBAWorkSpace/template/lib\libaudio.a(song_56.o)
 .text          0x0800e674        0x0 c:/devkitPro/GBAWorkSpace/template/lib\libaudio.a(song_57.o)
 .text          0x0800e674        0x0 c:/devkitPro/GBAWorkSpace/template/lib\libaudio.a(song_58.o)
 .text          0x0800e674        0x0 c:/devkitPro/GBAWorkSpace/template/lib\libaudio.a(song_59.o)
 .text          0x0800e674        0x0 c:/devkitPro/GBAWorkSpace/template/lib\libaudio.a(song_6.o)
 .text          0x0800e674        0x0 c:/devkitPro/GBAWorkSpace/template/lib\libaudio.a(song_60.o)
 .text          0x0800e674        0x0 c:/devkitPro/GBAWorkSpace/template/lib\libaudio.a(song_61.o)
 .text          0x0800e674        0x0 c:/devkitPro/GBAWorkSpace/template/lib\libaudio.a(song_62.o)
 .text          0x0800e674        0x0 c:/devkitPro/GBAWorkSpace/template/lib\libaudio.a(song_63.o)
 .text          0x0800e674        0x0 c:/devkitPro/GBAWorkSpace/template/lib\libaudio.a(song_64.o)
 .text          0x0800e674        0x0 c:/devkitPro/GBAWorkSpace/template/lib\libaudio.a(song_65.o)
 .text          0x0800e674        0x0 c:/devkitPro/GBAWorkSpace/template/lib\libaudio.a(song_66.o)
 .text          0x0800e674        0x0 c:/devkitPro/GBAWorkSpace/template/lib\libaudio.a(song_67.o)
 .text          0x0800e674        0x0 c:/devkitPro/GBAWorkSpace/template/lib\libaudio.a(song_68.o)
 .text          0x0800e674        0x0 c:/devkitPro/GBAWorkSpace/template/lib\libaudio.a(song_69.o)
 .text          0x0800e674        0x0 c:/devkitPro/GBAWorkSpace/template/lib\libaudio.a(song_7.o)
 .text          0x0800e674        0x0 c:/devkitPro/GBAWorkSpace/template/lib\libaudio.a(song_70.o)
 .text          0x0800e674        0x0 c:/devkitPro/GBAWorkSpace/template/lib\libaudio.a(song_71.o)
 .text          0x0800e674        0x0 c:/devkitPro/GBAWorkSpace/template/lib\libaudio.a(song_72.o)
 .text          0x0800e674        0x0 c:/devkitPro/GBAWorkSpace/template/lib\libaudio.a(song_73.o)
 .text          0x0800e674        0x0 c:/devkitPro/GBAWorkSpace/template/lib\libaudio.a(song_74.o)
 .text          0x0800e674        0x0 c:/devkitPro/GBAWorkSpace/template/lib\libaudio.a(song_75.o)
 .text          0x0800e674        0x0 c:/devkitPro/GBAWorkSpace/template/lib\libaudio.a(song_76.o)
 .text          0x0800e674        0x0 c:/devkitPro/GBAWorkSpace/template/lib\libaudio.a(song_77.o)
 .text          0x0800e674        0x0 c:/devkitPro/GBAWorkSpace/template/lib\libaudio.a(song_78.o)
 .text          0x0800e674        0x0 c:/devkitPro/GBAWorkSpace/template/lib\libaudio.a(song_79.o)
 .text          0x0800e674        0x0 c:/devkitPro/GBAWorkSpace/template/lib\libaudio.a(song_8.o)
 .text          0x0800e674        0x0 c:/devkitPro/GBAWorkSpace/template/lib\libaudio.a(song_80.o)
 .text          0x0800e674        0x0 c:/devkitPro/GBAWorkSpace/template/lib\libaudio.a(song_81.o)
 .text          0x0800e674        0x0 c:/devkitPro/GBAWorkSpace/template/lib\libaudio.a(song_82.o)
 .text          0x0800e674        0x0 c:/devkitPro/GBAWorkSpace/template/lib\libaudio.a(song_83.o)
 .text          0x0800e674        0x0 c:/devkitPro/GBAWorkSpace/template/lib\libaudio.a(song_84.o)
 .text          0x0800e674        0x0 c:/devkitPro/GBAWorkSpace/template/lib\libaudio.a(song_85.o)
 .text          0x0800e674        0x0 c:/devkitPro/GBAWorkSpace/template/lib\libaudio.a(song_86.o)
 .text          0x0800e674        0x0 c:/devkitPro/GBAWorkSpace/template/lib\libaudio.a(song_87.o)
 .text          0x0800e674        0x0 c:/devkitPro/GBAWorkSpace/template/lib\libaudio.a(song_88.o)
 .text          0x0800e674        0x0 c:/devkitPro/GBAWorkSpace/template/lib\libaudio.a(song_89.o)
 .text          0x0800e674        0x0 c:/devkitPro/GBAWorkSpace/template/lib\libaudio.a(song_9.o)
 .text          0x0800e674        0x0 c:/devkitPro/GBAWorkSpace/template/lib\libaudio.a(song_90.o)
 .text          0x0800e674        0x0 c:/devkitPro/GBAWorkSpace/template/lib\libaudio.a(song_91.o)
 .text          0x0800e674        0x0 c:/devkitPro/GBAWorkSpace/template/lib\libaudio.a(song_92.o)
 .text          0x0800e674        0x0 c:/devkitPro/GBAWorkSpace/template/lib\libaudio.a(song_93.o)
 .text          0x0800e674        0x0 c:/devkitPro/GBAWorkSpace/template/lib\libaudio.a(song_94.o)
 .text          0x0800e674        0x0 c:/devkitPro/GBAWorkSpace/template/lib\libaudio.a(song_95.o)
 .text          0x0800e674        0x0 c:/devkitPro/GBAWorkSpace/template/lib\libaudio.a(song_96.o)
 .text          0x0800e674        0x0 c:/devkitPro/GBAWorkSpace/template/lib\libaudio.a(song_97.o)
 .text          0x0800e674        0x0 c:/devkitPro/GBAWorkSpace/template/lib\libaudio.a(song_98.o)
 .text          0x0800e674        0x0 c:/devkitPro/GBAWorkSpace/template/lib\libaudio.a(song_99.o)
 .text          0x0800e674        0x0 c:/devkitPro/GBAWorkSpace/template/lib\libaudio.a(Sample4A3DB8.o)
 .text          0x0800e674        0x0 c:/devkitPro/GBAWorkSpace/template/lib\libaudio.a(Sample4A445C.o)
 .text          0x0800e674        0x0 c:/devkitPro/GBAWorkSpace/template/lib\libaudio.a(Sample4A4C54.o)
 .text          0x0800e674        0x0 c:/devkitPro/GBAWorkSpace/template/lib\libaudio.a(Sample4A5820.o)
 .text          0x0800e674        0x0 c:/devkitPro/GBAWorkSpace/template/lib\libaudio.a(Sample4A6758.o)
 .text          0x0800e674        0x0 c:/devkitPro/GBAWorkSpace/template/lib\libaudio.a(Sample4A73CC.o)
 .text          0x0800e674        0x0 c:/devkitPro/GBAWorkSpace/template/lib\libaudio.a(Sample4A889C.o)
 .text          0x0800e674        0x0 c:/devkitPro/GBAWorkSpace/template/lib\libaudio.a(Sample4A9F4C.o)
 .text          0x0800e674        0x0 c:/devkitPro/GBAWorkSpace/template/lib\libaudio.a(Sample4AB290.o)
 .text          0x0800e674        0x0 c:/devkitPro/GBAWorkSpace/template/lib\libaudio.a(Sample4ABD34.o)
 .text          0x0800e674        0x0 c:/devkitPro/GBAWorkSpace/template/lib\libaudio.a(Sample4AD048.o)
 .text          0x0800e674        0x0 c:/devkitPro/GBAWorkSpace/template/lib\libaudio.a(Sample4B0644.o)
 .text          0x0800e674        0x0 c:/devkitPro/GBAWorkSpace/template/lib\libaudio.a(Sample4B0B1C.o)
 .text          0x0800e674        0x0 c:/devkitPro/GBAWorkSpace/template/lib\libaudio.a(Sample4B23F8.o)
 .text          0x0800e674        0x0 c:/devkitPro/GBAWorkSpace/template/lib\libaudio.a(Sample4B3720.o)
 .text          0x0800e674        0x0 c:/devkitPro/GBAWorkSpace/template/lib\libaudio.a(Sample4B3BC0.o)
 .text          0x0800e674        0x0 c:/devkitPro/GBAWorkSpace/template/lib\libaudio.a(Sample4B42B4.o)
 .text          0x0800e674        0x0 c:/devkitPro/GBAWorkSpace/template/lib\libaudio.a(Sample4B4B44.o)
 .text          0x0800e674        0x0 c:/devkitPro/GBAWorkSpace/template/lib\libaudio.a(Sample4B5370.o)
 .text          0x0800e674        0x0 c:/devkitPro/GBAWorkSpace/template/lib\libaudio.a(Sample4B53BC.o)
 .text          0x0800e674        0x0 c:/devkitPro/GBAWorkSpace/template/lib\libaudio.a(Sample4B5C70.o)
 .text          0x0800e674        0x0 c:/devkitPro/GBAWorkSpace/template/lib\libaudio.a(Sample4B6554.o)
 .text          0x0800e674        0x0 c:/devkitPro/GBAWorkSpace/template/lib\libaudio.a(Sample4B7480.o)
 .text          0x0800e674        0x0 c:/devkitPro/GBAWorkSpace/template/lib\libaudio.a(Sample4B7998.o)
 .text          0x0800e674        0x0 c:/devkitPro/GBAWorkSpace/template/lib\libaudio.a(Sample4B7F60.o)
 .text          0x0800e674        0x0 c:/devkitPro/GBAWorkSpace/template/lib\libaudio.a(Sample4B8E78.o)
 .text          0x0800e674        0x0 c:/devkitPro/GBAWorkSpace/template/lib\libaudio.a(Sample4BA7EC.o)
 .text          0x0800e674        0x0 c:/devkitPro/GBAWorkSpace/template/lib\libaudio.a(Sample4BC8C8.o)
 .text          0x0800e674        0x0 c:/devkitPro/GBAWorkSpace/template/lib\libaudio.a(Sample4C40F8.o)
 .text          0x0800e674        0x0 c:/devkitPro/GBAWorkSpace/template/lib\libaudio.a(Sample4C4AB0.o)
 .text          0x0800e674        0x0 c:/devkitPro/GBAWorkSpace/template/lib\libaudio.a(Sample4C5930.o)
 .text          0x0800e674        0x0 c:/devkitPro/GBAWorkSpace/template/lib\libaudio.a(Sample4C67A4.o)
 .text          0x0800e674        0x0 c:/devkitPro/GBAWorkSpace/template/lib\libaudio.a(Sample4C7FB8.o)
 .text          0x0800e674        0x0 c:/devkitPro/GBAWorkSpace/template/lib\libaudio.a(Sample4C955C.o)
 .text          0x0800e674        0x0 c:/devkitPro/GBAWorkSpace/template/lib\libaudio.a(Sample4CAB40.o)
 .text          0x0800e674        0x0 c:/devkitPro/GBAWorkSpace/template/lib\libaudio.a(Sample4CBC34.o)
 .text          0x0800e674        0x0 c:/devkitPro/GBAWorkSpace/template/lib\libaudio.a(Sample4CCB94.o)
 .text          0x0800e674        0x0 c:/devkitPro/GBAWorkSpace/template/lib\libaudio.a(Sample4CE1F4.o)
 .text          0x0800e674        0x0 c:/devkitPro/GBAWorkSpace/template/lib\libaudio.a(Sample4CF750.o)
 .text          0x0800e674        0x0 c:/devkitPro/GBAWorkSpace/template/lib\libaudio.a(Sample4D02DC.o)
 .text          0x0800e674        0x0 c:/devkitPro/GBAWorkSpace/template/lib\libaudio.a(Sample4D3880.o)
 .text          0x0800e674        0x0 c:/devkitPro/GBAWorkSpace/template/lib\libaudio.a(Sample4D5B9C.o)
 .text          0x0800e674        0x0 c:/devkitPro/GBAWorkSpace/template/lib\libaudio.a(Sample4D9268.o)
 .text          0x0800e674        0x0 c:/devkitPro/GBAWorkSpace/template/lib\libaudio.a(Sample4DA5B8.o)
 .text          0x0800e674        0x0 c:/devkitPro/GBAWorkSpace/template/lib\libaudio.a(Sample4DBAC8.o)
 .text          0x0800e674        0x0 c:/devkitPro/GBAWorkSpace/template/lib\libaudio.a(Sample4DCEE8.o)
 .text          0x0800e674        0x0 c:/devkitPro/GBAWorkSpace/template/lib\libaudio.a(Sample4DDF84.o)
 .text          0x0800e674        0x0 c:/devkitPro/GBAWorkSpace/template/lib\libaudio.a(Sample4DEFE0.o)
 .text          0x0800e674        0x0 c:/devkitPro/GBAWorkSpace/template/lib\libaudio.a(Sample4E5F74.o)
 .text          0x0800e674        0x0 c:/devkitPro/GBAWorkSpace/template/lib\libaudio.a(Sample4EA4F8.o)
 .text          0x0800e674        0x0 c:/devkitPro/GBAWorkSpace/template/lib\libaudio.a(Sample4EAC5C.o)
 .text          0x0800e674        0x0 c:/devkitPro/GBAWorkSpace/template/lib\libaudio.a(Sample4EC8AC.o)
 .text          0x0800e674        0x0 c:/devkitPro/GBAWorkSpace/template/lib\libaudio.a(Sample4EDD7C.o)
 .text          0x0800e674        0x0 c:/devkitPro/GBAWorkSpace/template/lib\libaudio.a(Sample4EE788.o)
 .text          0x0800e674        0x0 c:/devkitPro/GBAWorkSpace/template/lib\libaudio.a(Sample4F039C.o)
 .text          0x0800e674        0x0 c:/devkitPro/GBAWorkSpace/template/lib\libaudio.a(Sample4F1CFC.o)
 .text          0x0800e674        0x0 c:/devkitPro/GBAWorkSpace/template/lib\libaudio.a(Sample4F31C0.o)
 .text          0x0800e674        0x0 c:/devkitPro/GBAWorkSpace/template/lib\libaudio.a(Sample4F38FC.o)
 .text          0x0800e674        0x0 c:/devkitPro/GBAWorkSpace/template/lib\libaudio.a(Sample4F54EC.o)
 .text          0x0800e674        0x0 c:/devkitPro/GBAWorkSpace/template/lib\libaudio.a(Sample4F68A0.o)
 .text          0x0800e674        0x0 c:/devkitPro/GBAWorkSpace/template/lib\libaudio.a(Sample4F8F24.o)
 .text          0x0800e674        0x0 c:/devkitPro/GBAWorkSpace/template/lib\libaudio.a(Sample4FA168.o)
 .text          0x0800e674        0x0 c:/devkitPro/GBAWorkSpace/template/lib\libaudio.a(Sample4FB178.o)
 .text          0x0800e674        0x0 c:/devkitPro/GBAWorkSpace/template/lib\libaudio.a(Sample4FC480.o)
 .text          0x0800e674        0x0 c:/devkitPro/GBAWorkSpace/template/lib\libaudio.a(Sample4FE58C.o)
 .text          0x0800e674        0x0 c:/devkitPro/GBAWorkSpace/template/lib\libaudio.a(Sample500568.o)
 .text          0x0800e674        0x0 c:/devkitPro/GBAWorkSpace/template/lib\libaudio.a(Sample502778.o)
 .text          0x0800e674        0x0 c:/devkitPro/GBAWorkSpace/template/lib\libaudio.a(Sample502F44.o)
 .text          0x0800e674        0x0 c:/devkitPro/GBAWorkSpace/template/lib\libaudio.a(Sample5048B4.o)
 .text          0x0800e674        0x0 c:/devkitPro/GBAWorkSpace/template/lib\libaudio.a(Sample504CC8.o)
 .text          0x0800e674        0x0 c:/devkitPro/GBAWorkSpace/template/lib\libaudio.a(Sample506C78.o)
 .text          0x0800e674        0x0 c:/devkitPro/GBAWorkSpace/template/lib\libaudio.a(Sample509F58.o)
 .text          0x0800e674        0x0 c:/devkitPro/GBAWorkSpace/template/lib\libaudio.a(Sample50A988.o)
 .text          0x0800e674        0x0 c:/devkitPro/GBAWorkSpace/template/lib\libaudio.a(Sample50B3BC.o)
 .text          0x0800e674        0x0 c:/devkitPro/GBAWorkSpace/template/lib\libaudio.a(Sample50CEFC.o)
 .text          0x0800e674        0x0 c:/devkitPro/GBAWorkSpace/template/lib\libaudio.a(Sample50D7C4.o)
 .text          0x0800e674        0x0 c:/devkitPro/GBAWorkSpace/template/lib\libaudio.a(Sample50EB94.o)
 .text          0x0800e674        0x0 c:/devkitPro/GBAWorkSpace/template/lib\libaudio.a(Sample69DEF0.o)
 .text          0x0800e674        0x0 c:/devkitPro/GBAWorkSpace/template/lib\libaudio.a(Sample69FE50.o)
 .text          0x0800e674        0x0 c:/devkitPro/GBAWorkSpace/template/lib\libaudio.a(Sample6A18F0.o)
 .text          0x0800e674        0x0 c:/devkitPro/GBAWorkSpace/template/lib\libaudio.a(Sample6A3860.o)
 .text          0x0800e674        0x0 c:/devkitPro/GBAWorkSpace/template/lib\libaudio.a(Sample6A5098.o)
 .text          0x0800e674        0x0 c:/devkitPro/GBAWorkSpace/template/lib\libaudio.a(Sample6A6468.o)
 .text          0x0800e674        0x0 c:/devkitPro/GBAWorkSpace/template/lib\libaudio.a(Sample6A762C.o)
 .text          0x0800e674        0x0 c:/devkitPro/GBAWorkSpace/template/lib\libaudio.a(Sample6A949C.o)
 .text          0x0800e674        0x0 c:/devkitPro/GBAWorkSpace/template/lib\libaudio.a(Sample6AC48C.o)
 .text          0x0800e674        0x0 c:/devkitPro/GBAWorkSpace/template/lib\libaudio.a(Sample6AF0E0.o)
 .text          0x0800e674        0x0 c:/devkitPro/GBAWorkSpace/template/lib\libaudio.a(Sample6AFB40.o)
 .text          0x0800e674        0x0 c:/devkitPro/GBAWorkSpace/template/lib\libaudio.a(Sample6B21A8.o)
 .text          0x0800e674        0x0 c:/devkitPro/GBAWorkSpace/template/lib\libaudio.a(Sample6B3550.o)
 .text          0x0800e674        0x0 c:/devkitPro/GBAWorkSpace/template/lib\libaudio.a(WaveSample4A31EC.o)
 .text          0x0800e674        0x0 c:/devkitPro/GBAWorkSpace/template/lib\libaudio.a(WaveSample4A31FC.o)
 .text          0x0800e674        0x0 c:/devkitPro/GBAWorkSpace/template/lib\libaudio.a(WaveSample4A320C.o)
 .text          0x0800e674        0x0 c:/devkitPro/GBAWorkSpace/template/lib\libaudio.a(WaveSample4A321C.o)
 .text          0x0800e674        0x0 c:/devkitPro/GBAWorkSpace/template/lib\libaudio.a(WaveSample4A322C.o)
 .text          0x0800e674        0x0 c:/devkitPro/GBAWorkSpace/template/lib\libaudio.a(WaveSample4A323C.o)
 .text          0x0800e674        0x0 c:/devkitPro/GBAWorkSpace/template/lib\libaudio.a(WaveSample4A324C.o)
 .text          0x0800e674        0x0 c:/devkitPro/GBAWorkSpace/template/lib\libaudio.a(WaveSample4A325C.o)
 .text          0x0800e674        0x0 c:/devkitPro/GBAWorkSpace/template/lib\libaudio.a(WaveSample4A326C.o)
 .text          0x0800e674        0x0 c:/devkitPro/GBAWorkSpace/template/lib\libaudio.a(WaveSample4A327C.o)
 .text          0x0800e674        0x0 c:/devkitPro/GBAWorkSpace/template/lib\libaudio.a(WaveSample4A328C.o)
 .text          0x0800e674        0x0 c:/devkitPro/GBAWorkSpace/template/lib\libaudio.a(group_0.o)
 .text          0x0800e674        0x0 c:/devkitPro/GBAWorkSpace/template/lib\libaudio.a(group_1.o)
 .text          0x0800e674        0x0 c:/devkitPro/GBAWorkSpace/template/lib\libaudio.a(group_10.o)
 .text          0x0800e674        0x0 c:/devkitPro/GBAWorkSpace/template/lib\libaudio.a(group_11.o)
 .text          0x0800e674        0x0 c:/devkitPro/GBAWorkSpace/template/lib\libaudio.a(group_12.o)
 .text          0x0800e674        0x0 c:/devkitPro/GBAWorkSpace/template/lib\libaudio.a(group_13.o)
 .text          0x0800e674        0x0 c:/devkitPro/GBAWorkSpace/template/lib\libaudio.a(group_14.o)
 .text          0x0800e674        0x0 c:/devkitPro/GBAWorkSpace/template/lib\libaudio.a(group_15.o)
 .text          0x0800e674        0x0 c:/devkitPro/GBAWorkSpace/template/lib\libaudio.a(group_16.o)
 .text          0x0800e674        0x0 c:/devkitPro/GBAWorkSpace/template/lib\libaudio.a(group_17.o)
 .text          0x0800e674        0x0 c:/devkitPro/GBAWorkSpace/template/lib\libaudio.a(group_18.o)
 .text          0x0800e674        0x0 c:/devkitPro/GBAWorkSpace/template/lib\libaudio.a(group_19.o)
 .text          0x0800e674        0x0 c:/devkitPro/GBAWorkSpace/template/lib\libaudio.a(group_2.o)
 .text          0x0800e674        0x0 c:/devkitPro/GBAWorkSpace/template/lib\libaudio.a(group_20.o)
 .text          0x0800e674        0x0 c:/devkitPro/GBAWorkSpace/template/lib\libaudio.a(group_21.o)
 .text          0x0800e674        0x0 c:/devkitPro/GBAWorkSpace/template/lib\libaudio.a(group_22.o)
 .text          0x0800e674        0x0 c:/devkitPro/GBAWorkSpace/template/lib\libaudio.a(group_23.o)
 .text          0x0800e674        0x0 c:/devkitPro/GBAWorkSpace/template/lib\libaudio.a(group_24.o)
 .text          0x0800e674        0x0 c:/devkitPro/GBAWorkSpace/template/lib\libaudio.a(group_25.o)
 .text          0x0800e674        0x0 c:/devkitPro/GBAWorkSpace/template/lib\libaudio.a(group_26.o)
 .text          0x0800e674        0x0 c:/devkitPro/GBAWorkSpace/template/lib\libaudio.a(group_27.o)
 .text          0x0800e674        0x0 c:/devkitPro/GBAWorkSpace/template/lib\libaudio.a(group_28.o)
 .text          0x0800e674        0x0 c:/devkitPro/GBAWorkSpace/template/lib\libaudio.a(group_29.o)
 .text          0x0800e674        0x0 c:/devkitPro/GBAWorkSpace/template/lib\libaudio.a(group_3.o)
 .text          0x0800e674        0x0 c:/devkitPro/GBAWorkSpace/template/lib\libaudio.a(group_30.o)
 .text          0x0800e674        0x0 c:/devkitPro/GBAWorkSpace/template/lib\libaudio.a(group_31.o)
 .text          0x0800e674        0x0 c:/devkitPro/GBAWorkSpace/template/lib\libaudio.a(group_32.o)
 .text          0x0800e674        0x0 c:/devkitPro/GBAWorkSpace/template/lib\libaudio.a(group_33.o)
 .text          0x0800e674        0x0 c:/devkitPro/GBAWorkSpace/template/lib\libaudio.a(group_34.o)
 .text          0x0800e674        0x0 c:/devkitPro/GBAWorkSpace/template/lib\libaudio.a(group_35.o)
 .text          0x0800e674        0x0 c:/devkitPro/GBAWorkSpace/template/lib\libaudio.a(group_36.o)
 .text          0x0800e674        0x0 c:/devkitPro/GBAWorkSpace/template/lib\libaudio.a(group_37.o)
 .text          0x0800e674        0x0 c:/devkitPro/GBAWorkSpace/template/lib\libaudio.a(group_38.o)
 .text          0x0800e674        0x0 c:/devkitPro/GBAWorkSpace/template/lib\libaudio.a(group_39.o)
 .text          0x0800e674        0x0 c:/devkitPro/GBAWorkSpace/template/lib\libaudio.a(group_4.o)
 .text          0x0800e674        0x0 c:/devkitPro/GBAWorkSpace/template/lib\libaudio.a(group_40.o)
 .text          0x0800e674        0x0 c:/devkitPro/GBAWorkSpace/template/lib\libaudio.a(group_41.o)
 .text          0x0800e674        0x0 c:/devkitPro/GBAWorkSpace/template/lib\libaudio.a(group_42.o)
 .text          0x0800e674        0x0 c:/devkitPro/GBAWorkSpace/template/lib\libaudio.a(group_43.o)
 .text          0x0800e674        0x0 c:/devkitPro/GBAWorkSpace/template/lib\libaudio.a(group_44.o)
 .text          0x0800e674        0x0 c:/devkitPro/GBAWorkSpace/template/lib\libaudio.a(group_45.o)
 .text          0x0800e674        0x0 c:/devkitPro/GBAWorkSpace/template/lib\libaudio.a(group_46.o)
 .text          0x0800e674        0x0 c:/devkitPro/GBAWorkSpace/template/lib\libaudio.a(group_47.o)
 .text          0x0800e674        0x0 c:/devkitPro/GBAWorkSpace/template/lib\libaudio.a(group_48.o)
 .text          0x0800e674        0x0 c:/devkitPro/GBAWorkSpace/template/lib\libaudio.a(group_49.o)
 .text          0x0800e674        0x0 c:/devkitPro/GBAWorkSpace/template/lib\libaudio.a(group_5.o)
 .text          0x0800e674        0x0 c:/devkitPro/GBAWorkSpace/template/lib\libaudio.a(group_50.o)
 .text          0x0800e674        0x0 c:/devkitPro/GBAWorkSpace/template/lib\libaudio.a(group_51.o)
 .text          0x0800e674        0x0 c:/devkitPro/GBAWorkSpace/template/lib\libaudio.a(group_52.o)
 .text          0x0800e674        0x0 c:/devkitPro/GBAWorkSpace/template/lib\libaudio.a(group_53.o)
 .text          0x0800e674        0x0 c:/devkitPro/GBAWorkSpace/template/lib\libaudio.a(group_54.o)
 .text          0x0800e674        0x0 c:/devkitPro/GBAWorkSpace/template/lib\libaudio.a(group_55.o)
 .text          0x0800e674        0x0 c:/devkitPro/GBAWorkSpace/template/lib\libaudio.a(group_56.o)
 .text          0x0800e674        0x0 c:/devkitPro/GBAWorkSpace/template/lib\libaudio.a(group_57.o)
 .text          0x0800e674        0x0 c:/devkitPro/GBAWorkSpace/template/lib\libaudio.a(group_58.o)
 .text          0x0800e674        0x0 c:/devkitPro/GBAWorkSpace/template/lib\libaudio.a(group_59.o)
 .text          0x0800e674        0x0 c:/devkitPro/GBAWorkSpace/template/lib\libaudio.a(group_6.o)
 .text          0x0800e674        0x0 c:/devkitPro/GBAWorkSpace/template/lib\libaudio.a(group_60.o)
 .text          0x0800e674        0x0 c:/devkitPro/GBAWorkSpace/template/lib\libaudio.a(group_61.o)
 .text          0x0800e674        0x0 c:/devkitPro/GBAWorkSpace/template/lib\libaudio.a(group_62.o)
 .text          0x0800e674        0x0 c:/devkitPro/GBAWorkSpace/template/lib\libaudio.a(group_63.o)
 .text          0x0800e674        0x0 c:/devkitPro/GBAWorkSpace/template/lib\libaudio.a(group_64.o)
 .text          0x0800e674        0x0 c:/devkitPro/GBAWorkSpace/template/lib\libaudio.a(group_7.o)
 .text          0x0800e674        0x0 c:/devkitPro/GBAWorkSpace/template/lib\libaudio.a(group_8.o)
 .text          0x0800e674        0x0 c:/devkitPro/GBAWorkSpace/template/lib\libaudio.a(group_9.o)
 .text          0x0800e674        0x0 c:/devkitPro/GBAWorkSpace/template/lib\libaudio.a(SampleLUT4A3054.o)
 .text          0x0800e674        0x0 c:/devkitPro/GBAWorkSpace/template/lib\libaudio.a(SampleLUT4A309C.o)
 .text          0x0800e674        0x0 c:/devkitPro/GBAWorkSpace/template/lib\libaudio.a(SampleLUT4A30E4.o)
 .text          0x0800e674        0x0 c:/devkitPro/GBAWorkSpace/template/lib\libaudio.a(SampleLUT4A3138.o)
 .text          0x0800e674        0x0 c:/devkitPro/GBAWorkSpace/template/lib\libaudio.a(SampleLUT4A3180.o)
 .text          0x0800e674        0x0 c:/devkitPro/GBAWorkSpace/template/lib\libaudio.a(SampleTable489F74.o)
 .text          0x0800e674        0x0 c:/devkitPro/GBAWorkSpace/template/lib\libaudio.a(SampleTable48A0D0.o)
 .text          0x0800e674        0x0 c:/devkitPro/GBAWorkSpace/template/lib\libaudio.a(SampleTable48A508.o)
 .text          0x0800e674        0x0 c:/devkitPro/GBAWorkSpace/template/lib\libaudio.a(SampleTable48A538.o)
 .text          0x0800e674        0x0 c:/devkitPro/GBAWorkSpace/template/lib\libaudio.a(SampleTable48A55C.o)
 .text          0x0800e674        0x0 c:/devkitPro/GBAWorkSpace/template/lib\libaudio.a(SampleTable48AB80.o)
 .text          0x0800e674        0x0 c:/devkitPro/GBAWorkSpace/template/lib\libaudio.a(SampleTable48AB98.o)
 .text          0x0800e674        0x0 c:/devkitPro/GBAWorkSpace/template/lib\libaudio.a(SampleTable49EAF4.o)
 .text          0x0800e674        0x0 c:/devkitPro/GBAWorkSpace/template/lib\libaudio.a(SampleTable49ED34.o)
 .text          0x0800e674        0x0 c:/devkitPro/GBAWorkSpace/template/lib\libaudio.a(SampleTable4A2C58.o)
 .text          0x0800e674        0x0 c:/devkitPro/GBAWorkSpace/template/lib\libtiles.a(pokefont_b4.o)
 .text          0x0800e674      0x11c c:/devkitpro/devkitarm/bin/../lib/gcc/arm-none-eabi/4.7.1/thumb\libgcc.a(_udivsi3.o)
                0x0800e674                __udivsi3
                0x0800e674                __aeabi_uidiv
                0x0800e770                __aeabi_uidivmod
 .text          0x0800e790      0x150 c:/devkitpro/devkitarm/bin/../lib/gcc/arm-none-eabi/4.7.1/thumb\libgcc.a(_divsi3.o)
                0x0800e790                __divsi3
                0x0800e790                __aeabi_idiv
                0x0800e8c0                __aeabi_idivmod
 .text          0x0800e8e0        0x4 c:/devkitpro/devkitarm/bin/../lib/gcc/arm-none-eabi/4.7.1/thumb\libgcc.a(_dvmd_tls.o)
                0x0800e8e0                __aeabi_idiv0
                0x0800e8e0                __aeabi_ldiv0
 .text          0x0800e8e4       0x10 c:/devkitpro/devkitarm/bin/../lib/gcc/arm-none-eabi/4.7.1/../../../../arm-none-eabi/lib/thumb\libc.a(lib_a-ctype_.o)
                0x0800e8e4                __set_ctype
 .text          0x0800e8f4        0x0 c:/devkitpro/devkitarm/bin/../lib/gcc/arm-none-eabi/4.7.1/../../../../arm-none-eabi/lib/thumb\libc.a(lib_a-impure.o)
 .text          0x0800e8f4       0x54 c:/devkitpro/devkitarm/bin/../lib/gcc/arm-none-eabi/4.7.1/../../../../arm-none-eabi/lib/thumb\libc.a(lib_a-init.o)
                0x0800e8f4                __libc_init_array
 .text          0x0800e948       0x40 c:/devkitpro/devkitarm/bin/../lib/gcc/arm-none-eabi/4.7.1/../../../../arm-none-eabi/lib/thumb\libc.a(lib_a-iprintf.o)
                0x0800e948                iprintf
                0x0800e96c                _iprintf_r
 .text          0x0800e988       0x90 c:/devkitpro/devkitarm/bin/../lib/gcc/arm-none-eabi/4.7.1/../../../../arm-none-eabi/lib/thumb\libc.a(lib_a-memcpy-stub.o)
                0x0800e988                memcpy
 .text          0x0800ea18       0x98 c:/devkitpro/devkitarm/bin/../lib/gcc/arm-none-eabi/4.7.1/../../../../arm-none-eabi/lib/thumb\libc.a(lib_a-memset.o)
                0x0800ea18                memset
 .text          0x0800eab0      0x120 c:/devkitpro/devkitarm/bin/../lib/gcc/arm-none-eabi/4.7.1/../../../../arm-none-eabi/lib/thumb\libc.a(lib_a-setvbuf.o)
                0x0800eab0                setvbuf
 .text          0x0800ebd0       0xa0 c:/devkitpro/devkitarm/bin/../lib/gcc/arm-none-eabi/4.7.1/../../../../arm-none-eabi/lib/thumb\libc.a(lib_a-siscanf.o)
                0x0800ebd0                siscanf
                0x0800ec20                _siscanf_r
 .text          0x0800ec70       0xac c:/devkitpro/devkitarm/bin/../lib/gcc/arm-none-eabi/4.7.1/../../../../arm-none-eabi/lib/thumb\libc.a(lib_a-stdio.o)
                0x0800ec70                __sread
                0x0800ec9c                __seofread
                0x0800eca0                __swrite
                0x0800ecdc                __sseek
                0x0800ed0c                __sclose
 .text          0x0800ed1c       0x10 c:/devkitpro/devkitarm/bin/../lib/gcc/arm-none-eabi/4.7.1/../../../../arm-none-eabi/lib/thumb\libc.a(lib_a-strlen.o)
                0x0800ed1c                strlen
 .text          0x0800ed2c       0x60 c:/devkitpro/devkitarm/bin/../lib/gcc/arm-none-eabi/4.7.1/../../../../arm-none-eabi/lib/thumb\libc.a(lib_a-strncpy.o)
                0x0800ed2c                strncpy
 .text          0x0800ed8c      0x190 c:/devkitpro/devkitarm/bin/../lib/gcc/arm-none-eabi/4.7.1/../../../../arm-none-eabi/lib/thumb\libc.a(lib_a-strtol.o)
                0x0800ed8c                _strtol_r
                0x0800eefc                strtol
 .text          0x0800ef1c      0xa98 c:/devkitpro/devkitarm/bin/../lib/gcc/arm-none-eabi/4.7.1/../../../../arm-none-eabi/lib/thumb\libc.a(lib_a-svfiscanf.o)
                0x0800ef1c                _sungetc_r
                0x0800efa4                __ssrefill_r
                0x0800efe8                _sfread_r
                0x0800f074                __ssvfiscanf_r
 .text          0x0800f9b4      0x188 c:/devkitpro/devkitarm/bin/../lib/gcc/arm-none-eabi/4.7.1/../../../../arm-none-eabi/lib/thumb\libc.a(lib_a-ungetc.o)
                0x0800f9b4                __submore
                0x0800fa3c                _ungetc_r
                0x0800fb20                ungetc
 .text          0x0800fb3c      0xed4 c:/devkitpro/devkitarm/bin/../lib/gcc/arm-none-eabi/4.7.1/../../../../arm-none-eabi/lib/thumb\libc.a(lib_a-vfiprintf.o)
                0x0800fb3c                __sprint_r
                0x0800fbc0                _vfiprintf_r
                0x080109ec                vfiprintf
 .text          0x08010a10       0xe8 c:/devkitpro/devkitarm/bin/../lib/gcc/arm-none-eabi/4.7.1/../../../../arm-none-eabi/lib/thumb\libc.a(lib_a-wcrtomb.o)
                0x08010a10                _wcrtomb_r
                0x08010a78                wcrtomb
 .text          0x08010af8       0x40 c:/devkitpro/devkitarm/bin/../lib/gcc/arm-none-eabi/4.7.1/../../../../arm-none-eabi/lib/thumb\libc.a(lib_a-wcsrtombs.o)
                0x08010af8                _wcsrtombs_r
                0x08010b10                wcsrtombs
 .text          0x08010b38      0x2a4 c:/devkitpro/devkitarm/bin/../lib/gcc/arm-none-eabi/4.7.1/../../../../arm-none-eabi/lib/thumb\libc.a(lib_a-wctomb_r.o)
                0x08010b38                __utf8_wctomb
                0x08010bec                _wctomb_r
                0x08010c24                __ascii_wctomb
                0x08010c44                __sjis_wctomb
                0x08010cc0                __eucjp_wctomb
                0x08010d5c                __jis_wctomb
 .text          0x08010ddc       0xd0 c:/devkitpro/devkitarm/bin/../lib/gcc/arm-none-eabi/4.7.1/../../../../arm-none-eabi/lib/thumb\libc.a(lib_a-wsetup.o)
                0x08010ddc                __swsetup_r
 .text          0x08010eac      0x1b8 c:/devkitpro/devkitarm/bin/../lib/gcc/arm-none-eabi/4.7.1/../../../../arm-none-eabi/lib/thumb\libc.a(lib_a-fflush.o)
                0x08010eac                __sflush_r
                0x08011004                _fflush_r
                0x08011034                fflush
 .text          0x08011064      0x1d8 c:/devkitpro/devkitarm/bin/../lib/gcc/arm-none-eabi/4.7.1/../../../../arm-none-eabi/lib/thumb\libc.a(lib_a-findfp.o)
                0x0801106c                _cleanup_r
                0x080110cc                __sfmoreglue
                0x080110fc                _cleanup
                0x08011110                __sinit
                0x08011164                __sfp
                0x080111f4                __sfp_lock_acquire
                0x080111f8                __sfp_lock_release
                0x080111fc                __sinit_lock_acquire
                0x08011200                __sinit_lock_release
                0x08011204                __fp_lock_all
                0x08011220                __fp_unlock_all
 .text          0x0801123c      0x104 c:/devkitpro/devkitarm/bin/../lib/gcc/arm-none-eabi/4.7.1/../../../../arm-none-eabi/lib/thumb\libc.a(lib_a-fputwc.o)
                0x0801123c                _fputwc_r
                0x08011314                fputwc
 .text          0x08011340      0x238 c:/devkitpro/devkitarm/bin/../lib/gcc/arm-none-eabi/4.7.1/../../../../arm-none-eabi/lib/thumb\libc.a(lib_a-freer.o)
                0x08011340                _malloc_trim_r
                0x080113e4                _free_r
 .text          0x08011578      0x2fc c:/devkitpro/devkitarm/bin/../lib/gcc/arm-none-eabi/4.7.1/../../../../arm-none-eabi/lib/thumb\libc.a(lib_a-fvwrite.o)
                0x08011578                __sfvwrite_r
 .text          0x08011874       0xb4 c:/devkitpro/devkitarm/bin/../lib/gcc/arm-none-eabi/4.7.1/../../../../arm-none-eabi/lib/thumb\libc.a(lib_a-fwalk.o)
                0x08011874                _fwalk
                0x080118c8                _fwalk_reent
 .text          0x08011928       0x78 c:/devkitpro/devkitarm/bin/../lib/gcc/arm-none-eabi/4.7.1/../../../../arm-none-eabi/lib/thumb\libc.a(lib_a-iswspace.o)
                0x08011928                iswspace
 .text          0x080119a0      0x1f0 c:/devkitpro/devkitarm/bin/../lib/gcc/arm-none-eabi/4.7.1/../../../../arm-none-eabi/lib/thumb\libc.a(lib_a-jp2uc.o)
                0x08011b2c                _jp2uc
 .text          0x08011b90      0x950 c:/devkitpro/devkitarm/bin/../lib/gcc/arm-none-eabi/4.7.1/../../../../arm-none-eabi/lib/thumb\libc.a(lib_a-locale.o)
                0x08012284                _setlocale_r
                0x08012480                __locale_charset
                0x08012488                __locale_mb_cur_max
                0x08012494                __locale_msgcharset
                0x080124a0                __locale_cjk_lang
                0x080124ac                _localeconv_r
                0x080124b8                setlocale
                0x080124d4                localeconv
 .text          0x080124e0       0xe0 c:/devkitpro/devkitarm/bin/../lib/gcc/arm-none-eabi/4.7.1/../../../../arm-none-eabi/lib/thumb\libc.a(lib_a-makebuf.o)
                0x080124e0                __smakebuf_r
 .text          0x080125c0       0x30 c:/devkitpro/devkitarm/bin/../lib/gcc/arm-none-eabi/4.7.1/../../../../arm-none-eabi/lib/thumb\libc.a(lib_a-malloc.o)
                0x080125c0                malloc
                0x080125d8                free
 .text          0x080125f0      0x51c c:/devkitpro/devkitarm/bin/../lib/gcc/arm-none-eabi/4.7.1/../../../../arm-none-eabi/lib/thumb\libc.a(lib_a-mallocr.o)
                0x080125f0                _malloc_r
 .text          0x08012b0c      0x104 c:/devkitpro/devkitarm/bin/../lib/gcc/arm-none-eabi/4.7.1/../../../../arm-none-eabi/lib/thumb\libc.a(lib_a-mbrtowc.o)
                0x08012b0c                _mbrtowc_r
                0x08012b84                mbrtowc
 .text          0x08012c10      0x584 c:/devkitpro/devkitarm/bin/../lib/gcc/arm-none-eabi/4.7.1/../../../../arm-none-eabi/lib/thumb\libc.a(lib_a-mbtowc_r.o)
                0x08012c10                __utf8_mbtowc
                0x08012e70                _mbtowc_r
                0x08012eac                __ascii_mbtowc
                0x08012edc                __sjis_mbtowc
                0x08012f9c                __eucjp_mbtowc
                0x08013064                __jis_mbtowc
 .text          0x08013194       0x98 c:/devkitpro/devkitarm/bin/../lib/gcc/arm-none-eabi/4.7.1/../../../../arm-none-eabi/lib/thumb\libc.a(lib_a-memchr-stub.o)
                0x08013194                memchr
 .text          0x0801322c       0xb0 c:/devkitpro/devkitarm/bin/../lib/gcc/arm-none-eabi/4.7.1/../../../../arm-none-eabi/lib/thumb\libc.a(lib_a-memmove.o)
                0x0801322c                memmove
 .text          0x080132dc        0x8 c:/devkitpro/devkitarm/bin/../lib/gcc/arm-none-eabi/4.7.1/../../../../arm-none-eabi/lib/thumb\libc.a(lib_a-mlock.o)
                0x080132dc                __malloc_lock
                0x080132e0                __malloc_unlock
 .text          0x080132e4      0x3e8 c:/devkitpro/devkitarm/bin/../lib/gcc/arm-none-eabi/4.7.1/../../../../arm-none-eabi/lib/thumb\libc.a(lib_a-reallocr.o)
                0x080132e4                _realloc_r
 .text          0x080136cc       0x7c c:/devkitpro/devkitarm/bin/../lib/gcc/arm-none-eabi/4.7.1/../../../../arm-none-eabi/lib/thumb\libc.a(lib_a-sccl.o)
                0x080136cc                __sccl
 .text          0x08013748       0x50 c:/devkitpro/devkitarm/bin/../lib/gcc/arm-none-eabi/4.7.1/../../../../arm-none-eabi/lib/thumb\libc.a(lib_a-strcasecmp.o)
                0x08013748                strcasecmp
 .text          0x08013798       0x50 c:/devkitpro/devkitarm/bin/../lib/gcc/arm-none-eabi/4.7.1/../../../../arm-none-eabi/lib/thumb\libc.a(lib_a-strcat.o)
                0x08013798                strcat
 .text          0x080137e8       0xd4 c:/devkitpro/devkitarm/bin/../lib/gcc/arm-none-eabi/4.7.1/../../../../arm-none-eabi/lib/thumb\libc.a(lib_a-strchr.o)
                0x080137e8                strchr
 .text          0x080138bc       0x14 c:/devkitpro/devkitarm/bin/../lib/gcc/arm-none-eabi/4.7.1/../../../../arm-none-eabi/lib/thumb\libc.a(lib_a-strcmp.o)
                0x080138bc                strcmp
 .text          0x080138d0       0x10 c:/devkitpro/devkitarm/bin/../lib/gcc/arm-none-eabi/4.7.1/../../../../arm-none-eabi/lib/thumb\libc.a(lib_a-strcpy.o)
                0x080138d0                strcpy
 .text          0x080138e0       0x48 c:/devkitpro/devkitarm/bin/../lib/gcc/arm-none-eabi/4.7.1/../../../../arm-none-eabi/lib/thumb\libc.a(lib_a-strlcpy.o)
                0x080138e0                strlcpy
 .text          0x08013928       0x60 c:/devkitpro/devkitarm/bin/../lib/gcc/arm-none-eabi/4.7.1/../../../../arm-none-eabi/lib/thumb\libc.a(lib_a-strncasecmp.o)
                0x08013928                strncasecmp
 .text          0x08013988       0xbc c:/devkitpro/devkitarm/bin/../lib/gcc/arm-none-eabi/4.7.1/../../../../arm-none-eabi/lib/thumb\libc.a(lib_a-strncmp.o)
                0x08013988                strncmp
 *fill*         0x08013a44        0x4 ff
 .text          0x08013a48      0x208 c:/devkitpro/devkitarm/bin/../lib/gcc/arm-none-eabi/4.7.1/../../../../arm-none-eabi/lib/thumb\libc.a(lib_a-strtoll_r.o)
                0x08013a48                _strtoll_r
 .text          0x08013c50      0x238 c:/devkitpro/devkitarm/bin/../lib/gcc/arm-none-eabi/4.7.1/../../../../arm-none-eabi/lib/thumb\libc.a(lib_a-strtoull_r.o)
                0x08013c50                _strtoull_r
 .text          0x08013e88      0x198 c:/devkitpro/devkitarm/bin/../lib/gcc/arm-none-eabi/4.7.1/../../../../arm-none-eabi/lib/thumb\libc.a(lib_a-strtoul.o)
                0x08013e88                _strtoul_r
                0x08014000                strtoul
 .text          0x08014020       0xd0 c:/devkitpro/devkitarm/bin/../lib/gcc/arm-none-eabi/4.7.1/../../../../arm-none-eabi/lib/thumb\libc.a(lib_a-wbuf.o)
                0x08014020                __swbuf_r
                0x080140d4                __swbuf
 .text          0x080140f0      0x150 c:/devkitpro/devkitarm/bin/../lib/gcc/arm-none-eabi/4.7.1/../../../../arm-none-eabi/lib/thumb\libc.a(lib_a-wcsnrtombs.o)
                0x080140f0                _wcsnrtombs_r
                0x08014210                wcsnrtombs
 .text          0x08014240       0xb0 c:/devkitpro/devkitarm/bin/../lib/gcc/arm-none-eabi/4.7.1/../../../../arm-none-eabi/lib/thumb\libc.a(lib_a-fclose.o)
                0x08014240                _fclose_r
                0x080142d4                fclose
 .text          0x080142f0       0xa8 c:/devkitpro/devkitarm/bin/../lib/gcc/arm-none-eabi/4.7.1/../../../../arm-none-eabi/lib/thumb\libc.a(lib_a-getenv_r.o)
                0x080142f0                _findenv_r
                0x08014388                _getenv_r
 .text          0x08014398        0x0 c:/devkitpro/devkitarm/bin/../lib/gcc/arm-none-eabi/4.7.1/../../../../arm-none-eabi/lib/thumb\libc.a(lib_a-environ.o)
 .text          0x08014398        0x8 c:/devkitpro/devkitarm/bin/../lib/gcc/arm-none-eabi/4.7.1/../../../../arm-none-eabi/lib/thumb\libc.a(lib_a-envlock.o)
                0x08014398                __env_lock
                0x0801439c                __env_unlock
 .text          0x080143a0      0x144 c:/devkitpro/devkitarm/bin/../lib/gcc/arm-none-eabi/4.7.1/../../../../arm-none-eabi/lib/thumb\libsysbase.a(iosupport.o)
                0x080143a0                setDefaultDevice
                0x080143b4                FindDevice
                0x08014424                RemoveDevice
                0x08014448                AddDevice
                0x080144c4                GetDeviceOpTab
 .text          0x080144e4       0x50 c:/devkitpro/devkitarm/bin/../lib/gcc/arm-none-eabi/4.7.1/../../../../arm-none-eabi/lib/thumb\libsysbase.a(close.o)
                0x080144e4                _close_r
 .text          0x08014534       0x50 c:/devkitpro/devkitarm/bin/../lib/gcc/arm-none-eabi/4.7.1/../../../../arm-none-eabi/lib/thumb\libsysbase.a(fstat.o)
                0x08014534                _fstat_r
 .text          0x08014584        0x4 c:/devkitpro/devkitarm/bin/../lib/gcc/arm-none-eabi/4.7.1/../../../../arm-none-eabi/lib/thumb\libsysbase.a(isatty.o)
                0x08014584                _isatty_r
 .text          0x08014588       0x50 c:/devkitpro/devkitarm/bin/../lib/gcc/arm-none-eabi/4.7.1/../../../../arm-none-eabi/lib/thumb\libsysbase.a(lseek.o)
                0x08014588                _lseek_r
 .text          0x080145d8       0x50 c:/devkitpro/devkitarm/bin/../lib/gcc/arm-none-eabi/4.7.1/../../../../arm-none-eabi/lib/thumb\libsysbase.a(read.o)
                0x080145d8                _read_r
 .text          0x08014628       0x54 c:/devkitpro/devkitarm/bin/../lib/gcc/arm-none-eabi/4.7.1/../../../../arm-none-eabi/lib/thumb\libsysbase.a(sbrk.o)
                0x08014628                _sbrk_r
 .text          0x0801467c       0x58 c:/devkitpro/devkitarm/bin/../lib/gcc/arm-none-eabi/4.7.1/../../../../arm-none-eabi/lib/thumb\libsysbase.a(write.o)
                0x0801467c                _write_r
 .text          0x080146d4        0x0 c:/devkitpro/devkitarm/bin/../lib/gcc/arm-none-eabi/4.7.1/../../../../arm-none-eabi/lib/thumb\libsysbase.a(malloc_vars.o)
 .text          0x080146d4       0x84 c:/devkitpro/devkitarm/bin/../lib/gcc/arm-none-eabi/4.7.1/../../../../arm-none-eabi/lib/thumb\libsysbase.a(handle_manager.o)
                0x080146d4                __release_handle
                0x08014700                __alloc_handle
                0x08014738                __get_handle
 .text          0x08014758       0x3c c:/devkitpro/devkitarm/bin/../lib/gcc/arm-none-eabi/4.7.1/thumb\libgcc.a(_aeabi_uldivmod.o)
                0x08014758                __aeabi_uldivmod
 .text          0x08014794       0x4c c:/devkitpro/devkitarm/bin/../lib/gcc/arm-none-eabi/4.7.1/thumb\libgcc.a(_muldi3.o)
                0x08014794                __muldi3
                0x08014794                __aeabi_lmul
 .text          0x080147e0       0x7c c:/devkitpro/devkitarm/bin/../lib/gcc/arm-none-eabi/4.7.1/thumb\libgcc.a(bpabi.o)
                0x080147e0                __gnu_ldivmod_helper
                0x08014820                __gnu_uldivmod_helper
 .text          0x0801485c      0x3d4 c:/devkitpro/devkitarm/bin/../lib/gcc/arm-none-eabi/4.7.1/thumb\libgcc.a(_divdi3.o)
                0x0801485c                __divdi3
 .text          0x08014c30      0x3a0 c:/devkitpro/devkitarm/bin/../lib/gcc/arm-none-eabi/4.7.1/thumb\libgcc.a(_udivdi3.o)
                0x08014c30                __udivdi3
 .text          0x08014fd0       0x48 c:/devkitpro/devkitarm/bin/../lib/gcc/arm-none-eabi/4.7.1/thumb\libgcc.a(_clzsi2.o)
                0x08014fd0                __clzsi2
 .text          0x08015018        0x0 c:/devkitpro/devkitarm/bin/../lib/gcc/arm-none-eabi/4.7.1/thumb/crtend.o
 .text          0x08015018        0x0 c:/devkitpro/devkitarm/bin/../lib/gcc/arm-none-eabi/4.7.1/thumb/crtn.o
 *(.text .stub .text.* .gnu.linkonce.t.*)
 .text.startup  0x08015018      0x200 main.o
                0x08015018                main
 .text.startup.stub
                0x08015218       0x64 linker stubs
 *(.text.*personality*)
 *(.gnu.warning)
 *(.glue_7t)
 .glue_7t       0x00000000        0x0 linker stubs
 *(.glue_7)
 .glue_7        0x00000000        0x0 linker stubs
 *(.vfp11_veneer)
 .vfp11_veneer  0x00000000        0x0 linker stubs
                0x0801527c                . = ALIGN (0x4)
                0x0801527c                __text_end = .

.v4_bx          0x08015290        0x0
 .v4_bx         0x00000000        0x0 linker stubs

.iplt           0x08015290        0x0
 .iplt          0x00000000        0x0 c:/devkitpro/devkitarm/bin/../lib/gcc/arm-none-eabi/4.7.1/../../../../arm-none-eabi/lib/thumb/gba_crt0.o

.fini           0x08015290        0xc
 *(.fini)
 .fini          0x08015290        0x4 c:/devkitpro/devkitarm/bin/../lib/gcc/arm-none-eabi/4.7.1/thumb/crti.o
                0x08015290                _fini
 .fini          0x08015294        0x8 c:/devkitpro/devkitarm/bin/../lib/gcc/arm-none-eabi/4.7.1/thumb/crtn.o
                0x0801529c                . = ALIGN (0x4)

.rodata         0x080152a0   0x1ad9d0
 *(.rodata)
 .rodata        0x080152a0      0x490 M4SongTable.o
                0x080152a0                song_table
 .rodata        0x08015730    0x3805c Maps.o
                0x08015730                mapHeader3_19
                0x08015750                mapFooter3_19
                0x0801576c                mapHeader3_0
                0x0801578c                mapFooter3_0
                0x080157a8                tileset1
                0x0802abb4                tileset0
                0x0803ffc0                connections3_19
                0x0803ffc8                connectionData3_19
                0x0803ffd4                connections3_0
                0x0803ffdc                connectionData3_0
                0x0803fff4                map3_0BorderData
                0x0803fffc                map3_19
                0x0804077c                map3_0
                0x08040b3c                Tileset1BlockInformation
                0x08040f3c                Tileset1MapBlock
                0x08041f3c                Tileset1Pal
                0x0804273c                Tileset1Tiles
                0x0804300c                Tileset0AnimStruct
                0x08043014                data
                0x08043038                animSet2
                0x080432b8                animSet1
                0x080462b8                animSet0
                0x080474b8                Tileset0BlockInformation
                0x08047eb8                Tileset0MapBlock
                0x0804a6b8                Tileset0Pal
                0x0804aeb8                Tileset0Tiles
 .rodata        0x0804d78c      0x278 MusicData.o
                0x0804d78c                noiseData412
                0x0804d794                noiseData410
                0x0804d79c                noiseData49
                0x0804d7a4                noiseData48
                0x0804d7ac                noiseData47
                0x0804d7b4                noiseData45
                0x0804d7b8                noiseData312
                0x0804d7bc                noiseData311
                0x0804d7c4                noiseData39
                0x0804d7cc                noiseData38
                0x0804d7d4                noiseData37
                0x0804d7d8                noiseData36
                0x0804d7dc                noiseData35
                0x0804d7e0                noiseData34
                0x0804d7e8                noiseData33
                0x0804d7ec                noiseData32
                0x0804d7f0                noiseData31
                0x0804d7f4                noiseData30
                0x0804d7f8                noiseData112
                0x0804d7fc                noiseData111
                0x0804d800                noiseData110
                0x0804d804                noiseData19
                0x0804d80c                noiseData18
                0x0804d814                noiseData17
                0x0804d818                noiseData16
                0x0804d81c                noiseData012
                0x0804d820                noiseData011
                0x0804d824                noiseData010
                0x0804d828                noiseData09
                0x0804d82c                noiseData08
                0x0804d830                noiseData07
                0x0804d838                noiseData06
                0x0804d83c                noiseData05
                0x0804d850                noiseData04
                0x0804d854                noiseData03
                0x0804d858                noiseData02
                0x0804d85c                noiseData01
                0x0804d860                noiseData00
                0x0804d864                patterns
                0x0804d954                freq
                0x0804d9ec                CGBFreq
 .rodata        0x0804da04    0x97dc8 OverworldSprites.o
                0x0804da04                palette21
                0x0804da84                palette20
                0x0804db04                palette19
                0x0804db84                palette17
                0x0804dc04                palette16
                0x0804dc84                palette12
                0x0804dd04                palette11
                0x0804dd84                palette10
                0x0804de04                palette9
                0x0804de84                palette8
                0x0804df04                palette7
                0x0804df84                palette6
                0x0804e004                palette5
                0x0804e084                palette4
                0x0804e104                palette3
                0x0804e184                palette2
                0x0804e204                palette1
                0x0804e284                palette0
                0x0804e304                spriteTable
                0x0804e7cc                sprite152frame7
                0x0804f7cc                sprite152frame6
                0x080507cc                sprite152frame5
                0x080517cc                sprite152frame4
                0x080527cc                sprite152frame3
                0x080537cc                sprite152frame2
                0x080547cc                sprite152frame1
                0x080557cc                sprite152frame0
                0x080567cc                sprite151frame7
                0x080569cc                sprite151frame6
                0x08056bcc                sprite151frame5
                0x08056dcc                sprite151frame4
                0x08056fcc                sprite151frame3
                0x080571cc                sprite151frame2
                0x080573cc                sprite151frame1
                0x080575cc                sprite151frame0
                0x080577cc                sprite150frame7
                0x080578cc                sprite150frame6
                0x080579cc                sprite150frame5
                0x08057acc                sprite150frame4
                0x08057bcc                sprite150frame3
                0x08057ccc                sprite150frame2
                0x08057dcc                sprite150frame1
                0x08057ecc                sprite150frame0
                0x08057fcc                sprite149frame7
                0x080580cc                sprite149frame6
                0x080581cc                sprite149frame5
                0x080582cc                sprite149frame4
                0x080583cc                sprite149frame3
                0x080584cc                sprite149frame2
                0x080585cc                sprite149frame1
                0x080586cc                sprite149frame0
                0x080587cc                sprite148frame7
                0x080588cc                sprite148frame6
                0x080589cc                sprite148frame5
                0x08058acc                sprite148frame4
                0x08058bcc                sprite148frame3
                0x08058ccc                sprite148frame2
                0x08058dcc                sprite148frame1
                0x08058ecc                sprite148frame0
                0x08058fcc                sprite147frame7
                0x080590cc                sprite147frame6
                0x080591cc                sprite147frame5
                0x080592cc                sprite147frame4
                0x080593cc                sprite147frame3
                0x080594cc                sprite147frame2
                0x080595cc                sprite147frame1
                0x080596cc                sprite147frame0
                0x080597cc                sprite146frame7
                0x080598cc                sprite146frame6
                0x080599cc                sprite146frame5
                0x08059acc                sprite146frame4
                0x08059bcc                sprite146frame3
                0x08059ccc                sprite146frame2
                0x08059dcc                sprite146frame1
                0x08059ecc                sprite146frame0
                0x08059fcc                sprite145frame7
                0x0805a0cc                sprite145frame6
                0x0805a1cc                sprite145frame5
                0x0805a2cc                sprite145frame4
                0x0805a3cc                sprite145frame3
                0x0805a4cc                sprite145frame2
                0x0805a5cc                sprite145frame1
                0x0805a6cc                sprite145frame0
                0x0805a7cc                sprite144frame7
                0x0805a8cc                sprite144frame6
                0x0805a9cc                sprite144frame5
                0x0805aacc                sprite144frame4
                0x0805abcc                sprite144frame3
                0x0805accc                sprite144frame2
                0x0805adcc                sprite144frame1
                0x0805aecc                sprite144frame0
                0x0805afcc                sprite143frame7
                0x0805b0cc                sprite143frame6
                0x0805b1cc                sprite143frame5
                0x0805b2cc                sprite143frame4
                0x0805b3cc                sprite143frame3
                0x0805b4cc                sprite143frame2
                0x0805b5cc                sprite143frame1
                0x0805b6cc                sprite143frame0
                0x0805b7cc                sprite142frame7
                0x0805b8cc                sprite142frame6
                0x0805b9cc                sprite142frame5
                0x0805bacc                sprite142frame4
                0x0805bbcc                sprite142frame3
                0x0805bccc                sprite142frame2
                0x0805bdcc                sprite142frame1
                0x0805becc                sprite142frame0
                0x0805bfcc                sprite141frame7
                0x0805c0cc                sprite141frame6
                0x0805c1cc                sprite141frame5
                0x0805c2cc                sprite141frame4
                0x0805c3cc                sprite141frame3
                0x0805c4cc                sprite141frame2
                0x0805c5cc                sprite141frame1
                0x0805c6cc                sprite141frame0
                0x0805c7cc                sprite140frame7
                0x0805c8cc                sprite140frame6
                0x0805c9cc                sprite140frame5
                0x0805cacc                sprite140frame4
                0x0805cbcc                sprite140frame3
                0x0805cccc                sprite140frame2
                0x0805cdcc                sprite140frame1
                0x0805cecc                sprite140frame0
                0x0805cfcc                sprite139frame7
                0x0805d3cc                sprite139frame6
                0x0805d7cc                sprite139frame5
                0x0805dbcc                sprite139frame4
                0x0805dfcc                sprite139frame3
                0x0805e3cc                sprite139frame2
                0x0805e7cc                sprite139frame1
                0x0805ebcc                sprite139frame0
                0x0805efcc                sprite138frame7
                0x0805f3cc                sprite138frame6
                0x0805f7cc                sprite138frame5
                0x0805fbcc                sprite138frame4
                0x0805ffcc                sprite138frame3
                0x080603cc                sprite138frame2
                0x080607cc                sprite138frame1
                0x08060bcc                sprite138frame0
                0x08060fcc                sprite137frame7